Archive member included to satisfy reference by file (symbol)

e:/programs_installer/stm32cubeide_1.7.0/stm32cubeide/plugins/com.st.stm32cube.ide.mcu.externaltools.gnu-tools-for-stm32.9-2020-q2-update.win32_2.0.0.202105311346/tools/bin/../lib/gcc/arm-none-eabi/9.3.1/../../../../arm-none-eabi/lib/thumb/v7-m/nofp\libc_nano.a(lib_a-errno.o)
                              ./Core/Src/syscalls.o (__errno)
e:/programs_installer/stm32cubeide_1.7.0/stm32cubeide/plugins/com.st.stm32cube.ide.mcu.externaltools.gnu-tools-for-stm32.9-2020-q2-update.win32_2.0.0.202105311346/tools/bin/../lib/gcc/arm-none-eabi/9.3.1/../../../../arm-none-eabi/lib/thumb/v7-m/nofp\libc_nano.a(lib_a-exit.o)
                              e:/programs_installer/stm32cubeide_1.7.0/stm32cubeide/plugins/com.st.stm32cube.ide.mcu.externaltools.gnu-tools-for-stm32.9-2020-q2-update.win32_2.0.0.202105311346/tools/bin/../lib/gcc/arm-none-eabi/9.3.1/../../../../arm-none-eabi/lib/thumb/v7-m/nofp/crt0.o (exit)
e:/programs_installer/stm32cubeide_1.7.0/stm32cubeide/plugins/com.st.stm32cube.ide.mcu.externaltools.gnu-tools-for-stm32.9-2020-q2-update.win32_2.0.0.202105311346/tools/bin/../lib/gcc/arm-none-eabi/9.3.1/../../../../arm-none-eabi/lib/thumb/v7-m/nofp\libc_nano.a(lib_a-impure.o)
                              e:/programs_installer/stm32cubeide_1.7.0/stm32cubeide/plugins/com.st.stm32cube.ide.mcu.externaltools.gnu-tools-for-stm32.9-2020-q2-update.win32_2.0.0.202105311346/tools/bin/../lib/gcc/arm-none-eabi/9.3.1/../../../../arm-none-eabi/lib/thumb/v7-m/nofp\libc_nano.a(lib_a-exit.o) (_global_impure_ptr)
e:/programs_installer/stm32cubeide_1.7.0/stm32cubeide/plugins/com.st.stm32cube.ide.mcu.externaltools.gnu-tools-for-stm32.9-2020-q2-update.win32_2.0.0.202105311346/tools/bin/../lib/gcc/arm-none-eabi/9.3.1/../../../../arm-none-eabi/lib/thumb/v7-m/nofp\libc_nano.a(lib_a-init.o)
                              e:/programs_installer/stm32cubeide_1.7.0/stm32cubeide/plugins/com.st.stm32cube.ide.mcu.externaltools.gnu-tools-for-stm32.9-2020-q2-update.win32_2.0.0.202105311346/tools/bin/../lib/gcc/arm-none-eabi/9.3.1/../../../../arm-none-eabi/lib/thumb/v7-m/nofp/crt0.o (__libc_init_array)
e:/programs_installer/stm32cubeide_1.7.0/stm32cubeide/plugins/com.st.stm32cube.ide.mcu.externaltools.gnu-tools-for-stm32.9-2020-q2-update.win32_2.0.0.202105311346/tools/bin/../lib/gcc/arm-none-eabi/9.3.1/../../../../arm-none-eabi/lib/thumb/v7-m/nofp\libc_nano.a(lib_a-memset.o)
                              e:/programs_installer/stm32cubeide_1.7.0/stm32cubeide/plugins/com.st.stm32cube.ide.mcu.externaltools.gnu-tools-for-stm32.9-2020-q2-update.win32_2.0.0.202105311346/tools/bin/../lib/gcc/arm-none-eabi/9.3.1/../../../../arm-none-eabi/lib/thumb/v7-m/nofp/crt0.o (memset)

Allocating common symbols
Common symbol       size              file

uwTick              0x4               ./Drivers/STM32F1xx_HAL_Driver/Src/stm32f1xx_hal.o
pFlash              0x20              ./Drivers/STM32F1xx_HAL_Driver/Src/stm32f1xx_hal_flash.o
htim2               0x48              ./Core/Src/main.o

Discarded input sections

 .text          0x0000000000000000        0x0 e:/programs_installer/stm32cubeide_1.7.0/stm32cubeide/plugins/com.st.stm32cube.ide.mcu.externaltools.gnu-tools-for-stm32.9-2020-q2-update.win32_2.0.0.202105311346/tools/bin/../lib/gcc/arm-none-eabi/9.3.1/thumb/v7-m/nofp/crti.o
 .data          0x0000000000000000        0x0 e:/programs_installer/stm32cubeide_1.7.0/stm32cubeide/plugins/com.st.stm32cube.ide.mcu.externaltools.gnu-tools-for-stm32.9-2020-q2-update.win32_2.0.0.202105311346/tools/bin/../lib/gcc/arm-none-eabi/9.3.1/thumb/v7-m/nofp/crti.o
 .bss           0x0000000000000000        0x0 e:/programs_installer/stm32cubeide_1.7.0/stm32cubeide/plugins/com.st.stm32cube.ide.mcu.externaltools.gnu-tools-for-stm32.9-2020-q2-update.win32_2.0.0.202105311346/tools/bin/../lib/gcc/arm-none-eabi/9.3.1/thumb/v7-m/nofp/crti.o
 .data          0x0000000000000000        0x4 e:/programs_installer/stm32cubeide_1.7.0/stm32cubeide/plugins/com.st.stm32cube.ide.mcu.externaltools.gnu-tools-for-stm32.9-2020-q2-update.win32_2.0.0.202105311346/tools/bin/../lib/gcc/arm-none-eabi/9.3.1/thumb/v7-m/nofp/crtbegin.o
 .text          0x0000000000000000       0x7c e:/programs_installer/stm32cubeide_1.7.0/stm32cubeide/plugins/com.st.stm32cube.ide.mcu.externaltools.gnu-tools-for-stm32.9-2020-q2-update.win32_2.0.0.202105311346/tools/bin/../lib/gcc/arm-none-eabi/9.3.1/../../../../arm-none-eabi/lib/thumb/v7-m/nofp/crt0.o
 .data          0x0000000000000000        0x0 e:/programs_installer/stm32cubeide_1.7.0/stm32cubeide/plugins/com.st.stm32cube.ide.mcu.externaltools.gnu-tools-for-stm32.9-2020-q2-update.win32_2.0.0.202105311346/tools/bin/../lib/gcc/arm-none-eabi/9.3.1/../../../../arm-none-eabi/lib/thumb/v7-m/nofp/crt0.o
[...]
Memory Configuration

Name             Origin             Length             Attributes
RAM              0x0000000020000000 0x0000000000002800 xrw
FLASH            0x0000000008000000 0x0000000000008000 xr
*default*        0x0000000000000000 0xffffffffffffffff

Linker script and memory map

LOAD e:/programs_installer/stm32cubeide_1.7.0/stm32cubeide/plugins/com.st.stm32cube.ide.mcu.externaltools.gnu-tools-for-stm32.9-2020-q2-update.win32_2.0.0.202105311346/tools/bin/../lib/gcc/arm-none-eabi/9.3.1/thumb/v7-m/nofp/crti.o
LOAD e:/programs_installer/stm32cubeide_1.7.0/stm32cubeide/plugins/com.st.stm32cube.ide.mcu.externaltools.gnu-tools-for-stm32.9-2020-q2-update.win32_2.0.0.202105311346/tools/bin/../lib/gcc/arm-none-eabi/9.3.1/thumb/v7-m/nofp/crtbegin.o
LOAD e:/programs_installer/stm32cubeide_1.7.0/stm32cubeide/plugins/com.st.stm32cube.ide.mcu.externaltools.gnu-tools-for-stm32.9-2020-q2-update.win32_2.0.0.202105311346/tools/bin/../lib/gcc/arm-none-eabi/9.3.1/../../../../arm-none-eabi/lib/thumb/v7-m/nofp/crt0.o
LOAD ./Core/Src/global.o
LOAD ./Core/Src/input_processing.o
LOAD ./Core/Src/input_reading.o
LOAD ./Core/Src/led_processing.o
LOAD ./Core/Src/main.o
LOAD ./Core/Src/mode_processing.o
LOAD ./Core/Src/stm32f1xx_hal_msp.o
LOAD ./Core/Src/stm32f1xx_it.o
LOAD ./Core/Src/syscalls.o
LOAD ./Core/Src/sysmem.o
LOAD ./Core/Src/system_stm32f1xx.o
LOAD ./Core/Src/timer.o
LOAD ./Core/Startup/startup_stm32f103c6ux.o
LOAD ./Drivers/STM32F1xx_HAL_Driver/Src/stm32f1xx_hal.o
LOAD ./Drivers/STM32F1xx_HAL_Driver/Src/stm32f1xx_hal_cortex.o
LOAD ./Drivers/STM32F1xx_HAL_Driver/Src/stm32f1xx_hal_dma.o
LOAD ./Drivers/STM32F1xx_HAL_Driver/Src/stm32f1xx_hal_exti.o
LOAD ./Drivers/STM32F1xx_HAL_Driver/Src/stm32f1xx_hal_flash.o
LOAD ./Drivers/STM32F1xx_HAL_Driver/Src/stm32f1xx_hal_flash_ex.o
LOAD ./Drivers/STM32F1xx_HAL_Driver/Src/stm32f1xx_hal_gpio.o
LOAD ./Drivers/STM32F1xx_HAL_Driver/Src/stm32f1xx_hal_gpio_ex.o
LOAD ./Drivers/STM32F1xx_HAL_Driver/Src/stm32f1xx_hal_pwr.o
LOAD ./Drivers/STM32F1xx_HAL_Driver/Src/stm32f1xx_hal_rcc.o
LOAD ./Drivers/STM32F1xx_HAL_Driver/Src/stm32f1xx_hal_rcc_ex.o
LOAD ./Drivers/STM32F1xx_HAL_Driver/Src/stm32f1xx_hal_tim.o
LOAD ./Drivers/STM32F1xx_HAL_Driver/Src/stm32f1xx_hal_tim_ex.o
START GROUP
LOAD e:/programs_installer/stm32cubeide_1.7.0/stm32cubeide/plugins/com.st.stm32cube.ide.mcu.externaltools.gnu-tools-for-stm32.9-2020-q2-update.win32_2.0.0.202105311346/tools/bin/../lib/gcc/arm-none-eabi/9.3.1/../../../../arm-none-eabi/lib/thumb/v7-m/nofp\libc_nano.a
LOAD e:/programs_installer/stm32cubeide_1.7.0/stm32cubeide/plugins/com.st.stm32cube.ide.mcu.externaltools.gnu-tools-for-stm32.9-2020-q2-update.win32_2.0.0.202105311346/tools/bin/../lib/gcc/arm-none-eabi/9.3.1/../../../../arm-none-eabi/lib/thumb/v7-m/nofp\libm.a
END GROUP
START GROUP
LOAD e:/programs_installer/stm32cubeide_1.7.0/stm32cubeide/plugins/com.st.stm32cube.ide.mcu.externaltools.gnu-tools-for-stm32.9-2020-q2-update.win32_2.0.0.202105311346/tools/bin/../lib/gcc/arm-none-eabi/9.3.1/thumb/v7-m/nofp\libgcc.a
LOAD e:/programs_installer/stm32cubeide_1.7.0/stm32cubeide/plugins/com.st.stm32cube.ide.mcu.externaltools.gnu-tools-for-stm32.9-2020-q2-update.win32_2.0.0.202105311346/tools/bin/../lib/gcc/arm-none-eabi/9.3.1/../../../../arm-none-eabi/lib/thumb/v7-m/nofp\libc_nano.a
END GROUP
START GROUP
LOAD e:/programs_installer/stm32cubeide_1.7.0/stm32cubeide/plugins/com.st.stm32cube.ide.mcu.externaltools.gnu-tools-for-stm32.9-2020-q2-update.win32_2.0.0.202105311346/tools/bin/../lib/gcc/arm-none-eabi/9.3.1/thumb/v7-m/nofp\libgcc.a
LOAD e:/programs_installer/stm32cubeide_1.7.0/stm32cubeide/plugins/com.st.stm32cube.ide.mcu.externaltools.gnu-tools-for-stm32.9-2020-q2-update.win32_2.0.0.202105311346/tools/bin/../lib/gcc/arm-none-eabi/9.3.1/../../../../arm-none-eabi/lib/thumb/v7-m/nofp\libc_nano.a
LOAD e:/programs_installer/stm32cubeide_1.7.0/stm32cubeide/plugins/com.st.stm32cube.ide.mcu.externaltools.gnu-tools-for-stm32.9-2020-q2-update.win32_2.0.0.202105311346/tools/bin/../lib/gcc/arm-none-eabi/9.3.1/../../../../arm-none-eabi/lib/thumb/v7-m/nofp\libnosys.a
END GROUP
START GROUP
LOAD e:/programs_installer/stm32cubeide_1.7.0/stm32cubeide/plugins/com.st.stm32cube.ide.mcu.externaltools.gnu-tools-for-stm32.9-2020-q2-update.win32_2.0.0.202105311346/tools/bin/../lib/gcc/arm-none-eabi/9.3.1/thumb/v7-m/nofp\libgcc.a
LOAD e:/programs_installer/stm32cubeide_1.7.0/stm32cubeide/plugins/com.st.stm32cube.ide.mcu.externaltools.gnu-tools-for-stm32.9-2020-q2-update.win32_2.0.0.202105311346/tools/bin/../lib/gcc/arm-none-eabi/9.3.1/../../../../arm-none-eabi/lib/thumb/v7-m/nofp\libc_nano.a
LOAD e:/programs_installer/stm32cubeide_1.7.0/stm32cubeide/plugins/com.st.stm32cube.ide.mcu.externaltools.gnu-tools-for-stm32.9-2020-q2-update.win32_2.0.0.202105311346/tools/bin/../lib/gcc/arm-none-eabi/9.3.1/../../../../arm-none-eabi/lib/thumb/v7-m/nofp\libnosys.a
END GROUP
LOAD e:/programs_installer/stm32cubeide_1.7.0/stm32cubeide/plugins/com.st.stm32cube.ide.mcu.externaltools.gnu-tools-for-stm32.9-2020-q2-update.win32_2.0.0.202105311346/tools/bin/../lib/gcc/arm-none-eabi/9.3.1/thumb/v7-m/nofp/crtend.o
LOAD e:/programs_installer/stm32cubeide_1.7.0/stm32cubeide/plugins/com.st.stm32cube.ide.mcu.externaltools.gnu-tools-for-stm32.9-2020-q2-update.win32_2.0.0.202105311346/tools/bin/../lib/gcc/arm-none-eabi/9.3.1/thumb/v7-m/nofp/crtn.o
                0x0000000020002800                _estack = (ORIGIN (RAM) + LENGTH (RAM))
                0x0000000000000200                _Min_Heap_Size = 0x200
                0x0000000000000400                _Min_Stack_Size = 0x400

.isr_vector     0x0000000008000000      0x10c
                0x0000000008000000                . = ALIGN (0x4)
 *(.isr_vector)
 .isr_vector    0x0000000008000000      0x10c ./Core/Startup/startup_stm32f103c6ux.o
                0x0000000008000000                g_pfnVectors
                0x000000000800010c                . = ALIGN (0x4)

.text           0x000000000800010c     0x2718
                0x000000000800010c                . = ALIGN (0x4)
 *(.text)
 .text          0x000000000800010c       0x40 e:/programs_installer/stm32cubeide_1.7.0/stm32cubeide/plugins/com.st.stm32cube.ide.mcu.externaltools.gnu-tools-for-stm32.9-2020-q2-update.win32_2.0.0.202105311346/tools/bin/../lib/gcc/arm-none-eabi/9.3.1/thumb/v7-m/nofp/crtbegin.o
 *(.text*)
 .text.fsm_for_input_processing
                0x000000000800014c      0x15c ./Core/Src/input_processing.o
                0x000000000800014c                fsm_for_input_processing
 .text.button_reading
                0x00000000080002a8      0x12c ./Core/Src/input_reading.o
                0x00000000080002a8                button_reading
 .text.is_button_pressed
                0x00000000080003d4       0x34 ./Core/Src/input_reading.o
                0x00000000080003d4                is_button_pressed
 .text.is_button_pressed_1s
                0x0000000008000408       0x34 ./Core/Src/input_reading.o
                0x0000000008000408                is_button_pressed_1s
 .text.display7SEG_0
                0x000000000800043c      0x11c ./Core/Src/led_processing.o
                0x000000000800043c                display7SEG_0
 .text.display7SEG_1
                0x0000000008000558      0x148 ./Core/Src/led_processing.o
                0x0000000008000558                display7SEG_1
 .text.updateTrafficLED
                0x00000000080006a0      0x110 ./Core/Src/led_processing.o
                0x00000000080006a0                updateTrafficLED
 .text.toggleTrafficLed
                0x00000000080007b0      0x104 ./Core/Src/led_processing.o
                0x00000000080007b0                toggleTrafficLed
 .text.update7SEG
                0x00000000080008b4       0xc4 ./Core/Src/led_processing.o
                0x00000000080008b4                update7SEG
 .text.main     0x0000000008000978       0x9c ./Core/Src/main.o
                0x0000000008000978                main
 .text.SystemClock_Config
                0x0000000008000a14       0x76 ./Core/Src/main.o
                0x0000000008000a14                SystemClock_Config
 *fill*         0x0000000008000a8a        0x2 
 .text.MX_TIM2_Init
                0x0000000008000a8c       0x98 ./Core/Src/main.o
 .text.MX_GPIO_Init
                0x0000000008000b24       0xc8 ./Core/Src/main.o
 .text.Error_Handler
                0x0000000008000bec        0xa ./Core/Src/main.o
                0x0000000008000bec                Error_Handler
 *fill*         0x0000000008000bf6        0x2 
 .text.mode_processing
                0x0000000008000bf8      0x2a8 ./Core/Src/mode_processing.o
                0x0000000008000bf8                mode_processing
 .text.HAL_MspInit
                0x0000000008000ea0       0x64 ./Core/Src/stm32f1xx_hal_msp.o
                0x0000000008000ea0                HAL_MspInit
 .text.HAL_TIM_Base_MspInit
                0x0000000008000f04       0x48 ./Core/Src/stm32f1xx_hal_msp.o
                0x0000000008000f04                HAL_TIM_Base_MspInit
 .text.NMI_Handler
                0x0000000008000f4c        0x6 ./Core/Src/stm32f1xx_it.o
                0x0000000008000f4c                NMI_Handler
 .text.HardFault_Handler
                0x0000000008000f52        0x6 ./Core/Src/stm32f1xx_it.o
                0x0000000008000f52                HardFault_Handler
 .text.MemManage_Handler
                0x0000000008000f58        0x6 ./Core/Src/stm32f1xx_it.o
                0x0000000008000f58                MemManage_Handler
 .text.BusFault_Handler
                0x0000000008000f5e        0x6 ./Core/Src/stm32f1xx_it.o
                0x0000000008000f5e                BusFault_Handler
 .text.UsageFault_Handler
                0x0000000008000f64        0x6 ./Core/Src/stm32f1xx_it.o
                0x0000000008000f64                UsageFault_Handler
 .text.SVC_Handler
                0x0000000008000f6a        0xc ./Core/Src/stm32f1xx_it.o
                0x0000000008000f6a                SVC_Handler
 .text.DebugMon_Handler
                0x0000000008000f76        0xc ./Core/Src/stm32f1xx_it.o
                0x0000000008000f76                DebugMon_Handler
 .text.PendSV_Handler
                0x0000000008000f82        0xc ./Core/Src/stm32f1xx_it.o
                0x0000000008000f82                PendSV_Handler
 .text.SysTick_Handler
                0x0000000008000f8e        0xc ./Core/Src/stm32f1xx_it.o
                0x0000000008000f8e                SysTick_Handler
 *fill*         0x0000000008000f9a        0x2 
 .text.TIM2_IRQHandler
                0x0000000008000f9c       0x14 ./Core/Src/stm32f1xx_it.o
                0x0000000008000f9c                TIM2_IRQHandler
 .text.SystemInit
                0x0000000008000fb0        0xc ./Core/Src/system_stm32f1xx.o
                0x0000000008000fb0                SystemInit
 .text.setTimerBlinking
                0x0000000008000fbc       0x34 ./Core/Src/timer.o
                0x0000000008000fbc                setTimerBlinking
 .text.setTimer1
                0x0000000008000ff0       0x34 ./Core/Src/timer.o
                0x0000000008000ff0                setTimer1
 .text.setTimer2
                0x0000000008001024       0x34 ./Core/Src/timer.o
                0x0000000008001024                setTimer2
 .text.getTimerBlinkingFlag
                0x0000000008001058       0x24 ./Core/Src/timer.o
                0x0000000008001058                getTimerBlinkingFlag
 .text.getTimer1Flag
                0x000000000800107c       0x24 ./Core/Src/timer.o
                0x000000000800107c                getTimer1Flag
 .text.getTimer2Flag
                0x00000000080010a0       0x24 ./Core/Src/timer.o
                0x00000000080010a0                getTimer2Flag
 .text.timerRun
                0x00000000080010c4       0x84 ./Core/Src/timer.o
                0x00000000080010c4                timerRun
 .text.HAL_TIM_PeriodElapsedCallback
                0x0000000008001148       0x22 ./Core/Src/timer.o
                0x0000000008001148                HAL_TIM_PeriodElapsedCallback
 *fill*         0x000000000800116a        0x2 
 .text.Reset_Handler
                0x000000000800116c       0x48 ./Core/Startup/startup_stm32f103c6ux.o
                0x000000000800116c                Reset_Handler
 .text.Default_Handler
                0x00000000080011b4        0x2 ./Core/Startup/startup_stm32f103c6ux.o
                0x00000000080011b4                RTC_Alarm_IRQHandler
                0x00000000080011b4                EXTI2_IRQHandler
                0x00000000080011b4                TIM1_CC_IRQHandler
                0x00000000080011b4                PVD_IRQHandler
                0x00000000080011b4                EXTI3_IRQHandler
                0x00000000080011b4                EXTI0_IRQHandler
                0x00000000080011b4                ADC1_2_IRQHandler
                0x00000000080011b4                SPI1_IRQHandler
                0x00000000080011b4                TAMPER_IRQHandler
                0x00000000080011b4                DMA1_Channel4_IRQHandler
                0x00000000080011b4                RTC_IRQHandler
                0x00000000080011b4                DMA1_Channel7_IRQHandler
                0x00000000080011b4                CAN1_RX1_IRQHandler
                0x00000000080011b4                I2C1_EV_IRQHandler
                0x00000000080011b4                DMA1_Channel6_IRQHandler
                0x00000000080011b4                TIM3_IRQHandler
                0x00000000080011b4                RCC_IRQHandler
                0x00000000080011b4                TIM1_TRG_COM_IRQHandler
                0x00000000080011b4                DMA1_Channel1_IRQHandler
                0x00000000080011b4                Default_Handler
                0x00000000080011b4                EXTI15_10_IRQHandler
                0x00000000080011b4                EXTI9_5_IRQHandler
                0x00000000080011b4                DMA1_Channel5_IRQHandler
                0x00000000080011b4                EXTI4_IRQHandler
                0x00000000080011b4                USB_LP_CAN1_RX0_IRQHandler
                0x00000000080011b4                USB_HP_CAN1_TX_IRQHandler
                0x00000000080011b4                DMA1_Channel3_IRQHandler
                0x00000000080011b4                TIM1_UP_IRQHandler
                0x00000000080011b4                WWDG_IRQHandler
                0x00000000080011b4                TIM1_BRK_IRQHandler
                0x00000000080011b4                EXTI1_IRQHandler
                0x00000000080011b4                USART2_IRQHandler
                0x00000000080011b4                DMA1_Channel2_IRQHandler
                0x00000000080011b4                CAN1_SCE_IRQHandler
                0x00000000080011b4                FLASH_IRQHandler
                0x00000000080011b4                USART1_IRQHandler
                0x00000000080011b4                I2C1_ER_IRQHandler
                0x00000000080011b4                USBWakeUp_IRQHandler
 *fill*         0x00000000080011b6        0x2 
 .text.HAL_Init
                0x00000000080011b8       0x2c ./Drivers/STM32F1xx_HAL_Driver/Src/stm32f1xx_hal.o
                0x00000000080011b8                HAL_Init
 .text.HAL_InitTick
                0x00000000080011e4       0x60 ./Drivers/STM32F1xx_HAL_Driver/Src/stm32f1xx_hal.o
                0x00000000080011e4                HAL_InitTick
 .text.HAL_IncTick
                0x0000000008001244       0x24 ./Drivers/STM32F1xx_HAL_Driver/Src/stm32f1xx_hal.o
                0x0000000008001244                HAL_IncTick
 .text.HAL_GetTick
                0x0000000008001268       0x14 ./Drivers/STM32F1xx_HAL_Driver/Src/stm32f1xx_hal.o
                0x0000000008001268                HAL_GetTick
 .text.__NVIC_SetPriorityGrouping
                0x000000000800127c       0x48 ./Drivers/STM32F1xx_HAL_Driver/Src/stm32f1xx_hal_cortex.o
 .text.__NVIC_GetPriorityGrouping
                0x00000000080012c4       0x1c ./Drivers/STM32F1xx_HAL_Driver/Src/stm32f1xx_hal_cortex.o
 .text.__NVIC_EnableIRQ
                0x00000000080012e0       0x38 ./Drivers/STM32F1xx_HAL_Driver/Src/stm32f1xx_hal_cortex.o
 .text.__NVIC_SetPriority
                0x0000000008001318       0x54 ./Drivers/STM32F1xx_HAL_Driver/Src/stm32f1xx_hal_cortex.o
 .text.NVIC_EncodePriority
                0x000000000800136c       0x64 ./Drivers/STM32F1xx_HAL_Driver/Src/stm32f1xx_hal_cortex.o
 .text.SysTick_Config
                0x00000000080013d0       0x44 ./Drivers/STM32F1xx_HAL_Driver/Src/stm32f1xx_hal_cortex.o
 .text.HAL_NVIC_SetPriorityGrouping
                0x0000000008001414       0x16 ./Drivers/STM32F1xx_HAL_Driver/Src/stm32f1xx_hal_cortex.o
                0x0000000008001414                HAL_NVIC_SetPriorityGrouping
 .text.HAL_NVIC_SetPriority
                0x000000000800142a       0x38 ./Drivers/STM32F1xx_HAL_Driver/Src/stm32f1xx_hal_cortex.o
                0x000000000800142a                HAL_NVIC_SetPriority
 .text.HAL_NVIC_EnableIRQ
                0x0000000008001462       0x1c ./Drivers/STM32F1xx_HAL_Driver/Src/stm32f1xx_hal_cortex.o
                0x0000000008001462                HAL_NVIC_EnableIRQ
 .text.HAL_SYSTICK_Config
                0x000000000800147e       0x18 ./Drivers/STM32F1xx_HAL_Driver/Src/stm32f1xx_hal_cortex.o
                0x000000000800147e                HAL_SYSTICK_Config
 *fill*         0x0000000008001496        0x2 
 .text.HAL_GPIO_Init
                0x0000000008001498      0x2f4 ./Drivers/STM32F1xx_HAL_Driver/Src/stm32f1xx_hal_gpio.o
                0x0000000008001498                HAL_GPIO_Init
 .text.HAL_GPIO_ReadPin
                0x000000000800178c       0x2e ./Drivers/STM32F1xx_HAL_Driver/Src/stm32f1xx_hal_gpio.o
                0x000000000800178c                HAL_GPIO_ReadPin
 .text.HAL_GPIO_WritePin
                0x00000000080017ba       0x30 ./Drivers/STM32F1xx_HAL_Driver/Src/stm32f1xx_hal_gpio.o
                0x00000000080017ba                HAL_GPIO_WritePin
 .text.HAL_GPIO_TogglePin
                0x00000000080017ea       0x32 ./Drivers/STM32F1xx_HAL_Driver/Src/stm32f1xx_hal_gpio.o
                0x00000000080017ea                HAL_GPIO_TogglePin
 .text.HAL_RCC_OscConfig
                0x000000000800181c      0x500 ./Drivers/STM32F1xx_HAL_Driver/Src/stm32f1xx_hal_rcc.o
                0x000000000800181c                HAL_RCC_OscConfig
 .text.HAL_RCC_ClockConfig
                0x0000000008001d1c      0x1d4 ./Drivers/STM32F1xx_HAL_Driver/Src/stm32f1xx_hal_rcc.o
                0x0000000008001d1c                HAL_RCC_ClockConfig
 .text.HAL_RCC_GetSysClockFreq
                0x0000000008001ef0       0xc0 ./Drivers/STM32F1xx_HAL_Driver/Src/stm32f1xx_hal_rcc.o
                0x0000000008001ef0                HAL_RCC_GetSysClockFreq
 .text.RCC_Delay
                0x0000000008001fb0       0x3c ./Drivers/STM32F1xx_HAL_Driver/Src/stm32f1xx_hal_rcc.o
 .text.HAL_TIM_Base_Init
                0x0000000008001fec       0x9e ./Drivers/STM32F1xx_HAL_Driver/Src/stm32f1xx_hal_tim.o
                0x0000000008001fec                HAL_TIM_Base_Init
 *fill*         0x000000000800208a        0x2 
 .text.HAL_TIM_Base_Start_IT
                0x000000000800208c       0x98 ./Drivers/STM32F1xx_HAL_Driver/Src/stm32f1xx_hal_tim.o
                0x000000000800208c                HAL_TIM_Base_Start_IT
 .text.HAL_TIM_IRQHandler
                0x0000000008002124      0x210 ./Drivers/STM32F1xx_HAL_Driver/Src/stm32f1xx_hal_tim.o
                0x0000000008002124                HAL_TIM_IRQHandler
 .text.HAL_TIM_ConfigClockSource
                0x0000000008002334      0x188 ./Drivers/STM32F1xx_HAL_Driver/Src/stm32f1xx_hal_tim.o
                0x0000000008002334                HAL_TIM_ConfigClockSource
 .text.HAL_TIM_OC_DelayElapsedCallback
                0x00000000080024bc       0x12 ./Drivers/STM32F1xx_HAL_Driver/Src/stm32f1xx_hal_tim.o
                0x00000000080024bc                HAL_TIM_OC_DelayElapsedCallback
 .text.HAL_TIM_IC_CaptureCallback
                0x00000000080024ce       0x12 ./Drivers/STM32F1xx_HAL_Driver/Src/stm32f1xx_hal_tim.o
                0x00000000080024ce                HAL_TIM_IC_CaptureCallback
 .text.HAL_TIM_PWM_PulseFinishedCallback
                0x00000000080024e0       0x12 ./Drivers/STM32F1xx_HAL_Driver/Src/stm32f1xx_hal_tim.o
                0x00000000080024e0                HAL_TIM_PWM_PulseFinishedCallback
 .text.HAL_TIM_TriggerCallback
                0x00000000080024f2       0x12 ./Drivers/STM32F1xx_HAL_Driver/Src/stm32f1xx_hal_tim.o
                0x00000000080024f2                HAL_TIM_TriggerCallback
 .text.TIM_Base_SetConfig
                0x0000000008002504       0xb0 ./Drivers/STM32F1xx_HAL_Driver/Src/stm32f1xx_hal_tim.o
                0x0000000008002504                TIM_Base_SetConfig
 .text.TIM_TI1_ConfigInputStage
                0x00000000080025b4       0x5c ./Drivers/STM32F1xx_HAL_Driver/Src/stm32f1xx_hal_tim.o
 .text.TIM_TI2_ConfigInputStage
                0x0000000008002610       0x5e ./Drivers/STM32F1xx_HAL_Driver/Src/stm32f1xx_hal_tim.o
 .text.TIM_ITRx_SetConfig
                0x000000000800266e       0x34 ./Drivers/STM32F1xx_HAL_Driver/Src/stm32f1xx_hal_tim.o
 .text.TIM_ETR_SetConfig
                0x00000000080026a2       0x3e ./Drivers/STM32F1xx_HAL_Driver/Src/stm32f1xx_hal_tim.o
                0x00000000080026a2                TIM_ETR_SetConfig
 .text.HAL_TIMEx_MasterConfigSynchronization
                0x00000000080026e0       0xb0 ./Drivers/STM32F1xx_HAL_Driver/Src/stm32f1xx_hal_tim_ex.o
                0x00000000080026e0                HAL_TIMEx_MasterConfigSynchronization
 .text.HAL_TIMEx_CommutCallback
                0x0000000008002790       0x12 ./Drivers/STM32F1xx_HAL_Driver/Src/stm32f1xx_hal_tim_ex.o
                0x0000000008002790                HAL_TIMEx_CommutCallback
 .text.HAL_TIMEx_BreakCallback
                0x00000000080027a2       0x12 ./Drivers/STM32F1xx_HAL_Driver/Src/stm32f1xx_hal_tim_ex.o
                0x00000000080027a2                HAL_TIMEx_BreakCallback
 .text.__libc_init_array
                0x00000000080027b4       0x48 e:/programs_installer/stm32cubeide_1.7.0/stm32cubeide/plugins/com.st.stm32cube.ide.mcu.externaltools.gnu-tools-for-stm32.9-2020-q2-update.win32_2.0.0.202105311346/tools/bin/../lib/gcc/arm-none-eabi/9.3.1/../../../../arm-none-eabi/lib/thumb/v7-m/nofp\libc_nano.a(lib_a-init.o)
                0x00000000080027b4                __libc_init_array
 .text.memset   0x00000000080027fc       0x10 e:/programs_installer/stm32cubeide_1.7.0/stm32cubeide/plugins/com.st.stm32cube.ide.mcu.externaltools.gnu-tools-for-stm32.9-2020-q2-update.win32_2.0.0.202105311346/tools/bin/../lib/gcc/arm-none-eabi/9.3.1/../../../../arm-none-eabi/lib/thumb/v7-m/nofp\libc_nano.a(lib_a-memset.o)
                0x00000000080027fc                memset
 *(.glue_7)
 .glue_7        0x000000000800280c        0x0 linker stubs
 *(.glue_7t)
 .glue_7t       0x000000000800280c        0x0 linker stubs
 *(.eh_frame)
 .eh_frame      0x000000000800280c        0x0 e:/programs_installer/stm32cubeide_1.7.0/stm32cubeide/plugins/com.st.stm32cube.ide.mcu.externaltools.gnu-tools-for-stm32.9-2020-q2-update.win32_2.0.0.202105311346/tools/bin/../lib/gcc/arm-none-eabi/9.3.1/thumb/v7-m/nofp/crtbegin.o
 *(.init)
 .init          0x000000000800280c        0x4 e:/programs_installer/stm32cubeide_1.7.0/stm32cubeide/plugins/com.st.stm32cube.ide.mcu.externaltools.gnu-tools-for-stm32.9-2020-q2-update.win32_2.0.0.202105311346/tools/bin/../lib/gcc/arm-none-eabi/9.3.1/thumb/v7-m/nofp/crti.o
                0x000000000800280c                _init
 .init          0x0000000008002810        0x8 e:/programs_installer/stm32cubeide_1.7.0/stm32cubeide/plugins/com.st.stm32cube.ide.mcu.externaltools.gnu-tools-for-stm32.9-2020-q2-update.win32_2.0.0.202105311346/tools/bin/../lib/gcc/arm-none-eabi/9.3.1/thumb/v7-m/nofp/crtn.o
 *(.fini)
 .fini          0x0000000008002818        0x4 e:/programs_installer/stm32cubeide_1.7.0/stm32cubeide/plugins/com.st.stm32cube.ide.mcu.externaltools.gnu-tools-for-stm32.9-2020-q2-update.win32_2.0.0.202105311346/tools/bin/../lib/gcc/arm-none-eabi/9.3.1/thumb/v7-m/nofp/crti.o
                0x0000000008002818                _fini
 .fini          0x000000000800281c        0x8 e:/programs_installer/stm32cubeide_1.7.0/stm32cubeide/plugins/com.st.stm32cube.ide.mcu.externaltools.gnu-tools-for-stm32.9-2020-q2-update.win32_2.0.0.202105311346/tools/bin/../lib/gcc/arm-none-eabi/9.3.1/thumb/v7-m/nofp/crtn.o
                0x0000000008002824                . = ALIGN (0x4)
                0x0000000008002824                _etext = .

.vfp11_veneer   0x0000000008002824        0x0
 .vfp11_veneer  0x0000000008002824        0x0 linker stubs

.v4_bx          0x0000000008002824        0x0
 .v4_bx         0x0000000008002824        0x0 linker stubs

.iplt           0x0000000008002824        0x0
 .iplt          0x0000000008002824        0x0 e:/programs_installer/stm32cubeide_1.7.0/stm32cubeide/plugins/com.st.stm32cube.ide.mcu.externaltools.gnu-tools-for-stm32.9-2020-q2-update.win32_2.0.0.202105311346/tools/bin/../lib/gcc/arm-none-eabi/9.3.1/thumb/v7-m/nofp/crtbegin.o

.rodata         0x0000000008002824       0x20
                0x0000000008002824                . = ALIGN (0x4)
 *(.rodata)
 .rodata        0x0000000008002824       0x10 ./Drivers/STM32F1xx_HAL_Driver/Src/stm32f1xx_hal_rcc.o
 *(.rodata*)
 .rodata.AHBPrescTable
                0x0000000008002834       0x10 ./Core/Src/system_stm32f1xx.o
                0x0000000008002834                AHBPrescTable
                0x0000000008002844                . = ALIGN (0x4)

.rel.dyn        0x0000000008002844        0x0
 .rel.iplt      0x0000000008002844        0x0 e:/programs_installer/stm32cubeide_1.7.0/stm32cubeide/plugins/com.st.stm32cube.ide.mcu.externaltools.gnu-tools-for-stm32.9-2020-q2-update.win32_2.0.0.202105311346/tools/bin/../lib/gcc/arm-none-eabi/9.3.1/thumb/v7-m/nofp/crtbegin.o

.ARM.extab      0x0000000008002844        0x0
                0x0000000008002844                . = ALIGN (0x4)
 *(.ARM.extab* .gnu.linkonce.armextab.*)
                0x0000000008002844                . = ALIGN (0x4)

.ARM            0x0000000008002844        0x0
                0x0000000008002844                . = ALIGN (0x4)
                0x0000000008002844                __exidx_start = .
 *(.ARM.exidx*)
                0x0000000008002844                __exidx_end = .
                0x0000000008002844                . = ALIGN (0x4)

.preinit_array  0x0000000008002844        0x0
                0x0000000008002844                . = ALIGN (0x4)
                0x0000000008002844                PROVIDE (__preinit_array_start = .)
 *(.preinit_array*)
                0x0000000008002844                PROVIDE (__preinit_array_end = .)
                0x0000000008002844                . = ALIGN (0x4)

.init_array     0x0000000008002844        0x4
                0x0000000008002844                . = ALIGN (0x4)
                0x0000000008002844                PROVIDE (__init_array_start = .)
 *(SORT_BY_NAME(.init_array.*))
 *(.init_array*)
 .init_array    0x0000000008002844        0x4 e:/programs_installer/stm32cubeide_1.7.0/stm32cubeide/plugins/com.st.stm32cube.ide.mcu.externaltools.gnu-tools-for-stm32.9-2020-q2-update.win32_2.0.0.202105311346/tools/bin/../lib/gcc/arm-none-eabi/9.3.1/thumb/v7-m/nofp/crtbegin.o
                0x0000000008002848                PROVIDE (__init_array_end = .)
                0x0000000008002848                . = ALIGN (0x4)

.fini_array     0x0000000008002848        0x4
                0x0000000008002848                . = ALIGN (0x4)
                [!provide]                        PROVIDE (__fini_array_start = .)
 *(SORT_BY_NAME(.fini_array.*))
 *(.fini_array*)
 .fini_array    0x0000000008002848        0x4 e:/programs_installer/stm32cubeide_1.7.0/stm32cubeide/plugins/com.st.stm32cube.ide.mcu.externaltools.gnu-tools-for-stm32.9-2020-q2-update.win32_2.0.0.202105311346/tools/bin/../lib/gcc/arm-none-eabi/9.3.1/thumb/v7-m/nofp/crtbegin.o
                [!provide]                        PROVIDE (__fini_array_end = .)
                0x000000000800284c                . = ALIGN (0x4)
                0x000000000800284c                _sidata = LOADADDR (.data)

.data           0x0000000020000000       0x20 load address 0x000000000800284c
                0x0000000020000000                . = ALIGN (0x4)
                0x0000000020000000                _sdata = .
 *(.data)
 *(.data*)
 .data.timeDurations
                0x0000000020000000        0xc ./Core/Src/global.o
                0x0000000020000000                timeDurations
 .data.timeBlinking
                0x000000002000000c        0x4 ./Core/Src/global.o
                0x000000002000000c                timeBlinking
 .data.SystemCoreClock
                0x0000000020000010        0x4 ./Core/Src/system_stm32f1xx.o
                0x0000000020000010                SystemCoreClock
 .data.TIME_CYCLE
                0x0000000020000014        0x4 ./Core/Src/timer.o
                0x0000000020000014                TIME_CYCLE
 .data.uwTickPrio
                0x0000000020000018        0x4 ./Drivers/STM32F1xx_HAL_Driver/Src/stm32f1xx_hal.o
                0x0000000020000018                uwTickPrio
 .data.uwTickFreq
                0x000000002000001c        0x1 ./Drivers/STM32F1xx_HAL_Driver/Src/stm32f1xx_hal.o
                0x000000002000001c                uwTickFreq
 *(.RamFunc)
 *(.RamFunc*)
                0x0000000020000020                . = ALIGN (0x4)
 *fill*         0x000000002000001d        0x3 
                0x0000000020000020                _edata = .

.igot.plt       0x0000000020000020        0x0 load address 0x000000000800286c
 .igot.plt      0x0000000020000020        0x0 e:/programs_installer/stm32cubeide_1.7.0/stm32cubeide/plugins/com.st.stm32cube.ide.mcu.externaltools.gnu-tools-for-stm32.9-2020-q2-update.win32_2.0.0.202105311346/tools/bin/../lib/gcc/arm-none-eabi/9.3.1/thumb/v7-m/nofp/crtbegin.o
                0x0000000020000020                . = ALIGN (0x4)

.bss            0x0000000020000020       0xbc load address 0x000000000800286c
                0x0000000020000020                _sbss = .
                0x0000000020000020                __bss_start__ = _sbss
 *(.bss)
 .bss           0x0000000020000020       0x1c e:/programs_installer/stm32cubeide_1.7.0/stm32cubeide/plugins/com.st.stm32cube.ide.mcu.externaltools.gnu-tools-for-stm32.9-2020-q2-update.win32_2.0.0.202105311346/tools/bin/../lib/gcc/arm-none-eabi/9.3.1/thumb/v7-m/nofp/crtbegin.o
 *(.bss*)
 .bss.mode      0x000000002000003c        0x4 ./Core/Src/global.o
                0x000000002000003c                mode
 .bss.initState
                0x0000000020000040        0x4 ./Core/Src/global.o
                0x0000000020000040                initState
 .bss.trafficLed0
                0x0000000020000044        0x4 ./Core/Src/global.o
                0x0000000020000044                trafficLed0
 .bss.trafficLed1
                0x0000000020000048        0x4 ./Core/Src/global.o
                0x0000000020000048                trafficLed1
 .bss.counter0  0x000000002000004c        0x4 ./Core/Src/global.o
                0x000000002000004c                counter0
 .bss.counter1  0x0000000020000050        0x4 ./Core/Src/global.o
                0x0000000020000050                counter1
 .bss.index7SEG
                0x0000000020000054        0x4 ./Core/Src/global.o
                0x0000000020000054                index7SEG
 .bss.duration  0x0000000020000058        0x4 ./Core/Src/global.o
                0x0000000020000058                duration
 .bss.buttonState
                0x000000002000005c        0x3 ./Core/Src/input_processing.o
                0x000000002000005c                buttonState
 *fill*         0x000000002000005f        0x1 
 .bss.buttonBuffer
                0x0000000020000060        0x3 ./Core/Src/input_reading.o
 *fill*         0x0000000020000063        0x1 
 .bss.debounceButtonBuffer1
                0x0000000020000064        0x3 ./Core/Src/input_reading.o
 *fill*         0x0000000020000067        0x1 
 .bss.debounceButtonBuffer2
                0x0000000020000068        0x3 ./Core/Src/input_reading.o
 *fill*         0x000000002000006b        0x1 
 .bss.flagForButtonPress1s
                0x000000002000006c        0x3 ./Core/Src/input_reading.o
 *fill*         0x000000002000006f        0x1 
 .bss.counterForButtonPress1s
                0x0000000020000070        0x6 ./Core/Src/input_reading.o
 *fill*         0x0000000020000076        0x2 
 .bss.timerBlinking_counter
                0x0000000020000078        0x4 ./Core/Src/timer.o
                0x0000000020000078                timerBlinking_counter
 .bss.timerBlinking_flag
                0x000000002000007c        0x4 ./Core/Src/timer.o
                0x000000002000007c                timerBlinking_flag
 .bss.timer1_counter
                0x0000000020000080        0x4 ./Core/Src/timer.o
                0x0000000020000080                timer1_counter
 .bss.timer1_flag
                0x0000000020000084        0x4 ./Core/Src/timer.o
                0x0000000020000084                timer1_flag
 .bss.timer2_counter
                0x0000000020000088        0x4 ./Core/Src/timer.o
                0x0000000020000088                timer2_counter
 .bss.timer2_flag
                0x000000002000008c        0x4 ./Core/Src/timer.o
                0x000000002000008c                timer2_flag
 *(COMMON)
 COMMON         0x0000000020000090       0x48 ./Core/Src/main.o
                0x0000000020000090                htim2
 COMMON         0x00000000200000d8        0x4 ./Drivers/STM32F1xx_HAL_Driver/Src/stm32f1xx_hal.o
                0x00000000200000d8                uwTick
                0x00000000200000dc                . = ALIGN (0x4)
                0x00000000200000dc                _ebss = .
                0x00000000200000dc                __bss_end__ = _ebss

._user_heap_stack
                0x00000000200000dc      0x604 load address 0x000000000800286c
                0x00000000200000e0                . = ALIGN (0x8)
 *fill*         0x00000000200000dc        0x4 
                [!provide]                        PROVIDE (end = .)
                0x00000000200000e0                PROVIDE (_end = .)
                0x00000000200002e0                . = (. + _Min_Heap_Size)
 *fill*         0x00000000200000e0      0x200 
                0x00000000200006e0                . = (. + _Min_Stack_Size)
 *fill*         0x00000000200002e0      0x400 
                0x00000000200006e0                . = ALIGN (0x8)

/DISCARD/
 libc.a(*)
 libm.a(*)
 libgcc.a(*)

.ARM.attributes
                0x0000000000000000       0x29
 *(.ARM.attributes)
 .ARM.attributes
                0x0000000000000000       0x1d e:/programs_installer/stm32cubeide_1.7.0/stm32cubeide/plugins/com.st.stm32cube.ide.mcu.externaltools.gnu-tools-for-stm32.9-2020-q2-update.win32_2.0.0.202105311346/tools/bin/../lib/gcc/arm-none-eabi/9.3.1/thumb/v7-m/nofp/crti.o
 .ARM.attributes
                0x000000000000001d       0x2d e:/programs_installer/stm32cubeide_1.7.0/stm32cubeide/plugins/com.st.stm32cube.ide.mcu.externaltools.gnu-tools-for-stm32.9-2020-q2-update.win32_2.0.0.202105311346/tools/bin/../lib/gcc/arm-none-eabi/9.3.1/thumb/v7-m/nofp/crtbegin.o
 .ARM.attributes
                0x000000000000004a       0x33 ./Core/Src/global.o
 .ARM.attributes
                0x000000000000007d       0x2d ./Core/Src/input_processing.o
 .ARM.attributes
                0x00000000000000aa       0x2d ./Core/Src/input_reading.o
 .ARM.attributes
                0x00000000000000d7       0x2d ./Core/Src/led_processing.o
 .ARM.attributes
                0x0000000000000104       0x2d ./Core/Src/main.o
 .ARM.attributes
                0x0000000000000131       0x2d ./Core/Src/mode_processing.o
 .ARM.attributes
                0x000000000000015e       0x2d ./Core/Src/stm32f1xx_hal_msp.o
 .ARM.attributes
                0x000000000000018b       0x2d ./Core/Src/stm32f1xx_it.o
 .ARM.attributes
                0x00000000000001b8       0x2d ./Core/Src/system_stm32f1xx.o
 .ARM.attributes
                0x00000000000001e5       0x2d ./Core/Src/timer.o
 .ARM.attributes
                0x0000000000000212       0x21 ./Core/Startup/startup_stm32f103c6ux.o
 .ARM.attributes
                0x0000000000000233       0x2d ./Drivers/STM32F1xx_HAL_Driver/Src/stm32f1xx_hal.o
 .ARM.attributes
                0x0000000000000260       0x2d ./Drivers/STM32F1xx_HAL_Driver/Src/stm32f1xx_hal_cortex.o
 .ARM.attributes
                0x000000000000028d       0x2d ./Drivers/STM32F1xx_HAL_Driver/Src/stm32f1xx_hal_gpio.o
 .ARM.attributes
                0x00000000000002ba       0x2d ./Drivers/STM32F1xx_HAL_Driver/Src/stm32f1xx_hal_rcc.o
 .ARM.attributes
                0x00000000000002e7       0x2d ./Drivers/STM32F1xx_HAL_Driver/Src/stm32f1xx_hal_tim.o
 .ARM.attributes
                0x0000000000000314       0x2d ./Drivers/STM32F1xx_HAL_Driver/Src/stm32f1xx_hal_tim_ex.o
 .ARM.attributes
                0x0000000000000341       0x2d e:/programs_installer/stm32cubeide_1.7.0/stm32cubeide/plugins/com.st.stm32cube.ide.mcu.externaltools.gnu-tools-for-stm32.9-2020-q2-update.win32_2.0.0.202105311346/tools/bin/../lib/gcc/arm-none-eabi/9.3.1/../../../../arm-none-eabi/lib/thumb/v7-m/nofp\libc_nano.a(lib_a-init.o)
 .ARM.attributes
                0x000000000000036e       0x2d e:/programs_installer/stm32cubeide_1.7.0/stm32cubeide/plugins/com.st.stm32cube.ide.mcu.externaltools.gnu-tools-for-stm32.9-2020-q2-update.win32_2.0.0.202105311346/tools/bin/../lib/gcc/arm-none-eabi/9.3.1/../../../../arm-none-eabi/lib/thumb/v7-m/nofp\libc_nano.a(lib_a-memset.o)
 .ARM.attributes
                0x000000000000039b       0x1d e:/programs_installer/stm32cubeide_1.7.0/stm32cubeide/plugins/com.st.stm32cube.ide.mcu.externaltools.gnu-tools-for-stm32.9-2020-q2-update.win32_2.0.0.202105311346/tools/bin/../lib/gcc/arm-none-eabi/9.3.1/thumb/v7-m/nofp/crtn.o
OUTPUT(Lab03.elf elf32-littlearm)
LOAD linker stubs
LOAD e:/programs_installer/stm32cubeide_1.7.0/stm32cubeide/plugins/com.st.stm32cube.ide.mcu.externaltools.gnu-tools-for-stm32.9-2020-q2-update.win32_2.0.0.202105311346/tools/bin/../lib/gcc/arm-none-eabi/9.3.1/../../../../arm-none-eabi/lib/thumb/v7-m/nofp\libc.a
LOAD e:/programs_installer/stm32cubeide_1.7.0/stm32cubeide/plugins/com.st.stm32cube.ide.mcu.externaltools.gnu-tools-for-stm32.9-2020-q2-update.win32_2.0.0.202105311346/tools/bin/../lib/gcc/arm-none-eabi/9.3.1/../../../../arm-none-eabi/lib/thumb/v7-m/nofp\libm.a
LOAD e:/programs_installer/stm32cubeide_1.7.0/stm32cubeide/plugins/com.st.stm32cube.ide.mcu.externaltools.gnu-tools-for-stm32.9-2020-q2-update.win32_2.0.0.202105311346/tools/bin/../lib/gcc/arm-none-eabi/9.3.1/thumb/v7-m/nofp\libgcc.a

.debug_info     0x0000000000000000     0x9682
 .debug_info    0x0000000000000000      0x23c ./Core/Src/global.o
 .debug_info    0x000000000000023c      0x279 ./Core/Src/input_processing.o
 .debug_info    0x00000000000004b5      0x341 ./Core/Src/input_reading.o
 .debug_info    0x00000000000007f6      0x323 ./Core/Src/led_processing.o
 .debug_info    0x0000000000000b19      0xbec ./Core/Src/main.o
 .debug_info    0x0000000000001705       0xd2 ./Core/Src/mode_processing.o
 .debug_info    0x00000000000017d7      0xa04 ./Core/Src/stm32f1xx_hal_msp.o
 .debug_info    0x00000000000021db      0x7b4 ./Core/Src/stm32f1xx_it.o
 .debug_info    0x000000000000298f      0x2be ./Core/Src/system_stm32f1xx.o
 .debug_info    0x0000000000002c4d      0x860 ./Core/Src/timer.o
 .debug_info    0x00000000000034ad       0x22 ./Core/Startup/startup_stm32f103c6ux.o
 .debug_info    0x00000000000034cf      0x74c ./Drivers/STM32F1xx_HAL_Driver/Src/stm32f1xx_hal.o
 .debug_info    0x0000000000003c1b      0xbbe ./Drivers/STM32F1xx_HAL_Driver/Src/stm32f1xx_hal_cortex.o
 .debug_info    0x00000000000047d9      0x701 ./Drivers/STM32F1xx_HAL_Driver/Src/stm32f1xx_hal_gpio.o
 .debug_info    0x0000000000004eda      0x88e ./Drivers/STM32F1xx_HAL_Driver/Src/stm32f1xx_hal_rcc.o
 .debug_info    0x0000000000005768     0x2a45 ./Drivers/STM32F1xx_HAL_Driver/Src/stm32f1xx_hal_tim.o
 .debug_info    0x00000000000081ad     0x14d5 ./Drivers/STM32F1xx_HAL_Driver/Src/stm32f1xx_hal_tim_ex.o

.debug_abbrev   0x0000000000000000     0x1b53
 .debug_abbrev  0x0000000000000000       0xad ./Core/Src/global.o
 .debug_abbrev  0x00000000000000ad       0xfa ./Core/Src/input_processing.o
 .debug_abbrev  0x00000000000001a7      0x152 ./Core/Src/input_reading.o
 .debug_abbrev  0x00000000000002f9      0x13f ./Core/Src/led_processing.o
 .debug_abbrev  0x0000000000000438      0x21b ./Core/Src/main.o
 .debug_abbrev  0x0000000000000653       0x6a ./Core/Src/mode_processing.o
 .debug_abbrev  0x00000000000006bd      0x1b7 ./Core/Src/stm32f1xx_hal_msp.o
 .debug_abbrev  0x0000000000000874      0x176 ./Core/Src/stm32f1xx_it.o
 .debug_abbrev  0x00000000000009ea      0x14e ./Core/Src/system_stm32f1xx.o
 .debug_abbrev  0x0000000000000b38      0x1ea ./Core/Src/timer.o
 .debug_abbrev  0x0000000000000d22       0x12 ./Core/Startup/startup_stm32f103c6ux.o
 .debug_abbrev  0x0000000000000d34      0x1ed ./Drivers/STM32F1xx_HAL_Driver/Src/stm32f1xx_hal.o
 .debug_abbrev  0x0000000000000f21      0x313 ./Drivers/STM32F1xx_HAL_Driver/Src/stm32f1xx_hal_cortex.o
 .debug_abbrev  0x0000000000001234      0x1e8 ./Drivers/STM32F1xx_HAL_Driver/Src/stm32f1xx_hal_gpio.o
 .debug_abbrev  0x000000000000141c      0x273 ./Drivers/STM32F1xx_HAL_Driver/Src/stm32f1xx_hal_rcc.o
 .debug_abbrev  0x000000000000168f      0x25e ./Drivers/STM32F1xx_HAL_Driver/Src/stm32f1xx_hal_tim.o
 .debug_abbrev  0x00000000000018ed      0x266 ./Drivers/STM32F1xx_HAL_Driver/Src/stm32f1xx_hal_tim_ex.o

.debug_aranges  0x0000000000000000      0xa48
 .debug_aranges
                0x0000000000000000       0x18 ./Core/Src/global.o
 .debug_aranges
                0x0000000000000018       0x20 ./Core/Src/input_processing.o
 .debug_aranges
                0x0000000000000038       0x30 ./Core/Src/input_reading.o
 .debug_aranges
                0x0000000000000068       0x40 ./Core/Src/led_processing.o
 .debug_aranges
                0x00000000000000a8       0x40 ./Core/Src/main.o
 .debug_aranges
                0x00000000000000e8       0x20 ./Core/Src/mode_processing.o
 .debug_aranges
                0x0000000000000108       0x30 ./Core/Src/stm32f1xx_hal_msp.o
 .debug_aranges
                0x0000000000000138       0x68 ./Core/Src/stm32f1xx_it.o
 .debug_aranges
                0x00000000000001a0       0x28 ./Core/Src/system_stm32f1xx.o
 .debug_aranges
                0x00000000000001c8       0x58 ./Core/Src/timer.o
 .debug_aranges
                0x0000000000000220       0x28 ./Core/Startup/startup_stm32f103c6ux.o
 .debug_aranges
                0x0000000000000248       0xe0 ./Drivers/STM32F1xx_HAL_Driver/Src/stm32f1xx_hal.o
 .debug_aranges
                0x0000000000000328      0x100 ./Drivers/STM32F1xx_HAL_Driver/Src/stm32f1xx_hal_cortex.o
 .debug_aranges
                0x0000000000000428       0x58 ./Drivers/STM32F1xx_HAL_Driver/Src/stm32f1xx_hal_gpio.o
 .debug_aranges
                0x0000000000000480       0x90 ./Drivers/STM32F1xx_HAL_Driver/Src/stm32f1xx_hal_rcc.o
 .debug_aranges
                0x0000000000000510      0x3d0 ./Drivers/STM32F1xx_HAL_Driver/Src/stm32f1xx_hal_tim.o
 .debug_aranges
                0x00000000000008e0      0x168 ./Drivers/STM32F1xx_HAL_Driver/Src/stm32f1xx_hal_tim_ex.o

.debug_macro    0x0000000000000000    0x16c2e
 .debug_macro   0x0000000000000000      0x1a7 ./Core/Src/global.o
 .debug_macro   0x00000000000001a7      0xa9c ./Core/Src/global.o
 .debug_macro   0x0000000000000c43      0x215 ./Core/Src/global.o
 .debug_macro   0x0000000000000e58       0x2e ./Core/Src/global.o
 .debug_macro   0x0000000000000e86       0x22 ./Core/Src/global.o
 .debug_macro   0x0000000000000ea8       0x22 ./Core/Src/global.o
 .debug_macro   0x0000000000000eca       0x8e ./Core/Src/global.o
 .debug_macro   0x0000000000000f58       0x51 ./Core/Src/global.o
 .debug_macro   0x0000000000000fa9      0x103 ./Core/Src/global.o
 .debug_macro   0x00000000000010ac       0x6a ./Core/Src/global.o
 .debug_macro   0x0000000000001116      0x1df ./Core/Src/global.o
 .debug_macro   0x00000000000012f5       0x1c ./Core/Src/global.o
 .debug_macro   0x0000000000001311       0x22 ./Core/Src/global.o
 .debug_macro   0x0000000000001333       0xc3 ./Core/Src/global.o
 .debug_macro   0x00000000000013f6      0xd23 ./Core/Src/global.o
 .debug_macro   0x0000000000002119     0xde75 ./Core/Src/global.o
 .debug_macro   0x000000000000ff8e       0x6d ./Core/Src/global.o
 .debug_macro   0x000000000000fffb     0x3468 ./Core/Src/global.o
 .debug_macro   0x0000000000013463      0x174 ./Core/Src/global.o
 .debug_macro   0x00000000000135d7       0x5c ./Core/Src/global.o
 .debug_macro   0x0000000000013633      0x5be ./Core/Src/global.o
 .debug_macro   0x0000000000013bf1      0x1b7 ./Core/Src/global.o
 .debug_macro   0x0000000000013da8      0x1cb ./Core/Src/global.o
 .debug_macro   0x0000000000013f73      0x114 ./Core/Src/global.o
 .debug_macro   0x0000000000014087      0x1b2 ./Core/Src/global.o
 .debug_macro   0x0000000000014239       0x27 ./Core/Src/global.o
 .debug_macro   0x0000000000014260      0x12f ./Core/Src/global.o
 .debug_macro   0x000000000001438f      0x1bc ./Core/Src/global.o
 .debug_macro   0x000000000001454b       0x34 ./Core/Src/global.o
 .debug_macro   0x000000000001457f       0x3c ./Core/Src/global.o
 .debug_macro   0x00000000000145bb       0x57 ./Core/Src/global.o
 .debug_macro   0x0000000000014612       0x88 ./Core/Src/global.o
 .debug_macro   0x000000000001469a      0x183 ./Core/Src/global.o
 .debug_macro   0x000000000001481d      0x141 ./Core/Src/global.o
 .debug_macro   0x000000000001495e      0x8d1 ./Core/Src/global.o
 .debug_macro   0x000000000001522f       0x69 ./Core/Src/global.o
 .debug_macro   0x0000000000015298      0x154 ./Core/Src/global.o
 .debug_macro   0x00000000000153ec      0x1cf ./Core/Src/input_processing.o
 .debug_macro   0x00000000000155bb      0x1c9 ./Core/Src/input_reading.o
 .debug_macro   0x0000000000015784      0x1b1 ./Core/Src/led_processing.o
 .debug_macro   0x0000000000015935      0x1d9 ./Core/Src/main.o
 .debug_macro   0x0000000000015b0e       0x39 ./Core/Src/mode_processing.o
 .debug_macro   0x0000000000015b47      0x1a7 ./Core/Src/stm32f1xx_hal_msp.o
 .debug_macro   0x0000000000015cee      0x1b1 ./Core/Src/stm32f1xx_it.o
 .debug_macro   0x0000000000015e9f      0x198 ./Core/Src/system_stm32f1xx.o
 .debug_macro   0x0000000000016037      0x1c5 ./Core/Src/timer.o
 .debug_macro   0x00000000000161fc      0x1bc ./Drivers/STM32F1xx_HAL_Driver/Src/stm32f1xx_hal.o
 .debug_macro   0x00000000000163b8      0x198 ./Drivers/STM32F1xx_HAL_Driver/Src/stm32f1xx_hal_cortex.o
 .debug_macro   0x0000000000016550      0x203 ./Drivers/STM32F1xx_HAL_Driver/Src/stm32f1xx_hal_gpio.o
 .debug_macro   0x0000000000016753      0x1aa ./Drivers/STM32F1xx_HAL_Driver/Src/stm32f1xx_hal_rcc.o
 .debug_macro   0x00000000000168fd      0x199 ./Drivers/STM32F1xx_HAL_Driver/Src/stm32f1xx_hal_tim.o
 .debug_macro   0x0000000000016a96      0x198 ./Drivers/STM32F1xx_HAL_Driver/Src/stm32f1xx_hal_tim_ex.o

.debug_line     0x0000000000000000     0xbe4b
 .debug_line    0x0000000000000000      0x6b0 ./Core/Src/global.o
 .debug_line    0x00000000000006b0      0x7f6 ./Core/Src/input_processing.o
 .debug_line    0x0000000000000ea6      0x794 ./Core/Src/input_reading.o
 .debug_line    0x000000000000163a      0x7ed ./Core/Src/led_processing.o
 .debug_line    0x0000000000001e27      0x84e ./Core/Src/main.o
 .debug_line    0x0000000000002675      0x184 ./Core/Src/mode_processing.o
 .debug_line    0x00000000000027f9      0x710 ./Core/Src/stm32f1xx_hal_msp.o
 .debug_line    0x0000000000002f09      0x7ae ./Core/Src/stm32f1xx_it.o
 .debug_line    0x00000000000036b7      0x752 ./Core/Src/system_stm32f1xx.o
 .debug_line    0x0000000000003e09      0x7f6 ./Core/Src/timer.o
 .debug_line    0x00000000000045ff       0x87 ./Core/Startup/startup_stm32f103c6ux.o
 .debug_line    0x0000000000004686      0x97f ./Drivers/STM32F1xx_HAL_Driver/Src/stm32f1xx_hal.o
 .debug_line    0x0000000000005005      0xb67 ./Drivers/STM32F1xx_HAL_Driver/Src/stm32f1xx_hal_cortex.o
 .debug_line    0x0000000000005b6c      0xa00 ./Drivers/STM32F1xx_HAL_Driver/Src/stm32f1xx_hal_gpio.o
 .debug_line    0x000000000000656c      0xd8d ./Drivers/STM32F1xx_HAL_Driver/Src/stm32f1xx_hal_rcc.o
 .debug_line    0x00000000000072f9     0x32dd ./Drivers/STM32F1xx_HAL_Driver/Src/stm32f1xx_hal_tim.o
 .debug_line    0x000000000000a5d6     0x1875 ./Drivers/STM32F1xx_HAL_Driver/Src/stm32f1xx_hal_tim_ex.o

.debug_str      0x0000000000000000    0x82442
 .debug_str     0x0000000000000000    0x7f73e ./Core/Src/global.o
                                      0x7fa6c (size before relaxing)
 .debug_str     0x000000000007f73e       0xdf ./Core/Src/input_processing.o
                                      0x7fb36 (size before relaxing)
 .debug_str     0x000000000007f81d      0x150 ./Core/Src/input_reading.o
                                      0x7fb8b (size before relaxing)
 .debug_str     0x000000000007f96d       0x91 ./Core/Src/led_processing.o
                                      0x7fad0 (size before relaxing)
 .debug_str     0x000000000007f9fe      0x6e2 ./Core/Src/main.o
                                      0x8026f (size before relaxing)
 .debug_str     0x00000000000800e0       0x2e ./Core/Src/mode_processing.o
                                       0x2e5e (size before relaxing)
 .debug_str     0x000000000008010e      0x2ba ./Core/Src/stm32f1xx_hal_msp.o
                                      0x80215 (size before relaxing)
 .debug_str     0x00000000000803c8       0xcd ./Core/Src/stm32f1xx_it.o
                                      0x7ff77 (size before relaxing)
 .debug_str     0x0000000000080495       0x52 ./Core/Src/system_stm32f1xx.o
                                      0x7f518 (size before relaxing)
 .debug_str     0x00000000000804e7      0x100 ./Core/Src/timer.o
                                      0x7ffe1 (size before relaxing)
 .debug_str     0x00000000000805e7       0x36 ./Core/Startup/startup_stm32f103c6ux.o
                                         0x83 (size before relaxing)
 .debug_str     0x000000000008061d      0x304 ./Drivers/STM32F1xx_HAL_Driver/Src/stm32f1xx_hal.o
                                      0x7fb6f (size before relaxing)
 .debug_str     0x0000000000080921      0x300 ./Drivers/STM32F1xx_HAL_Driver/Src/stm32f1xx_hal_cortex.o
                                      0x7fb77 (size before relaxing)
 .debug_str     0x0000000000080c21      0x316 ./Drivers/STM32F1xx_HAL_Driver/Src/stm32f1xx_hal_gpio.o
                                      0x7f8dc (size before relaxing)
 .debug_str     0x0000000000080f37      0x24f ./Drivers/STM32F1xx_HAL_Driver/Src/stm32f1xx_hal_rcc.o
                                      0x7f915 (size before relaxing)
 .debug_str     0x0000000000081186      0xdce ./Drivers/STM32F1xx_HAL_Driver/Src/stm32f1xx_hal_tim.o
                                      0x808e7 (size before relaxing)
 .debug_str     0x0000000000081f54      0x4ee ./Drivers/STM32F1xx_HAL_Driver/Src/stm32f1xx_hal_tim_ex.o
                                      0x80098 (size before relaxing)

.comment        0x0000000000000000       0x53
 .comment       0x0000000000000000       0x53 ./Core/Src/global.o
                                         0x54 (size before relaxing)
 .comment       0x0000000000000053       0x54 ./Core/Src/input_processing.o
 .comment       0x0000000000000053       0x54 ./Core/Src/input_reading.o
 .comment       0x0000000000000053       0x54 ./Core/Src/led_processing.o
 .comment       0x0000000000000053       0x54 ./Core/Src/main.o
 .comment       0x0000000000000053       0x54 ./Core/Src/mode_processing.o
 .comment       0x0000000000000053       0x54 ./Core/Src/stm32f1xx_hal_msp.o
 .comment       0x0000000000000053       0x54 ./Core/Src/stm32f1xx_it.o
 .comment       0x0000000000000053       0x54 ./Core/Src/system_stm32f1xx.o
 .comment       0x0000000000000053       0x54 ./Core/Src/timer.o
 .comment       0x0000000000000053       0x54 ./Drivers/STM32F1xx_HAL_Driver/Src/stm32f1xx_hal.o
 .comment       0x0000000000000053       0x54 ./Drivers/STM32F1xx_HAL_Driver/Src/stm32f1xx_hal_cortex.o
 .comment       0x0000000000000053       0x54 ./Drivers/STM32F1xx_HAL_Driver/Src/stm32f1xx_hal_gpio.o
 .comment       0x0000000000000053       0x54 ./Drivers/STM32F1xx_HAL_Driver/Src/stm32f1xx_hal_rcc.o
 .comment       0x0000000000000053       0x54 ./Drivers/STM32F1xx_HAL_Driver/Src/stm32f1xx_hal_tim.o
 .comment       0x0000000000000053       0x54 ./Drivers/STM32F1xx_HAL_Driver/Src/stm32f1xx_hal_tim_ex.o

.debug_ranges   0x0000000000000000      0x938
 .debug_ranges  0x0000000000000000       0x10 ./Core/Src/input_processing.o
 .debug_ranges  0x0000000000000010       0x20 ./Core/Src/input_reading.o
 .debug_ranges  0x0000000000000030       0x30 ./Core/Src/led_processing.o
 .debug_ranges  0x0000000000000060       0x30 ./Core/Src/main.o
 .debug_ranges  0x0000000000000090       0x10 ./Core/Src/mode_processing.o
 .debug_ranges  0x00000000000000a0       0x20 ./Core/Src/stm32f1xx_hal_msp.o
 .debug_ranges  0x00000000000000c0       0x58 ./Core/Src/stm32f1xx_it.o
 .debug_ranges  0x0000000000000118       0x18 ./Core/Src/system_stm32f1xx.o
 .debug_ranges  0x0000000000000130       0x48 ./Core/Src/timer.o
 .debug_ranges  0x0000000000000178       0x20 ./Core/Startup/startup_stm32f103c6ux.o
 .debug_ranges  0x0000000000000198       0xd0 ./Drivers/STM32F1xx_HAL_Driver/Src/stm32f1xx_hal.o
 .debug_ranges  0x0000000000000268       0xf0 ./Drivers/STM32F1xx_HAL_Driver/Src/stm32f1xx_hal_cortex.o
 .debug_ranges  0x0000000000000358       0x48 ./Drivers/STM32F1xx_HAL_Driver/Src/stm32f1xx_hal_gpio.o
 .debug_ranges  0x00000000000003a0       0x80 ./Drivers/STM32F1xx_HAL_Driver/Src/stm32f1xx_hal_rcc.o
 .debug_ranges  0x0000000000000420      0x3c0 ./Drivers/STM32F1xx_HAL_Driver/Src/stm32f1xx_hal_tim.o
 .debug_ranges  0x00000000000007e0      0x158 ./Drivers/STM32F1xx_HAL_Driver/Src/stm32f1xx_hal_tim_ex.o

.debug_frame    0x0000000000000000     0x287c
 .debug_frame   0x0000000000000000       0x34 ./Core/Src/input_processing.o
 .debug_frame   0x0000000000000034       0x84 ./Core/Src/input_reading.o
 .debug_frame   0x00000000000000b8       0xc4 ./Core/Src/led_processing.o
 .debug_frame   0x000000000000017c       0xb0 ./Core/Src/main.o
 .debug_frame   0x000000000000022c       0x2c ./Core/Src/mode_processing.o
 .debug_frame   0x0000000000000258       0x80 ./Core/Src/stm32f1xx_hal_msp.o
 .debug_frame   0x00000000000002d8      0x120 ./Core/Src/stm32f1xx_it.o
 .debug_frame   0x00000000000003f8       0x58 ./Core/Src/system_stm32f1xx.o
 .debug_frame   0x0000000000000450      0x12c ./Core/Src/timer.o
 .debug_frame   0x000000000000057c      0x334 ./Drivers/STM32F1xx_HAL_Driver/Src/stm32f1xx_hal.o
 .debug_frame   0x00000000000008b0      0x428 ./Drivers/STM32F1xx_HAL_Driver/Src/stm32f1xx_hal_cortex.o
 .debug_frame   0x0000000000000cd8      0x14c ./Drivers/STM32F1xx_HAL_Driver/Src/stm32f1xx_hal_gpio.o
 .debug_frame   0x0000000000000e24      0x21c ./Drivers/STM32F1xx_HAL_Driver/Src/stm32f1xx_hal_rcc.o
 .debug_frame   0x0000000000001040     0x11b8 ./Drivers/STM32F1xx_HAL_Driver/Src/stm32f1xx_hal_tim.o
 .debug_frame   0x00000000000021f8      0x638 ./Drivers/STM32F1xx_HAL_Driver/Src/stm32f1xx_hal_tim_ex.o
 .debug_frame   0x0000000000002830       0x2c e:/programs_installer/stm32cubeide_1.7.0/stm32cubeide/plugins/com.st.stm32cube.ide.mcu.externaltools.gnu-tools-for-stm32.9-2020-q2-update.win32_2.0.0.202105311346/tools/bin/../lib/gcc/arm-none-eabi/9.3.1/../../../../arm-none-eabi/lib/thumb/v7-m/nofp\libc_nano.a(lib_a-init.o)
 .debug_frame   0x000000000000285c       0x20 e:/programs_installer/stm32cubeide_1.7.0/stm32cubeide/plugins/com.st.stm32cube.ide.mcu.externaltools.gnu-tools-for-stm32.9-2020-q2-update.win32_2.0.0.202105311346/tools/bin/../lib/gcc/arm-none-eabi/9.3.1/../../../../arm-none-eabi/lib/thumb/v7-m/nofp\libc_nano.a(lib_a-memset.o)
