Archive member included to satisfy reference by file (symbol)

e:/programs_installer/stm32cubeide_1.7.0/stm32cubeide/plugins/com.st.stm32cube.ide.mcu.externaltools.gnu-tools-for-stm32.9-2020-q2-update.win32_2.0.0.202105311346/tools/bin/../lib/gcc/arm-none-eabi/9.3.1/../../../../arm-none-eabi/lib/thumb/v7-m/nofp\libc_nano.a(lib_a-errno.o)
                              ./Core/Src/syscalls.o (__errno)
e:/programs_installer/stm32cubeide_1.7.0/stm32cubeide/plugins/com.st.stm32cube.ide.mcu.externaltools.gnu-tools-for-stm32.9-2020-q2-update.win32_2.0.0.202105311346/tools/bin/../lib/gcc/arm-none-eabi/9.3.1/../../../../arm-none-eabi/lib/thumb/v7-m/nofp\libc_nano.a(lib_a-exit.o)
                              e:/programs_installer/stm32cubeide_1.7.0/stm32cubeide/plugins/com.st.stm32cube.ide.mcu.externaltools.gnu-tools-for-stm32.9-2020-q2-update.win32_2.0.0.202105311346/tools/bin/../lib/gcc/arm-none-eabi/9.3.1/../../../../arm-none-eabi/lib/thumb/v7-m/nofp/crt0.o (exit)
e:/programs_installer/stm32cubeide_1.7.0/stm32cubeide/plugins/com.st.stm32cube.ide.mcu.externaltools.gnu-tools-for-stm32.9-2020-q2-update.win32_2.0.0.202105311346/tools/bin/../lib/gcc/arm-none-eabi/9.3.1/../../../../arm-none-eabi/lib/thumb/v7-m/nofp\libc_nano.a(lib_a-impure.o)
                              e:/programs_installer/stm32cubeide_1.7.0/stm32cubeide/plugins/com.st.stm32cube.ide.mcu.externaltools.gnu-tools-for-stm32.9-2020-q2-update.win32_2.0.0.202105311346/tools/bin/../lib/gcc/arm-none-eabi/9.3.1/../../../../arm-none-eabi/lib/thumb/v7-m/nofp\libc_nano.a(lib_a-exit.o) (_global_impure_ptr)
e:/programs_installer/stm32cubeide_1.7.0/stm32cubeide/plugins/com.st.stm32cube.ide.mcu.externaltools.gnu-tools-for-stm32.9-2020-q2-update.win32_2.0.0.202105311346/tools/bin/../lib/gcc/arm-none-eabi/9.3.1/../../../../arm-none-eabi/lib/thumb/v7-m/nofp\libc_nano.a(lib_a-init.o)
                              e:/programs_installer/stm32cubeide_1.7.0/stm32cubeide/plugins/com.st.stm32cube.ide.mcu.externaltools.gnu-tools-for-stm32.9-2020-q2-update.win32_2.0.0.202105311346/tools/bin/../lib/gcc/arm-none-eabi/9.3.1/../../../../arm-none-eabi/lib/thumb/v7-m/nofp/crt0.o (__libc_init_array)
e:/programs_installer/stm32cubeide_1.7.0/stm32cubeide/plugins/com.st.stm32cube.ide.mcu.externaltools.gnu-tools-for-stm32.9-2020-q2-update.win32_2.0.0.202105311346/tools/bin/../lib/gcc/arm-none-eabi/9.3.1/../../../../arm-none-eabi/lib/thumb/v7-m/nofp\libc_nano.a(lib_a-memset.o)
                              e:/programs_installer/stm32cubeide_1.7.0/stm32cubeide/plugins/com.st.stm32cube.ide.mcu.externaltools.gnu-tools-for-stm32.9-2020-q2-update.win32_2.0.0.202105311346/tools/bin/../lib/gcc/arm-none-eabi/9.3.1/../../../../arm-none-eabi/lib/thumb/v7-m/nofp/crt0.o (memset)

Allocating common symbols
Common symbol       size              file

uwTick              0x4               ./Drivers/STM32F1xx_HAL_Driver/Src/stm32f1xx_hal.o
pFlash              0x20              ./Drivers/STM32F1xx_HAL_Driver/Src/stm32f1xx_hal_flash.o
huart1              0x44              ./Core/Src/main.o
htim2               0x48              ./Core/Src/main.o

Discarded input sections

 .text          0x0000000000000000        0x0 e:/programs_installer/stm32cubeide_1.7.0/stm32cubeide/plugins/com.st.stm32cube.ide.mcu.externaltools.gnu-tools-for-stm32.9-2020-q2-update.win32_2.0.0.202105311346/tools/bin/../lib/gcc/arm-none-eabi/9.3.1/thumb/v7-m/nofp/crti.o
 .data          0x0000000000000000        0x0 e:/programs_installer/stm32cubeide_1.7.0/stm32cubeide/plugins/com.st.stm32cube.ide.mcu.externaltools.gnu-tools-for-stm32.9-2020-q2-update.win32_2.0.0.202105311346/tools/bin/../lib/gcc/arm-none-eabi/9.3.1/thumb/v7-m/nofp/crti.o
 .bss           0x0000000000000000        0x0 e:/programs_installer/stm32cubeide_1.7.0/stm32cubeide/plugins/com.st.stm32cube.ide.mcu.externaltools.gnu-tools-for-stm32.9-2020-q2-update.win32_2.0.0.202105311346/tools/bin/../lib/gcc/arm-none-eabi/9.3.1/thumb/v7-m/nofp/crti.o
 .data          0x0000000000000000        0x4 e:/programs_installer/stm32cubeide_1.7.0/stm32cubeide/plugins/com.st.stm32cube.ide.mcu.externaltools.gnu-tools-for-stm32.9-2020-q2-update.win32_2.0.0.202105311346/tools/bin/../lib/gcc/arm-none-eabi/9.3.1/thumb/v7-m/nofp/crtbegin.o
 .text          0x0000000000000000       0x7c e:/programs_installer/stm32cubeide_1.7.0/stm32cubeide/plugins/com.st.stm32cube.ide.mcu.externaltools.gnu-tools-for-stm32.9-2020-q2-update.win32_2.0.0.202105311346/tools/bin/../lib/gcc/arm-none-eabi/9.3.1/../../../../arm-none-eabi/lib/thumb/v7-m/nofp/crt0.o
 .data          0x0000000000000000        0x0 e:/programs_installer/stm32cubeide_1.7.0/stm32cubeide/plugins/com.st.stm32cube.ide.mcu.externaltools.gnu-tools-for-stm32.9-2020-q2-update.win32_2.0.0.202105311346/tools/bin/../lib/gcc/arm-none-eabi/9.3.1/../../../../arm-none-eabi/lib/thumb/v7-m/nofp/crt0.o
[...]
Memory Configuration

Name             Origin             Length             Attributes
RAM              0x0000000020000000 0x0000000000002800 xrw
FLASH            0x0000000008000000 0x0000000000008000 xr
*default*        0x0000000000000000 0xffffffffffffffff

Linker script and memory map

LOAD e:/programs_installer/stm32cubeide_1.7.0/stm32cubeide/plugins/com.st.stm32cube.ide.mcu.externaltools.gnu-tools-for-stm32.9-2020-q2-update.win32_2.0.0.202105311346/tools/bin/../lib/gcc/arm-none-eabi/9.3.1/thumb/v7-m/nofp/crti.o
LOAD e:/programs_installer/stm32cubeide_1.7.0/stm32cubeide/plugins/com.st.stm32cube.ide.mcu.externaltools.gnu-tools-for-stm32.9-2020-q2-update.win32_2.0.0.202105311346/tools/bin/../lib/gcc/arm-none-eabi/9.3.1/thumb/v7-m/nofp/crtbegin.o
LOAD e:/programs_installer/stm32cubeide_1.7.0/stm32cubeide/plugins/com.st.stm32cube.ide.mcu.externaltools.gnu-tools-for-stm32.9-2020-q2-update.win32_2.0.0.202105311346/tools/bin/../lib/gcc/arm-none-eabi/9.3.1/../../../../arm-none-eabi/lib/thumb/v7-m/nofp/crt0.o
LOAD ./Core/Src/global.o
LOAD ./Core/Src/led_processing.o
LOAD ./Core/Src/main.o
LOAD ./Core/Src/scheduler.o
LOAD ./Core/Src/stm32f1xx_hal_msp.o
LOAD ./Core/Src/stm32f1xx_it.o
LOAD ./Core/Src/syscalls.o
LOAD ./Core/Src/sysmem.o
LOAD ./Core/Src/system_stm32f1xx.o
LOAD ./Core/Startup/startup_stm32f103c6ux.o
LOAD ./Drivers/STM32F1xx_HAL_Driver/Src/stm32f1xx_hal.o
LOAD ./Drivers/STM32F1xx_HAL_Driver/Src/stm32f1xx_hal_cortex.o
LOAD ./Drivers/STM32F1xx_HAL_Driver/Src/stm32f1xx_hal_dma.o
LOAD ./Drivers/STM32F1xx_HAL_Driver/Src/stm32f1xx_hal_exti.o
LOAD ./Drivers/STM32F1xx_HAL_Driver/Src/stm32f1xx_hal_flash.o
LOAD ./Drivers/STM32F1xx_HAL_Driver/Src/stm32f1xx_hal_flash_ex.o
LOAD ./Drivers/STM32F1xx_HAL_Driver/Src/stm32f1xx_hal_gpio.o
LOAD ./Drivers/STM32F1xx_HAL_Driver/Src/stm32f1xx_hal_gpio_ex.o
LOAD ./Drivers/STM32F1xx_HAL_Driver/Src/stm32f1xx_hal_pwr.o
LOAD ./Drivers/STM32F1xx_HAL_Driver/Src/stm32f1xx_hal_rcc.o
LOAD ./Drivers/STM32F1xx_HAL_Driver/Src/stm32f1xx_hal_rcc_ex.o
LOAD ./Drivers/STM32F1xx_HAL_Driver/Src/stm32f1xx_hal_tim.o
LOAD ./Drivers/STM32F1xx_HAL_Driver/Src/stm32f1xx_hal_tim_ex.o
LOAD ./Drivers/STM32F1xx_HAL_Driver/Src/stm32f1xx_hal_uart.o
START GROUP
LOAD e:/programs_installer/stm32cubeide_1.7.0/stm32cubeide/plugins/com.st.stm32cube.ide.mcu.externaltools.gnu-tools-for-stm32.9-2020-q2-update.win32_2.0.0.202105311346/tools/bin/../lib/gcc/arm-none-eabi/9.3.1/../../../../arm-none-eabi/lib/thumb/v7-m/nofp\libc_nano.a
LOAD e:/programs_installer/stm32cubeide_1.7.0/stm32cubeide/plugins/com.st.stm32cube.ide.mcu.externaltools.gnu-tools-for-stm32.9-2020-q2-update.win32_2.0.0.202105311346/tools/bin/../lib/gcc/arm-none-eabi/9.3.1/../../../../arm-none-eabi/lib/thumb/v7-m/nofp\libm.a
END GROUP
START GROUP
LOAD e:/programs_installer/stm32cubeide_1.7.0/stm32cubeide/plugins/com.st.stm32cube.ide.mcu.externaltools.gnu-tools-for-stm32.9-2020-q2-update.win32_2.0.0.202105311346/tools/bin/../lib/gcc/arm-none-eabi/9.3.1/thumb/v7-m/nofp\libgcc.a
LOAD e:/programs_installer/stm32cubeide_1.7.0/stm32cubeide/plugins/com.st.stm32cube.ide.mcu.externaltools.gnu-tools-for-stm32.9-2020-q2-update.win32_2.0.0.202105311346/tools/bin/../lib/gcc/arm-none-eabi/9.3.1/../../../../arm-none-eabi/lib/thumb/v7-m/nofp\libc_nano.a
END GROUP
START GROUP
LOAD e:/programs_installer/stm32cubeide_1.7.0/stm32cubeide/plugins/com.st.stm32cube.ide.mcu.externaltools.gnu-tools-for-stm32.9-2020-q2-update.win32_2.0.0.202105311346/tools/bin/../lib/gcc/arm-none-eabi/9.3.1/thumb/v7-m/nofp\libgcc.a
LOAD e:/programs_installer/stm32cubeide_1.7.0/stm32cubeide/plugins/com.st.stm32cube.ide.mcu.externaltools.gnu-tools-for-stm32.9-2020-q2-update.win32_2.0.0.202105311346/tools/bin/../lib/gcc/arm-none-eabi/9.3.1/../../../../arm-none-eabi/lib/thumb/v7-m/nofp\libc_nano.a
LOAD e:/programs_installer/stm32cubeide_1.7.0/stm32cubeide/plugins/com.st.stm32cube.ide.mcu.externaltools.gnu-tools-for-stm32.9-2020-q2-update.win32_2.0.0.202105311346/tools/bin/../lib/gcc/arm-none-eabi/9.3.1/../../../../arm-none-eabi/lib/thumb/v7-m/nofp\libnosys.a
END GROUP
START GROUP
LOAD e:/programs_installer/stm32cubeide_1.7.0/stm32cubeide/plugins/com.st.stm32cube.ide.mcu.externaltools.gnu-tools-for-stm32.9-2020-q2-update.win32_2.0.0.202105311346/tools/bin/../lib/gcc/arm-none-eabi/9.3.1/thumb/v7-m/nofp\libgcc.a
LOAD e:/programs_installer/stm32cubeide_1.7.0/stm32cubeide/plugins/com.st.stm32cube.ide.mcu.externaltools.gnu-tools-for-stm32.9-2020-q2-update.win32_2.0.0.202105311346/tools/bin/../lib/gcc/arm-none-eabi/9.3.1/../../../../arm-none-eabi/lib/thumb/v7-m/nofp\libc_nano.a
LOAD e:/programs_installer/stm32cubeide_1.7.0/stm32cubeide/plugins/com.st.stm32cube.ide.mcu.externaltools.gnu-tools-for-stm32.9-2020-q2-update.win32_2.0.0.202105311346/tools/bin/../lib/gcc/arm-none-eabi/9.3.1/../../../../arm-none-eabi/lib/thumb/v7-m/nofp\libnosys.a
END GROUP
LOAD e:/programs_installer/stm32cubeide_1.7.0/stm32cubeide/plugins/com.st.stm32cube.ide.mcu.externaltools.gnu-tools-for-stm32.9-2020-q2-update.win32_2.0.0.202105311346/tools/bin/../lib/gcc/arm-none-eabi/9.3.1/thumb/v7-m/nofp/crtend.o
LOAD e:/programs_installer/stm32cubeide_1.7.0/stm32cubeide/plugins/com.st.stm32cube.ide.mcu.externaltools.gnu-tools-for-stm32.9-2020-q2-update.win32_2.0.0.202105311346/tools/bin/../lib/gcc/arm-none-eabi/9.3.1/thumb/v7-m/nofp/crtn.o
                0x0000000020002800                _estack = (ORIGIN (RAM) + LENGTH (RAM))
                0x0000000000000200                _Min_Heap_Size = 0x200
                0x0000000000000400                _Min_Stack_Size = 0x400

.isr_vector     0x0000000008000000      0x10c
                0x0000000008000000                . = ALIGN (0x4)
 *(.isr_vector)
 .isr_vector    0x0000000008000000      0x10c ./Core/Startup/startup_stm32f103c6ux.o
                0x0000000008000000                g_pfnVectors
                0x000000000800010c                . = ALIGN (0x4)

.text           0x000000000800010c     0x2e0c
                0x000000000800010c                . = ALIGN (0x4)
 *(.text)
 .text          0x000000000800010c       0x40 e:/programs_installer/stm32cubeide_1.7.0/stm32cubeide/plugins/com.st.stm32cube.ide.mcu.externaltools.gnu-tools-for-stm32.9-2020-q2-update.win32_2.0.0.202105311346/tools/bin/../lib/gcc/arm-none-eabi/9.3.1/thumb/v7-m/nofp/crtbegin.o
 *(.text*)
 .text.display7SEG_0
                0x000000000800014c      0x11c ./Core/Src/led_processing.o
                0x000000000800014c                display7SEG_0
 .text.increase7SegLED
                0x0000000008000268       0x2c ./Core/Src/led_processing.o
                0x0000000008000268                increase7SegLED
 .text.toggleLED1
                0x0000000008000294       0x14 ./Core/Src/led_processing.o
                0x0000000008000294                toggleLED1
 .text.toggleLED2
                0x00000000080002a8       0x14 ./Core/Src/led_processing.o
                0x00000000080002a8                toggleLED2
 .text.toggleLED3
                0x00000000080002bc       0x14 ./Core/Src/led_processing.o
                0x00000000080002bc                toggleLED3
 .text.toggleLED4
                0x00000000080002d0       0x14 ./Core/Src/led_processing.o
                0x00000000080002d0                toggleLED4
 .text.toggleLED5
                0x00000000080002e4       0x14 ./Core/Src/led_processing.o
                0x00000000080002e4                toggleLED5
 .text.main     0x00000000080002f8       0x8c ./Core/Src/main.o
                0x00000000080002f8                main
 .text.SystemClock_Config
                0x0000000008000384       0x76 ./Core/Src/main.o
                0x0000000008000384                SystemClock_Config
 *fill*         0x00000000080003fa        0x2 
 .text.MX_TIM2_Init
                0x00000000080003fc       0x98 ./Core/Src/main.o
 .text.MX_USART1_UART_Init
                0x0000000008000494       0x54 ./Core/Src/main.o
 .text.MX_GPIO_Init
                0x00000000080004e8       0xa8 ./Core/Src/main.o
 .text.HAL_TIM_PeriodElapsedCallback
                0x0000000008000590       0x48 ./Core/Src/main.o
                0x0000000008000590                HAL_TIM_PeriodElapsedCallback
 .text.Error_Handler
                0x00000000080005d8        0xa ./Core/Src/main.o
                0x00000000080005d8                Error_Handler
 *fill*         0x00000000080005e2        0x2 
 .text.updateBuffer
                0x00000000080005e4      0x158 ./Core/Src/scheduler.o
                0x00000000080005e4                updateBuffer
 .text.SCH_Update
                0x000000000800073c       0xdc ./Core/Src/scheduler.o
                0x000000000800073c                SCH_Update
 .text.SCH_Add_Task
                0x0000000008000818       0xac ./Core/Src/scheduler.o
                0x0000000008000818                SCH_Add_Task
 .text.SCH_Dispatch_Tasks
                0x00000000080008c4      0x100 ./Core/Src/scheduler.o
                0x00000000080008c4                SCH_Dispatch_Tasks
 .text.SCH_Delete_Task
                0x00000000080009c4       0xc4 ./Core/Src/scheduler.o
                0x00000000080009c4                SCH_Delete_Task
 .text.SCH_Init
                0x0000000008000a88       0x5c ./Core/Src/scheduler.o
                0x0000000008000a88                SCH_Init
 .text.LEDs_Init
                0x0000000008000ae4       0x5c ./Core/Src/scheduler.o
                0x0000000008000ae4                LEDs_Init
 .text.HAL_MspInit
                0x0000000008000b40       0x64 ./Core/Src/stm32f1xx_hal_msp.o
                0x0000000008000b40                HAL_MspInit
 .text.HAL_TIM_Base_MspInit
                0x0000000008000ba4       0x48 ./Core/Src/stm32f1xx_hal_msp.o
                0x0000000008000ba4                HAL_TIM_Base_MspInit
 .text.HAL_UART_MspInit
                0x0000000008000bec       0xa8 ./Core/Src/stm32f1xx_hal_msp.o
                0x0000000008000bec                HAL_UART_MspInit
 .text.NMI_Handler
                0x0000000008000c94        0x6 ./Core/Src/stm32f1xx_it.o
                0x0000000008000c94                NMI_Handler
 .text.HardFault_Handler
                0x0000000008000c9a        0x6 ./Core/Src/stm32f1xx_it.o
                0x0000000008000c9a                HardFault_Handler
 .text.MemManage_Handler
                0x0000000008000ca0        0x6 ./Core/Src/stm32f1xx_it.o
                0x0000000008000ca0                MemManage_Handler
 .text.BusFault_Handler
                0x0000000008000ca6        0x6 ./Core/Src/stm32f1xx_it.o
                0x0000000008000ca6                BusFault_Handler
 .text.UsageFault_Handler
                0x0000000008000cac        0x6 ./Core/Src/stm32f1xx_it.o
                0x0000000008000cac                UsageFault_Handler
 .text.SVC_Handler
                0x0000000008000cb2        0xc ./Core/Src/stm32f1xx_it.o
                0x0000000008000cb2                SVC_Handler
 .text.DebugMon_Handler
                0x0000000008000cbe        0xc ./Core/Src/stm32f1xx_it.o
                0x0000000008000cbe                DebugMon_Handler
 .text.PendSV_Handler
                0x0000000008000cca        0xc ./Core/Src/stm32f1xx_it.o
                0x0000000008000cca                PendSV_Handler
 .text.SysTick_Handler
                0x0000000008000cd6        0xc ./Core/Src/stm32f1xx_it.o
                0x0000000008000cd6                SysTick_Handler
 *fill*         0x0000000008000ce2        0x2 
 .text.TIM2_IRQHandler
                0x0000000008000ce4       0x14 ./Core/Src/stm32f1xx_it.o
                0x0000000008000ce4                TIM2_IRQHandler
 .text.USART1_IRQHandler
                0x0000000008000cf8       0x14 ./Core/Src/stm32f1xx_it.o
                0x0000000008000cf8                USART1_IRQHandler
 .text.SystemInit
                0x0000000008000d0c        0xc ./Core/Src/system_stm32f1xx.o
                0x0000000008000d0c                SystemInit
 .text.Reset_Handler
                0x0000000008000d18       0x48 ./Core/Startup/startup_stm32f103c6ux.o
                0x0000000008000d18                Reset_Handler
 .text.Default_Handler
                0x0000000008000d60        0x2 ./Core/Startup/startup_stm32f103c6ux.o
                0x0000000008000d60                RTC_Alarm_IRQHandler
                0x0000000008000d60                EXTI2_IRQHandler
                0x0000000008000d60                TIM1_CC_IRQHandler
                0x0000000008000d60                PVD_IRQHandler
                0x0000000008000d60                EXTI3_IRQHandler
                0x0000000008000d60                EXTI0_IRQHandler
                0x0000000008000d60                ADC1_2_IRQHandler
                0x0000000008000d60                SPI1_IRQHandler
                0x0000000008000d60                TAMPER_IRQHandler
                0x0000000008000d60                DMA1_Channel4_IRQHandler
                0x0000000008000d60                RTC_IRQHandler
                0x0000000008000d60                DMA1_Channel7_IRQHandler
                0x0000000008000d60                CAN1_RX1_IRQHandler
                0x0000000008000d60                I2C1_EV_IRQHandler
                0x0000000008000d60                DMA1_Channel6_IRQHandler
                0x0000000008000d60                TIM3_IRQHandler
                0x0000000008000d60                RCC_IRQHandler
                0x0000000008000d60                TIM1_TRG_COM_IRQHandler
                0x0000000008000d60                DMA1_Channel1_IRQHandler
                0x0000000008000d60                Default_Handler
                0x0000000008000d60                EXTI15_10_IRQHandler
                0x0000000008000d60                EXTI9_5_IRQHandler
                0x0000000008000d60                DMA1_Channel5_IRQHandler
                0x0000000008000d60                EXTI4_IRQHandler
                0x0000000008000d60                USB_LP_CAN1_RX0_IRQHandler
                0x0000000008000d60                USB_HP_CAN1_TX_IRQHandler
                0x0000000008000d60                DMA1_Channel3_IRQHandler
                0x0000000008000d60                TIM1_UP_IRQHandler
                0x0000000008000d60                WWDG_IRQHandler
                0x0000000008000d60                TIM1_BRK_IRQHandler
                0x0000000008000d60                EXTI1_IRQHandler
                0x0000000008000d60                USART2_IRQHandler
                0x0000000008000d60                DMA1_Channel2_IRQHandler
                0x0000000008000d60                CAN1_SCE_IRQHandler
                0x0000000008000d60                FLASH_IRQHandler
                0x0000000008000d60                I2C1_ER_IRQHandler
                0x0000000008000d60                USBWakeUp_IRQHandler
 *fill*         0x0000000008000d62        0x2 
 .text.HAL_Init
                0x0000000008000d64       0x2c ./Drivers/STM32F1xx_HAL_Driver/Src/stm32f1xx_hal.o
                0x0000000008000d64                HAL_Init
 .text.HAL_InitTick
                0x0000000008000d90       0x60 ./Drivers/STM32F1xx_HAL_Driver/Src/stm32f1xx_hal.o
                0x0000000008000d90                HAL_InitTick
 .text.HAL_IncTick
                0x0000000008000df0       0x24 ./Drivers/STM32F1xx_HAL_Driver/Src/stm32f1xx_hal.o
                0x0000000008000df0                HAL_IncTick
 .text.HAL_GetTick
                0x0000000008000e14       0x14 ./Drivers/STM32F1xx_HAL_Driver/Src/stm32f1xx_hal.o
                0x0000000008000e14                HAL_GetTick
 .text.__NVIC_SetPriorityGrouping
                0x0000000008000e28       0x48 ./Drivers/STM32F1xx_HAL_Driver/Src/stm32f1xx_hal_cortex.o
 .text.__NVIC_GetPriorityGrouping
                0x0000000008000e70       0x1c ./Drivers/STM32F1xx_HAL_Driver/Src/stm32f1xx_hal_cortex.o
 .text.__NVIC_EnableIRQ
                0x0000000008000e8c       0x38 ./Drivers/STM32F1xx_HAL_Driver/Src/stm32f1xx_hal_cortex.o
 .text.__NVIC_SetPriority
                0x0000000008000ec4       0x54 ./Drivers/STM32F1xx_HAL_Driver/Src/stm32f1xx_hal_cortex.o
 .text.NVIC_EncodePriority
                0x0000000008000f18       0x64 ./Drivers/STM32F1xx_HAL_Driver/Src/stm32f1xx_hal_cortex.o
 .text.SysTick_Config
                0x0000000008000f7c       0x44 ./Drivers/STM32F1xx_HAL_Driver/Src/stm32f1xx_hal_cortex.o
 .text.HAL_NVIC_SetPriorityGrouping
                0x0000000008000fc0       0x16 ./Drivers/STM32F1xx_HAL_Driver/Src/stm32f1xx_hal_cortex.o
                0x0000000008000fc0                HAL_NVIC_SetPriorityGrouping
 .text.HAL_NVIC_SetPriority
                0x0000000008000fd6       0x38 ./Drivers/STM32F1xx_HAL_Driver/Src/stm32f1xx_hal_cortex.o
                0x0000000008000fd6                HAL_NVIC_SetPriority
 .text.HAL_NVIC_EnableIRQ
                0x000000000800100e       0x1c ./Drivers/STM32F1xx_HAL_Driver/Src/stm32f1xx_hal_cortex.o
                0x000000000800100e                HAL_NVIC_EnableIRQ
 .text.HAL_SYSTICK_Config
                0x000000000800102a       0x18 ./Drivers/STM32F1xx_HAL_Driver/Src/stm32f1xx_hal_cortex.o
                0x000000000800102a                HAL_SYSTICK_Config
 .text.HAL_DMA_Abort
                0x0000000008001042       0x74 ./Drivers/STM32F1xx_HAL_Driver/Src/stm32f1xx_hal_dma.o
                0x0000000008001042                HAL_DMA_Abort
 *fill*         0x00000000080010b6        0x2 
 .text.HAL_DMA_Abort_IT
                0x00000000080010b8       0xec ./Drivers/STM32F1xx_HAL_Driver/Src/stm32f1xx_hal_dma.o
                0x00000000080010b8                HAL_DMA_Abort_IT
 .text.HAL_GPIO_Init
                0x00000000080011a4      0x2f4 ./Drivers/STM32F1xx_HAL_Driver/Src/stm32f1xx_hal_gpio.o
                0x00000000080011a4                HAL_GPIO_Init
 .text.HAL_GPIO_WritePin
                0x0000000008001498       0x30 ./Drivers/STM32F1xx_HAL_Driver/Src/stm32f1xx_hal_gpio.o
                0x0000000008001498                HAL_GPIO_WritePin
 .text.HAL_GPIO_TogglePin
                0x00000000080014c8       0x32 ./Drivers/STM32F1xx_HAL_Driver/Src/stm32f1xx_hal_gpio.o
                0x00000000080014c8                HAL_GPIO_TogglePin
 *fill*         0x00000000080014fa        0x2 
 .text.HAL_RCC_OscConfig
                0x00000000080014fc      0x500 ./Drivers/STM32F1xx_HAL_Driver/Src/stm32f1xx_hal_rcc.o
                0x00000000080014fc                HAL_RCC_OscConfig
 .text.HAL_RCC_ClockConfig
                0x00000000080019fc      0x1d4 ./Drivers/STM32F1xx_HAL_Driver/Src/stm32f1xx_hal_rcc.o
                0x00000000080019fc                HAL_RCC_ClockConfig
 .text.HAL_RCC_GetSysClockFreq
                0x0000000008001bd0       0xc0 ./Drivers/STM32F1xx_HAL_Driver/Src/stm32f1xx_hal_rcc.o
                0x0000000008001bd0                HAL_RCC_GetSysClockFreq
 .text.HAL_RCC_GetHCLKFreq
                0x0000000008001c90       0x14 ./Drivers/STM32F1xx_HAL_Driver/Src/stm32f1xx_hal_rcc.o
                0x0000000008001c90                HAL_RCC_GetHCLKFreq
 .text.HAL_RCC_GetPCLK1Freq
                0x0000000008001ca4       0x28 ./Drivers/STM32F1xx_HAL_Driver/Src/stm32f1xx_hal_rcc.o
                0x0000000008001ca4                HAL_RCC_GetPCLK1Freq
 .text.HAL_RCC_GetPCLK2Freq
                0x0000000008001ccc       0x28 ./Drivers/STM32F1xx_HAL_Driver/Src/stm32f1xx_hal_rcc.o
                0x0000000008001ccc                HAL_RCC_GetPCLK2Freq
 .text.RCC_Delay
                0x0000000008001cf4       0x3c ./Drivers/STM32F1xx_HAL_Driver/Src/stm32f1xx_hal_rcc.o
 .text.HAL_TIM_Base_Init
                0x0000000008001d30       0x9e ./Drivers/STM32F1xx_HAL_Driver/Src/stm32f1xx_hal_tim.o
                0x0000000008001d30                HAL_TIM_Base_Init
 *fill*         0x0000000008001dce        0x2 
 .text.HAL_TIM_Base_Start_IT
                0x0000000008001dd0       0x98 ./Drivers/STM32F1xx_HAL_Driver/Src/stm32f1xx_hal_tim.o
                0x0000000008001dd0                HAL_TIM_Base_Start_IT
 .text.HAL_TIM_IRQHandler
                0x0000000008001e68      0x210 ./Drivers/STM32F1xx_HAL_Driver/Src/stm32f1xx_hal_tim.o
                0x0000000008001e68                HAL_TIM_IRQHandler
 .text.HAL_TIM_ConfigClockSource
                0x0000000008002078      0x188 ./Drivers/STM32F1xx_HAL_Driver/Src/stm32f1xx_hal_tim.o
                0x0000000008002078                HAL_TIM_ConfigClockSource
 .text.HAL_TIM_OC_DelayElapsedCallback
                0x0000000008002200       0x12 ./Drivers/STM32F1xx_HAL_Driver/Src/stm32f1xx_hal_tim.o
                0x0000000008002200                HAL_TIM_OC_DelayElapsedCallback
 .text.HAL_TIM_IC_CaptureCallback
                0x0000000008002212       0x12 ./Drivers/STM32F1xx_HAL_Driver/Src/stm32f1xx_hal_tim.o
                0x0000000008002212                HAL_TIM_IC_CaptureCallback
 .text.HAL_TIM_PWM_PulseFinishedCallback
                0x0000000008002224       0x12 ./Drivers/STM32F1xx_HAL_Driver/Src/stm32f1xx_hal_tim.o
                0x0000000008002224                HAL_TIM_PWM_PulseFinishedCallback
 .text.HAL_TIM_TriggerCallback
                0x0000000008002236       0x12 ./Drivers/STM32F1xx_HAL_Driver/Src/stm32f1xx_hal_tim.o
                0x0000000008002236                HAL_TIM_TriggerCallback
 .text.TIM_Base_SetConfig
                0x0000000008002248       0xb0 ./Drivers/STM32F1xx_HAL_Driver/Src/stm32f1xx_hal_tim.o
                0x0000000008002248                TIM_Base_SetConfig
 .text.TIM_TI1_ConfigInputStage
                0x00000000080022f8       0x5c ./Drivers/STM32F1xx_HAL_Driver/Src/stm32f1xx_hal_tim.o
 .text.TIM_TI2_ConfigInputStage
                0x0000000008002354       0x5e ./Drivers/STM32F1xx_HAL_Driver/Src/stm32f1xx_hal_tim.o
 .text.TIM_ITRx_SetConfig
                0x00000000080023b2       0x34 ./Drivers/STM32F1xx_HAL_Driver/Src/stm32f1xx_hal_tim.o
 .text.TIM_ETR_SetConfig
                0x00000000080023e6       0x3e ./Drivers/STM32F1xx_HAL_Driver/Src/stm32f1xx_hal_tim.o
                0x00000000080023e6                TIM_ETR_SetConfig
 .text.HAL_TIMEx_MasterConfigSynchronization
                0x0000000008002424       0xb0 ./Drivers/STM32F1xx_HAL_Driver/Src/stm32f1xx_hal_tim_ex.o
                0x0000000008002424                HAL_TIMEx_MasterConfigSynchronization
 .text.HAL_TIMEx_CommutCallback
                0x00000000080024d4       0x12 ./Drivers/STM32F1xx_HAL_Driver/Src/stm32f1xx_hal_tim_ex.o
                0x00000000080024d4                HAL_TIMEx_CommutCallback
 .text.HAL_TIMEx_BreakCallback
                0x00000000080024e6       0x12 ./Drivers/STM32F1xx_HAL_Driver/Src/stm32f1xx_hal_tim_ex.o
                0x00000000080024e6                HAL_TIMEx_BreakCallback
 .text.HAL_UART_Init
                0x00000000080024f8       0x9a ./Drivers/STM32F1xx_HAL_Driver/Src/stm32f1xx_hal_uart.o
                0x00000000080024f8                HAL_UART_Init
 .text.HAL_UART_Transmit
                0x0000000008002592      0x124 ./Drivers/STM32F1xx_HAL_Driver/Src/stm32f1xx_hal_uart.o
                0x0000000008002592                HAL_UART_Transmit
 *fill*         0x00000000080026b6        0x2 
 .text.HAL_UART_IRQHandler
                0x00000000080026b8      0x354 ./Drivers/STM32F1xx_HAL_Driver/Src/stm32f1xx_hal_uart.o
                0x00000000080026b8                HAL_UART_IRQHandler
 .text.HAL_UART_TxCpltCallback
                0x0000000008002a0c       0x12 ./Drivers/STM32F1xx_HAL_Driver/Src/stm32f1xx_hal_uart.o
                0x0000000008002a0c                HAL_UART_TxCpltCallback
 .text.HAL_UART_RxCpltCallback
                0x0000000008002a1e       0x12 ./Drivers/STM32F1xx_HAL_Driver/Src/stm32f1xx_hal_uart.o
                0x0000000008002a1e                HAL_UART_RxCpltCallback
 .text.HAL_UART_ErrorCallback
                0x0000000008002a30       0x12 ./Drivers/STM32F1xx_HAL_Driver/Src/stm32f1xx_hal_uart.o
                0x0000000008002a30                HAL_UART_ErrorCallback
 .text.HAL_UARTEx_RxEventCallback
                0x0000000008002a42       0x16 ./Drivers/STM32F1xx_HAL_Driver/Src/stm32f1xx_hal_uart.o
                0x0000000008002a42                HAL_UARTEx_RxEventCallback
 .text.UART_WaitOnFlagUntilTimeout
                0x0000000008002a58       0x94 ./Drivers/STM32F1xx_HAL_Driver/Src/stm32f1xx_hal_uart.o
 .text.UART_EndRxTransfer
                0x0000000008002aec       0x58 ./Drivers/STM32F1xx_HAL_Driver/Src/stm32f1xx_hal_uart.o
 .text.UART_DMAAbortOnError
                0x0000000008002b44       0x28 ./Drivers/STM32F1xx_HAL_Driver/Src/stm32f1xx_hal_uart.o
 .text.UART_Transmit_IT
                0x0000000008002b6c       0x9e ./Drivers/STM32F1xx_HAL_Driver/Src/stm32f1xx_hal_uart.o
 .text.UART_EndTransmit_IT
                0x0000000008002c0a       0x30 ./Drivers/STM32F1xx_HAL_Driver/Src/stm32f1xx_hal_uart.o
 .text.UART_Receive_IT
                0x0000000008002c3a      0x152 ./Drivers/STM32F1xx_HAL_Driver/Src/stm32f1xx_hal_uart.o
 .text.UART_SetConfig
                0x0000000008002d8c      0x11c ./Drivers/STM32F1xx_HAL_Driver/Src/stm32f1xx_hal_uart.o
 .text.__libc_init_array
                0x0000000008002ea8       0x48 e:/programs_installer/stm32cubeide_1.7.0/stm32cubeide/plugins/com.st.stm32cube.ide.mcu.externaltools.gnu-tools-for-stm32.9-2020-q2-update.win32_2.0.0.202105311346/tools/bin/../lib/gcc/arm-none-eabi/9.3.1/../../../../arm-none-eabi/lib/thumb/v7-m/nofp\libc_nano.a(lib_a-init.o)
                0x0000000008002ea8                __libc_init_array
 .text.memset   0x0000000008002ef0       0x10 e:/programs_installer/stm32cubeide_1.7.0/stm32cubeide/plugins/com.st.stm32cube.ide.mcu.externaltools.gnu-tools-for-stm32.9-2020-q2-update.win32_2.0.0.202105311346/tools/bin/../lib/gcc/arm-none-eabi/9.3.1/../../../../arm-none-eabi/lib/thumb/v7-m/nofp\libc_nano.a(lib_a-memset.o)
                0x0000000008002ef0                memset
 *(.glue_7)
 .glue_7        0x0000000008002f00        0x0 linker stubs
 *(.glue_7t)
 .glue_7t       0x0000000008002f00        0x0 linker stubs
 *(.eh_frame)
 .eh_frame      0x0000000008002f00        0x0 e:/programs_installer/stm32cubeide_1.7.0/stm32cubeide/plugins/com.st.stm32cube.ide.mcu.externaltools.gnu-tools-for-stm32.9-2020-q2-update.win32_2.0.0.202105311346/tools/bin/../lib/gcc/arm-none-eabi/9.3.1/thumb/v7-m/nofp/crtbegin.o
 *(.init)
 .init          0x0000000008002f00        0x4 e:/programs_installer/stm32cubeide_1.7.0/stm32cubeide/plugins/com.st.stm32cube.ide.mcu.externaltools.gnu-tools-for-stm32.9-2020-q2-update.win32_2.0.0.202105311346/tools/bin/../lib/gcc/arm-none-eabi/9.3.1/thumb/v7-m/nofp/crti.o
                0x0000000008002f00                _init
 .init          0x0000000008002f04        0x8 e:/programs_installer/stm32cubeide_1.7.0/stm32cubeide/plugins/com.st.stm32cube.ide.mcu.externaltools.gnu-tools-for-stm32.9-2020-q2-update.win32_2.0.0.202105311346/tools/bin/../lib/gcc/arm-none-eabi/9.3.1/thumb/v7-m/nofp/crtn.o
 *(.fini)
 .fini          0x0000000008002f0c        0x4 e:/programs_installer/stm32cubeide_1.7.0/stm32cubeide/plugins/com.st.stm32cube.ide.mcu.externaltools.gnu-tools-for-stm32.9-2020-q2-update.win32_2.0.0.202105311346/tools/bin/../lib/gcc/arm-none-eabi/9.3.1/thumb/v7-m/nofp/crti.o
                0x0000000008002f0c                _fini
 .fini          0x0000000008002f10        0x8 e:/programs_installer/stm32cubeide_1.7.0/stm32cubeide/plugins/com.st.stm32cube.ide.mcu.externaltools.gnu-tools-for-stm32.9-2020-q2-update.win32_2.0.0.202105311346/tools/bin/../lib/gcc/arm-none-eabi/9.3.1/thumb/v7-m/nofp/crtn.o
                0x0000000008002f18                . = ALIGN (0x4)
                0x0000000008002f18                _etext = .

.vfp11_veneer   0x0000000008002f18        0x0
 .vfp11_veneer  0x0000000008002f18        0x0 linker stubs

.v4_bx          0x0000000008002f18        0x0
 .v4_bx         0x0000000008002f18        0x0 linker stubs

.iplt           0x0000000008002f18        0x0
 .iplt          0x0000000008002f18        0x0 e:/programs_installer/stm32cubeide_1.7.0/stm32cubeide/plugins/com.st.stm32cube.ide.mcu.externaltools.gnu-tools-for-stm32.9-2020-q2-update.win32_2.0.0.202105311346/tools/bin/../lib/gcc/arm-none-eabi/9.3.1/thumb/v7-m/nofp/crtbegin.o

.rodata         0x0000000008002f18       0x28
                0x0000000008002f18                . = ALIGN (0x4)
 *(.rodata)
 .rodata        0x0000000008002f18       0x10 ./Drivers/STM32F1xx_HAL_Driver/Src/stm32f1xx_hal_rcc.o
 *(.rodata*)
 .rodata.AHBPrescTable
                0x0000000008002f28       0x10 ./Core/Src/system_stm32f1xx.o
                0x0000000008002f28                AHBPrescTable
 .rodata.APBPrescTable
                0x0000000008002f38        0x8 ./Core/Src/system_stm32f1xx.o
                0x0000000008002f38                APBPrescTable
                0x0000000008002f40                . = ALIGN (0x4)

.rel.dyn        0x0000000008002f40        0x0
 .rel.iplt      0x0000000008002f40        0x0 e:/programs_installer/stm32cubeide_1.7.0/stm32cubeide/plugins/com.st.stm32cube.ide.mcu.externaltools.gnu-tools-for-stm32.9-2020-q2-update.win32_2.0.0.202105311346/tools/bin/../lib/gcc/arm-none-eabi/9.3.1/thumb/v7-m/nofp/crtbegin.o

.ARM.extab      0x0000000008002f40        0x0
                0x0000000008002f40                . = ALIGN (0x4)
 *(.ARM.extab* .gnu.linkonce.armextab.*)
                0x0000000008002f40                . = ALIGN (0x4)

.ARM            0x0000000008002f40        0x0
                0x0000000008002f40                . = ALIGN (0x4)
                0x0000000008002f40                __exidx_start = .
 *(.ARM.exidx*)
                0x0000000008002f40                __exidx_end = .
                0x0000000008002f40                . = ALIGN (0x4)

.preinit_array  0x0000000008002f40        0x0
                0x0000000008002f40                . = ALIGN (0x4)
                0x0000000008002f40                PROVIDE (__preinit_array_start = .)
 *(.preinit_array*)
                0x0000000008002f40                PROVIDE (__preinit_array_end = .)
                0x0000000008002f40                . = ALIGN (0x4)

.init_array     0x0000000008002f40        0x4
                0x0000000008002f40                . = ALIGN (0x4)
                0x0000000008002f40                PROVIDE (__init_array_start = .)
 *(SORT_BY_NAME(.init_array.*))
 *(.init_array*)
 .init_array    0x0000000008002f40        0x4 e:/programs_installer/stm32cubeide_1.7.0/stm32cubeide/plugins/com.st.stm32cube.ide.mcu.externaltools.gnu-tools-for-stm32.9-2020-q2-update.win32_2.0.0.202105311346/tools/bin/../lib/gcc/arm-none-eabi/9.3.1/thumb/v7-m/nofp/crtbegin.o
                0x0000000008002f44                PROVIDE (__init_array_end = .)
                0x0000000008002f44                . = ALIGN (0x4)

.fini_array     0x0000000008002f44        0x4
                0x0000000008002f44                . = ALIGN (0x4)
                [!provide]                        PROVIDE (__fini_array_start = .)
 *(SORT_BY_NAME(.fini_array.*))
 *(.fini_array*)
 .fini_array    0x0000000008002f44        0x4 e:/programs_installer/stm32cubeide_1.7.0/stm32cubeide/plugins/com.st.stm32cube.ide.mcu.externaltools.gnu-tools-for-stm32.9-2020-q2-update.win32_2.0.0.202105311346/tools/bin/../lib/gcc/arm-none-eabi/9.3.1/thumb/v7-m/nofp/crtbegin.o
                [!provide]                        PROVIDE (__fini_array_end = .)
                0x0000000008002f48                . = ALIGN (0x4)
                0x0000000008002f48                _sidata = LOADADDR (.data)

.data           0x0000000020000000       0x78 load address 0x0000000008002f48
                0x0000000020000000                . = ALIGN (0x4)
                0x0000000020000000                _sdata = .
 *(.data)
 *(.data*)
 .data.counter  0x0000000020000000        0x4 ./Core/Src/main.o
                0x0000000020000000                counter
 .data.tBuffer  0x0000000020000004       0x32 ./Core/Src/scheduler.o
                0x0000000020000004                tBuffer
 *fill*         0x0000000020000036        0x2 
 .data.tBuffer2
                0x0000000020000038       0x32 ./Core/Src/scheduler.o
                0x0000000020000038                tBuffer2
 *fill*         0x000000002000006a        0x2 
 .data.SystemCoreClock
                0x000000002000006c        0x4 ./Core/Src/system_stm32f1xx.o
                0x000000002000006c                SystemCoreClock
 .data.uwTickPrio
                0x0000000020000070        0x4 ./Drivers/STM32F1xx_HAL_Driver/Src/stm32f1xx_hal.o
                0x0000000020000070                uwTickPrio
 .data.uwTickFreq
                0x0000000020000074        0x1 ./Drivers/STM32F1xx_HAL_Driver/Src/stm32f1xx_hal.o
                0x0000000020000074                uwTickFreq
 *(.RamFunc)
 *(.RamFunc*)
                0x0000000020000078                . = ALIGN (0x4)
 *fill*         0x0000000020000075        0x3 
                0x0000000020000078                _edata = .

.igot.plt       0x0000000020000078        0x0 load address 0x0000000008002fc0
 .igot.plt      0x0000000020000078        0x0 e:/programs_installer/stm32cubeide_1.7.0/stm32cubeide/plugins/com.st.stm32cube.ide.mcu.externaltools.gnu-tools-for-stm32.9-2020-q2-update.win32_2.0.0.202105311346/tools/bin/../lib/gcc/arm-none-eabi/9.3.1/thumb/v7-m/nofp/crtbegin.o
                0x0000000020000078                . = ALIGN (0x4)

.bss            0x0000000020000078      0x3d4 load address 0x0000000008002fc0
                0x0000000020000078                _sbss = .
                0x0000000020000078                __bss_start__ = _sbss
 *(.bss)
 .bss           0x0000000020000078       0x1c e:/programs_installer/stm32cubeide_1.7.0/stm32cubeide/plugins/com.st.stm32cube.ide.mcu.externaltools.gnu-tools-for-stm32.9-2020-q2-update.win32_2.0.0.202105311346/tools/bin/../lib/gcc/arm-none-eabi/9.3.1/thumb/v7-m/nofp/crtbegin.o
 *(.bss*)
 .bss.value     0x0000000020000094        0x4 ./Core/Src/led_processing.o
 .bss.SCH_tasks_G
                0x0000000020000098      0x320 ./Core/Src/scheduler.o
 .bss.Error_code_G
                0x00000000200003b8        0x1 ./Core/Src/scheduler.o
 *(COMMON)
 *fill*         0x00000000200003b9        0x3 
 COMMON         0x00000000200003bc       0x8c ./Core/Src/main.o
                0x00000000200003bc                huart1
                0x0000000020000400                htim2
 COMMON         0x0000000020000448        0x4 ./Drivers/STM32F1xx_HAL_Driver/Src/stm32f1xx_hal.o
                0x0000000020000448                uwTick
                0x000000002000044c                . = ALIGN (0x4)
                0x000000002000044c                _ebss = .
                0x000000002000044c                __bss_end__ = _ebss

._user_heap_stack
                0x000000002000044c      0x604 load address 0x0000000008002fc0
                0x0000000020000450                . = ALIGN (0x8)
 *fill*         0x000000002000044c        0x4 
                [!provide]                        PROVIDE (end = .)
                0x0000000020000450                PROVIDE (_end = .)
                0x0000000020000650                . = (. + _Min_Heap_Size)
 *fill*         0x0000000020000450      0x200 
                0x0000000020000a50                . = (. + _Min_Stack_Size)
 *fill*         0x0000000020000650      0x400 
                0x0000000020000a50                . = ALIGN (0x8)

/DISCARD/
 libc.a(*)
 libm.a(*)
 libgcc.a(*)

.ARM.attributes
                0x0000000000000000       0x29
 *(.ARM.attributes)
 .ARM.attributes
                0x0000000000000000       0x1d e:/programs_installer/stm32cubeide_1.7.0/stm32cubeide/plugins/com.st.stm32cube.ide.mcu.externaltools.gnu-tools-for-stm32.9-2020-q2-update.win32_2.0.0.202105311346/tools/bin/../lib/gcc/arm-none-eabi/9.3.1/thumb/v7-m/nofp/crti.o
 .ARM.attributes
                0x000000000000001d       0x2d e:/programs_installer/stm32cubeide_1.7.0/stm32cubeide/plugins/com.st.stm32cube.ide.mcu.externaltools.gnu-tools-for-stm32.9-2020-q2-update.win32_2.0.0.202105311346/tools/bin/../lib/gcc/arm-none-eabi/9.3.1/thumb/v7-m/nofp/crtbegin.o
 .ARM.attributes
                0x000000000000004a       0x2d ./Core/Src/led_processing.o
 .ARM.attributes
                0x0000000000000077       0x2d ./Core/Src/main.o
 .ARM.attributes
                0x00000000000000a4       0x2d ./Core/Src/scheduler.o
 .ARM.attributes
                0x00000000000000d1       0x2d ./Core/Src/stm32f1xx_hal_msp.o
 .ARM.attributes
                0x00000000000000fe       0x2d ./Core/Src/stm32f1xx_it.o
 .ARM.attributes
                0x000000000000012b       0x2d ./Core/Src/system_stm32f1xx.o
 .ARM.attributes
                0x0000000000000158       0x21 ./Core/Startup/startup_stm32f103c6ux.o
 .ARM.attributes
                0x0000000000000179       0x2d ./Drivers/STM32F1xx_HAL_Driver/Src/stm32f1xx_hal.o
 .ARM.attributes
                0x00000000000001a6       0x2d ./Drivers/STM32F1xx_HAL_Driver/Src/stm32f1xx_hal_cortex.o
 .ARM.attributes
                0x00000000000001d3       0x2d ./Drivers/STM32F1xx_HAL_Driver/Src/stm32f1xx_hal_dma.o
 .ARM.attributes
                0x0000000000000200       0x2d ./Drivers/STM32F1xx_HAL_Driver/Src/stm32f1xx_hal_gpio.o
 .ARM.attributes
                0x000000000000022d       0x2d ./Drivers/STM32F1xx_HAL_Driver/Src/stm32f1xx_hal_rcc.o
 .ARM.attributes
                0x000000000000025a       0x2d ./Drivers/STM32F1xx_HAL_Driver/Src/stm32f1xx_hal_tim.o
 .ARM.attributes
                0x0000000000000287       0x2d ./Drivers/STM32F1xx_HAL_Driver/Src/stm32f1xx_hal_tim_ex.o
 .ARM.attributes
                0x00000000000002b4       0x2d ./Drivers/STM32F1xx_HAL_Driver/Src/stm32f1xx_hal_uart.o
 .ARM.attributes
                0x00000000000002e1       0x2d e:/programs_installer/stm32cubeide_1.7.0/stm32cubeide/plugins/com.st.stm32cube.ide.mcu.externaltools.gnu-tools-for-stm32.9-2020-q2-update.win32_2.0.0.202105311346/tools/bin/../lib/gcc/arm-none-eabi/9.3.1/../../../../arm-none-eabi/lib/thumb/v7-m/nofp\libc_nano.a(lib_a-init.o)
 .ARM.attributes
                0x000000000000030e       0x2d e:/programs_installer/stm32cubeide_1.7.0/stm32cubeide/plugins/com.st.stm32cube.ide.mcu.externaltools.gnu-tools-for-stm32.9-2020-q2-update.win32_2.0.0.202105311346/tools/bin/../lib/gcc/arm-none-eabi/9.3.1/../../../../arm-none-eabi/lib/thumb/v7-m/nofp\libc_nano.a(lib_a-memset.o)
 .ARM.attributes
                0x000000000000033b       0x1d e:/programs_installer/stm32cubeide_1.7.0/stm32cubeide/plugins/com.st.stm32cube.ide.mcu.externaltools.gnu-tools-for-stm32.9-2020-q2-update.win32_2.0.0.202105311346/tools/bin/../lib/gcc/arm-none-eabi/9.3.1/thumb/v7-m/nofp/crtn.o
OUTPUT(Lab04.elf elf32-littlearm)
LOAD linker stubs
LOAD e:/programs_installer/stm32cubeide_1.7.0/stm32cubeide/plugins/com.st.stm32cube.ide.mcu.externaltools.gnu-tools-for-stm32.9-2020-q2-update.win32_2.0.0.202105311346/tools/bin/../lib/gcc/arm-none-eabi/9.3.1/../../../../arm-none-eabi/lib/thumb/v7-m/nofp\libc.a
LOAD e:/programs_installer/stm32cubeide_1.7.0/stm32cubeide/plugins/com.st.stm32cube.ide.mcu.externaltools.gnu-tools-for-stm32.9-2020-q2-update.win32_2.0.0.202105311346/tools/bin/../lib/gcc/arm-none-eabi/9.3.1/../../../../arm-none-eabi/lib/thumb/v7-m/nofp\libm.a
LOAD e:/programs_installer/stm32cubeide_1.7.0/stm32cubeide/plugins/com.st.stm32cube.ide.mcu.externaltools.gnu-tools-for-stm32.9-2020-q2-update.win32_2.0.0.202105311346/tools/bin/../lib/gcc/arm-none-eabi/9.3.1/thumb/v7-m/nofp\libgcc.a

.debug_info     0x0000000000000000     0xb534
 .debug_info    0x0000000000000000      0x303 ./Core/Src/led_processing.o
 .debug_info    0x0000000000000303      0xe13 ./Core/Src/main.o
 .debug_info    0x0000000000001116      0x982 ./Core/Src/scheduler.o
 .debug_info    0x0000000000001a98      0xdaf ./Core/Src/stm32f1xx_hal_msp.o
 .debug_info    0x0000000000002847      0xa22 ./Core/Src/stm32f1xx_it.o
 .debug_info    0x0000000000003269      0x2be ./Core/Src/system_stm32f1xx.o
 .debug_info    0x0000000000003527       0x22 ./Core/Startup/startup_stm32f103c6ux.o
 .debug_info    0x0000000000003549      0x74c ./Drivers/STM32F1xx_HAL_Driver/Src/stm32f1xx_hal.o
 .debug_info    0x0000000000003c95      0xbbe ./Drivers/STM32F1xx_HAL_Driver/Src/stm32f1xx_hal_cortex.o
 .debug_info    0x0000000000004853      0x81e ./Drivers/STM32F1xx_HAL_Driver/Src/stm32f1xx_hal_dma.o
 .debug_info    0x0000000000005071      0x701 ./Drivers/STM32F1xx_HAL_Driver/Src/stm32f1xx_hal_gpio.o
 .debug_info    0x0000000000005772      0x88e ./Drivers/STM32F1xx_HAL_Driver/Src/stm32f1xx_hal_rcc.o
 .debug_info    0x0000000000006000     0x2a45 ./Drivers/STM32F1xx_HAL_Driver/Src/stm32f1xx_hal_tim.o
 .debug_info    0x0000000000008a45     0x14d5 ./Drivers/STM32F1xx_HAL_Driver/Src/stm32f1xx_hal_tim_ex.o
 .debug_info    0x0000000000009f1a     0x161a ./Drivers/STM32F1xx_HAL_Driver/Src/stm32f1xx_hal_uart.o

.debug_abbrev   0x0000000000000000     0x1d78
 .debug_abbrev  0x0000000000000000      0x13d ./Core/Src/led_processing.o
 .debug_abbrev  0x000000000000013d      0x28b ./Core/Src/main.o
 .debug_abbrev  0x00000000000003c8      0x240 ./Core/Src/scheduler.o
 .debug_abbrev  0x0000000000000608      0x1c8 ./Core/Src/stm32f1xx_hal_msp.o
 .debug_abbrev  0x00000000000007d0      0x176 ./Core/Src/stm32f1xx_it.o
 .debug_abbrev  0x0000000000000946      0x14e ./Core/Src/system_stm32f1xx.o
 .debug_abbrev  0x0000000000000a94       0x12 ./Core/Startup/startup_stm32f103c6ux.o
 .debug_abbrev  0x0000000000000aa6      0x1ed ./Drivers/STM32F1xx_HAL_Driver/Src/stm32f1xx_hal.o
 .debug_abbrev  0x0000000000000c93      0x313 ./Drivers/STM32F1xx_HAL_Driver/Src/stm32f1xx_hal_cortex.o
 .debug_abbrev  0x0000000000000fa6      0x228 ./Drivers/STM32F1xx_HAL_Driver/Src/stm32f1xx_hal_dma.o
 .debug_abbrev  0x00000000000011ce      0x1e8 ./Drivers/STM32F1xx_HAL_Driver/Src/stm32f1xx_hal_gpio.o
 .debug_abbrev  0x00000000000013b6      0x273 ./Drivers/STM32F1xx_HAL_Driver/Src/stm32f1xx_hal_rcc.o
 .debug_abbrev  0x0000000000001629      0x25e ./Drivers/STM32F1xx_HAL_Driver/Src/stm32f1xx_hal_tim.o
 .debug_abbrev  0x0000000000001887      0x266 ./Drivers/STM32F1xx_HAL_Driver/Src/stm32f1xx_hal_tim_ex.o
 .debug_abbrev  0x0000000000001aed      0x28b ./Drivers/STM32F1xx_HAL_Driver/Src/stm32f1xx_hal_uart.o

.debug_aranges  0x0000000000000000      0xc90
 .debug_aranges
                0x0000000000000000       0x68 ./Core/Src/led_processing.o
 .debug_aranges
                0x0000000000000068       0x58 ./Core/Src/main.o
 .debug_aranges
                0x00000000000000c0       0x50 ./Core/Src/scheduler.o
 .debug_aranges
                0x0000000000000110       0x40 ./Core/Src/stm32f1xx_hal_msp.o
 .debug_aranges
                0x0000000000000150       0x70 ./Core/Src/stm32f1xx_it.o
 .debug_aranges
                0x00000000000001c0       0x28 ./Core/Src/system_stm32f1xx.o
 .debug_aranges
                0x00000000000001e8       0x28 ./Core/Startup/startup_stm32f103c6ux.o
 .debug_aranges
                0x0000000000000210       0xe0 ./Drivers/STM32F1xx_HAL_Driver/Src/stm32f1xx_hal.o
 .debug_aranges
                0x00000000000002f0      0x100 ./Drivers/STM32F1xx_HAL_Driver/Src/stm32f1xx_hal_cortex.o
 .debug_aranges
                0x00000000000003f0       0x80 ./Drivers/STM32F1xx_HAL_Driver/Src/stm32f1xx_hal_dma.o
 .debug_aranges
                0x0000000000000470       0x58 ./Drivers/STM32F1xx_HAL_Driver/Src/stm32f1xx_hal_gpio.o
 .debug_aranges
                0x00000000000004c8       0x90 ./Drivers/STM32F1xx_HAL_Driver/Src/stm32f1xx_hal_rcc.o
 .debug_aranges
                0x0000000000000558      0x3d0 ./Drivers/STM32F1xx_HAL_Driver/Src/stm32f1xx_hal_tim.o
 .debug_aranges
                0x0000000000000928      0x168 ./Drivers/STM32F1xx_HAL_Driver/Src/stm32f1xx_hal_tim_ex.o
 .debug_aranges
                0x0000000000000a90      0x200 ./Drivers/STM32F1xx_HAL_Driver/Src/stm32f1xx_hal_uart.o

.debug_ranges   0x0000000000000000      0xbd8
 .debug_ranges  0x0000000000000000       0x58 ./Core/Src/led_processing.o
 .debug_ranges  0x0000000000000058       0x48 ./Core/Src/main.o
 .debug_ranges  0x00000000000000a0       0x40 ./Core/Src/scheduler.o
 .debug_ranges  0x00000000000000e0       0x30 ./Core/Src/stm32f1xx_hal_msp.o
 .debug_ranges  0x0000000000000110       0x60 ./Core/Src/stm32f1xx_it.o
 .debug_ranges  0x0000000000000170       0x18 ./Core/Src/system_stm32f1xx.o
 .debug_ranges  0x0000000000000188       0x20 ./Core/Startup/startup_stm32f103c6ux.o
 .debug_ranges  0x00000000000001a8       0xd0 ./Drivers/STM32F1xx_HAL_Driver/Src/stm32f1xx_hal.o
 .debug_ranges  0x0000000000000278       0xf0 ./Drivers/STM32F1xx_HAL_Driver/Src/stm32f1xx_hal_cortex.o
 .debug_ranges  0x0000000000000368       0x70 ./Drivers/STM32F1xx_HAL_Driver/Src/stm32f1xx_hal_dma.o
 .debug_ranges  0x00000000000003d8       0x48 ./Drivers/STM32F1xx_HAL_Driver/Src/stm32f1xx_hal_gpio.o
 .debug_ranges  0x0000000000000420       0x80 ./Drivers/STM32F1xx_HAL_Driver/Src/stm32f1xx_hal_rcc.o
 .debug_ranges  0x00000000000004a0      0x3c0 ./Drivers/STM32F1xx_HAL_Driver/Src/stm32f1xx_hal_tim.o
 .debug_ranges  0x0000000000000860      0x158 ./Drivers/STM32F1xx_HAL_Driver/Src/stm32f1xx_hal_tim_ex.o
 .debug_ranges  0x00000000000009b8      0x220 ./Drivers/STM32F1xx_HAL_Driver/Src/stm32f1xx_hal_uart.o

.debug_macro    0x0000000000000000     0x183e
 .debug_macro   0x0000000000000000      0x1bb ./Core/Src/led_processing.o
 .debug_macro   0x00000000000001bb      0x1c4 ./Core/Src/main.o
 .debug_macro   0x000000000000037f       0x10 ./Core/Src/main.o
 .debug_macro   0x000000000000038f      0x1ee ./Core/Src/scheduler.o
 .debug_macro   0x000000000000057d      0x1b1 ./Core/Src/stm32f1xx_hal_msp.o
 .debug_macro   0x000000000000072e      0x1bb ./Core/Src/stm32f1xx_it.o
 .debug_macro   0x00000000000008e9      0x1a2 ./Core/Src/system_stm32f1xx.o
 .debug_macro   0x0000000000000a8b      0x1c6 ./Drivers/STM32F1xx_HAL_Driver/Src/stm32f1xx_hal.o
 .debug_macro   0x0000000000000c51      0x1a2 ./Drivers/STM32F1xx_HAL_Driver/Src/stm32f1xx_hal_cortex.o
 .debug_macro   0x0000000000000df3      0x1a2 ./Drivers/STM32F1xx_HAL_Driver/Src/stm32f1xx_hal_dma.o
 .debug_macro   0x0000000000000f95      0x20d ./Drivers/STM32F1xx_HAL_Driver/Src/stm32f1xx_hal_gpio.o
 .debug_macro   0x00000000000011a2      0x1b4 ./Drivers/STM32F1xx_HAL_Driver/Src/stm32f1xx_hal_rcc.o
 .debug_macro   0x0000000000001356      0x1a3 ./Drivers/STM32F1xx_HAL_Driver/Src/stm32f1xx_hal_tim.o
 .debug_macro   0x00000000000014f9      0x1a2 ./Drivers/STM32F1xx_HAL_Driver/Src/stm32f1xx_hal_tim_ex.o
 .debug_macro   0x000000000000169b      0x1a3 ./Drivers/STM32F1xx_HAL_Driver/Src/stm32f1xx_hal_uart.o

.debug_line     0x0000000000000000     0xd259
 .debug_line    0x0000000000000000      0x801 ./Core/Src/led_processing.o
 .debug_line    0x0000000000000801      0x88d ./Core/Src/main.o
 .debug_line    0x000000000000108e      0x9c8 ./Core/Src/scheduler.o
 .debug_line    0x0000000000001a56      0x77e ./Core/Src/stm32f1xx_hal_msp.o
 .debug_line    0x00000000000021d4      0x7de ./Core/Src/stm32f1xx_it.o
 .debug_line    0x00000000000029b2      0x76a ./Core/Src/system_stm32f1xx.o
 .debug_line    0x000000000000311c       0x87 ./Core/Startup/startup_stm32f103c6ux.o
 .debug_line    0x00000000000031a3      0x997 ./Drivers/STM32F1xx_HAL_Driver/Src/stm32f1xx_hal.o
 .debug_line    0x0000000000003b3a      0xb7f ./Drivers/STM32F1xx_HAL_Driver/Src/stm32f1xx_hal_cortex.o
 .debug_line    0x00000000000046b9      0xdef ./Drivers/STM32F1xx_HAL_Driver/Src/stm32f1xx_hal_dma.o
 .debug_line    0x00000000000054a8      0xa18 ./Drivers/STM32F1xx_HAL_Driver/Src/stm32f1xx_hal_gpio.o
 .debug_line    0x0000000000005ec0      0xda5 ./Drivers/STM32F1xx_HAL_Driver/Src/stm32f1xx_hal_rcc.o
 .debug_line    0x0000000000006c65     0x32f5 ./Drivers/STM32F1xx_HAL_Driver/Src/stm32f1xx_hal_tim.o
 .debug_line    0x0000000000009f5a     0x188d ./Drivers/STM32F1xx_HAL_Driver/Src/stm32f1xx_hal_tim_ex.o
 .debug_line    0x000000000000b7e7     0x1a72 ./Drivers/STM32F1xx_HAL_Driver/Src/stm32f1xx_hal_uart.o

.debug_str      0x0000000000000000    0x845f9
 .debug_str     0x0000000000000000    0x810f7 ./Core/Src/led_processing.o
                                      0x8143a (size before relaxing)
 .debug_str     0x00000000000810f7      0x911 ./Core/Src/main.o
                                      0x81d64 (size before relaxing)
 .debug_str     0x0000000000081a08      0x161 ./Core/Src/scheduler.o
                                      0x818dd (size before relaxing)
 .debug_str     0x0000000000081b69      0x2e4 ./Core/Src/stm32f1xx_hal_msp.o
                                      0x81dc9 (size before relaxing)
 .debug_str     0x0000000000081e4d       0xdf ./Core/Src/stm32f1xx_it.o
                                      0x81ad7 (size before relaxing)
 .debug_str     0x0000000000081f2c       0x52 ./Core/Src/system_stm32f1xx.o
                                      0x810dc (size before relaxing)
 .debug_str     0x0000000000081f7e       0x36 ./Core/Startup/startup_stm32f103c6ux.o
                                         0x83 (size before relaxing)
 .debug_str     0x0000000000081fb4      0x304 ./Drivers/STM32F1xx_HAL_Driver/Src/stm32f1xx_hal.o
                                      0x81733 (size before relaxing)
 .debug_str     0x00000000000822b8      0x300 ./Drivers/STM32F1xx_HAL_Driver/Src/stm32f1xx_hal_cortex.o
                                      0x8173b (size before relaxing)
 .debug_str     0x00000000000825b8      0x235 ./Drivers/STM32F1xx_HAL_Driver/Src/stm32f1xx_hal_dma.o
                                      0x814b7 (size before relaxing)
 .debug_str     0x00000000000827ed      0x31f ./Drivers/STM32F1xx_HAL_Driver/Src/stm32f1xx_hal_gpio.o
                                      0x814a0 (size before relaxing)
 .debug_str     0x0000000000082b0c      0x24f ./Drivers/STM32F1xx_HAL_Driver/Src/stm32f1xx_hal_rcc.o
                                      0x814d9 (size before relaxing)
 .debug_str     0x0000000000082d5b      0xdc3 ./Drivers/STM32F1xx_HAL_Driver/Src/stm32f1xx_hal_tim.o
                                      0x824ab (size before relaxing)
 .debug_str     0x0000000000083b1e      0x4ee ./Drivers/STM32F1xx_HAL_Driver/Src/stm32f1xx_hal_tim_ex.o
                                      0x81c5c (size before relaxing)
 .debug_str     0x000000000008400c      0x5ed ./Drivers/STM32F1xx_HAL_Driver/Src/stm32f1xx_hal_uart.o
                                      0x81acb (size before relaxing)

.comment        0x0000000000000000       0x53
 .comment       0x0000000000000000       0x53 ./Core/Src/led_processing.o
                                         0x54 (size before relaxing)
 .comment       0x0000000000000053       0x54 ./Core/Src/main.o
 .comment       0x0000000000000053       0x54 ./Core/Src/scheduler.o
 .comment       0x0000000000000053       0x54 ./Core/Src/stm32f1xx_hal_msp.o
 .comment       0x0000000000000053       0x54 ./Core/Src/stm32f1xx_it.o
 .comment       0x0000000000000053       0x54 ./Core/Src/system_stm32f1xx.o
 .comment       0x0000000000000053       0x54 ./Drivers/STM32F1xx_HAL_Driver/Src/stm32f1xx_hal.o
 .comment       0x0000000000000053       0x54 ./Drivers/STM32F1xx_HAL_Driver/Src/stm32f1xx_hal_cortex.o
 .comment       0x0000000000000053       0x54 ./Drivers/STM32F1xx_HAL_Driver/Src/stm32f1xx_hal_dma.o
 .comment       0x0000000000000053       0x54 ./Drivers/STM32F1xx_HAL_Driver/Src/stm32f1xx_hal_gpio.o
 .comment       0x0000000000000053       0x54 ./Drivers/STM32F1xx_HAL_Driver/Src/stm32f1xx_hal_rcc.o
 .comment       0x0000000000000053       0x54 ./Drivers/STM32F1xx_HAL_Driver/Src/stm32f1xx_hal_tim.o
 .comment       0x0000000000000053       0x54 ./Drivers/STM32F1xx_HAL_Driver/Src/stm32f1xx_hal_tim_ex.o
 .comment       0x0000000000000053       0x54 ./Drivers/STM32F1xx_HAL_Driver/Src/stm32f1xx_hal_uart.o

.debug_frame    0x0000000000000000     0x33cc
 .debug_frame   0x0000000000000000      0x130 ./Core/Src/led_processing.o
 .debug_frame   0x0000000000000130      0x10c ./Core/Src/main.o
 .debug_frame   0x000000000000023c      0x118 ./Core/Src/scheduler.o
 .debug_frame   0x0000000000000354       0xc8 ./Core/Src/stm32f1xx_hal_msp.o
 .debug_frame   0x000000000000041c      0x13c ./Core/Src/stm32f1xx_it.o
 .debug_frame   0x0000000000000558       0x58 ./Core/Src/system_stm32f1xx.o
 .debug_frame   0x00000000000005b0      0x334 ./Drivers/STM32F1xx_HAL_Driver/Src/stm32f1xx_hal.o
 .debug_frame   0x00000000000008e4      0x428 ./Drivers/STM32F1xx_HAL_Driver/Src/stm32f1xx_hal_cortex.o
 .debug_frame   0x0000000000000d0c      0x208 ./Drivers/STM32F1xx_HAL_Driver/Src/stm32f1xx_hal_dma.o
 .debug_frame   0x0000000000000f14      0x14c ./Drivers/STM32F1xx_HAL_Driver/Src/stm32f1xx_hal_gpio.o
 .debug_frame   0x0000000000001060      0x21c ./Drivers/STM32F1xx_HAL_Driver/Src/stm32f1xx_hal_rcc.o
 .debug_frame   0x000000000000127c     0x11b8 ./Drivers/STM32F1xx_HAL_Driver/Src/stm32f1xx_hal_tim.o
 .debug_frame   0x0000000000002434      0x638 ./Drivers/STM32F1xx_HAL_Driver/Src/stm32f1xx_hal_tim_ex.o
 .debug_frame   0x0000000000002a6c      0x914 ./Drivers/STM32F1xx_HAL_Driver/Src/stm32f1xx_hal_uart.o
 .debug_frame   0x0000000000003380       0x2c e:/programs_installer/stm32cubeide_1.7.0/stm32cubeide/plugins/com.st.stm32cube.ide.mcu.externaltools.gnu-tools-for-stm32.9-2020-q2-update.win32_2.0.0.202105311346/tools/bin/../lib/gcc/arm-none-eabi/9.3.1/../../../../arm-none-eabi/lib/thumb/v7-m/nofp\libc_nano.a(lib_a-init.o)
 .debug_frame   0x00000000000033ac       0x20 e:/programs_installer/stm32cubeide_1.7.0/stm32cubeide/plugins/com.st.stm32cube.ide.mcu.externaltools.gnu-tools-for-stm32.9-2020-q2-update.win32_2.0.0.202105311346/tools/bin/../lib/gcc/arm-none-eabi/9.3.1/../../../../arm-none-eabi/lib/thumb/v7-m/nofp\libc_nano.a(lib_a-memset.o)
