Archive member included to satisfy reference by file (symbol)

e:/programs_installer/stm32cubeide_1.7.0/stm32cubeide/plugins/com.st.stm32cube.ide.mcu.externaltools.gnu-tools-for-stm32.9-2020-q2-update.win32_2.0.0.202105311346/tools/bin/../lib/gcc/arm-none-eabi/9.3.1/../../../../arm-none-eabi/lib/thumb/v7-m/nofp\libc_nano.a(lib_a-errno.o)
                              ./Core/Src/syscalls.o (__errno)
e:/programs_installer/stm32cubeide_1.7.0/stm32cubeide/plugins/com.st.stm32cube.ide.mcu.externaltools.gnu-tools-for-stm32.9-2020-q2-update.win32_2.0.0.202105311346/tools/bin/../lib/gcc/arm-none-eabi/9.3.1/../../../../arm-none-eabi/lib/thumb/v7-m/nofp\libc_nano.a(lib_a-exit.o)
                              e:/programs_installer/stm32cubeide_1.7.0/stm32cubeide/plugins/com.st.stm32cube.ide.mcu.externaltools.gnu-tools-for-stm32.9-2020-q2-update.win32_2.0.0.202105311346/tools/bin/../lib/gcc/arm-none-eabi/9.3.1/../../../../arm-none-eabi/lib/thumb/v7-m/nofp/crt0.o (exit)
e:/programs_installer/stm32cubeide_1.7.0/stm32cubeide/plugins/com.st.stm32cube.ide.mcu.externaltools.gnu-tools-for-stm32.9-2020-q2-update.win32_2.0.0.202105311346/tools/bin/../lib/gcc/arm-none-eabi/9.3.1/../../../../arm-none-eabi/lib/thumb/v7-m/nofp\libc_nano.a(lib_a-impure.o)
                              e:/programs_installer/stm32cubeide_1.7.0/stm32cubeide/plugins/com.st.stm32cube.ide.mcu.externaltools.gnu-tools-for-stm32.9-2020-q2-update.win32_2.0.0.202105311346/tools/bin/../lib/gcc/arm-none-eabi/9.3.1/../../../../arm-none-eabi/lib/thumb/v7-m/nofp\libc_nano.a(lib_a-exit.o) (_global_impure_ptr)
e:/programs_installer/stm32cubeide_1.7.0/stm32cubeide/plugins/com.st.stm32cube.ide.mcu.externaltools.gnu-tools-for-stm32.9-2020-q2-update.win32_2.0.0.202105311346/tools/bin/../lib/gcc/arm-none-eabi/9.3.1/../../../../arm-none-eabi/lib/thumb/v7-m/nofp\libc_nano.a(lib_a-init.o)
                              e:/programs_installer/stm32cubeide_1.7.0/stm32cubeide/plugins/com.st.stm32cube.ide.mcu.externaltools.gnu-tools-for-stm32.9-2020-q2-update.win32_2.0.0.202105311346/tools/bin/../lib/gcc/arm-none-eabi/9.3.1/../../../../arm-none-eabi/lib/thumb/v7-m/nofp/crt0.o (__libc_init_array)
e:/programs_installer/stm32cubeide_1.7.0/stm32cubeide/plugins/com.st.stm32cube.ide.mcu.externaltools.gnu-tools-for-stm32.9-2020-q2-update.win32_2.0.0.202105311346/tools/bin/../lib/gcc/arm-none-eabi/9.3.1/../../../../arm-none-eabi/lib/thumb/v7-m/nofp\libc_nano.a(lib_a-memset.o)
                              e:/programs_installer/stm32cubeide_1.7.0/stm32cubeide/plugins/com.st.stm32cube.ide.mcu.externaltools.gnu-tools-for-stm32.9-2020-q2-update.win32_2.0.0.202105311346/tools/bin/../lib/gcc/arm-none-eabi/9.3.1/../../../../arm-none-eabi/lib/thumb/v7-m/nofp/crt0.o (memset)

Allocating common symbols
Common symbol       size              file

SCH_task_array      0x280             ./Core/Src/scheduler.o
uwTick              0x4               ./Drivers/STM32F1xx_HAL_Driver/Src/stm32f1xx_hal.o
pFlash              0x20              ./Drivers/STM32F1xx_HAL_Driver/Src/stm32f1xx_hal_flash.o
huart1              0x44              ./Core/Src/main.o
htim2               0x48              ./Core/Src/main.o

Discarded input sections

 .text          0x0000000000000000        0x0 e:/programs_installer/stm32cubeide_1.7.0/stm32cubeide/plugins/com.st.stm32cube.ide.mcu.externaltools.gnu-tools-for-stm32.9-2020-q2-update.win32_2.0.0.202105311346/tools/bin/../lib/gcc/arm-none-eabi/9.3.1/thumb/v7-m/nofp/crti.o
 .data          0x0000000000000000        0x0 e:/programs_installer/stm32cubeide_1.7.0/stm32cubeide/plugins/com.st.stm32cube.ide.mcu.externaltools.gnu-tools-for-stm32.9-2020-q2-update.win32_2.0.0.202105311346/tools/bin/../lib/gcc/arm-none-eabi/9.3.1/thumb/v7-m/nofp/crti.o
 .bss           0x0000000000000000        0x0 e:/programs_installer/stm32cubeide_1.7.0/stm32cubeide/plugins/com.st.stm32cube.ide.mcu.externaltools.gnu-tools-for-stm32.9-2020-q2-update.win32_2.0.0.202105311346/tools/bin/../lib/gcc/arm-none-eabi/9.3.1/thumb/v7-m/nofp/crti.o
 .data          0x0000000000000000        0x4 e:/programs_installer/stm32cubeide_1.7.0/stm32cubeide/plugins/com.st.stm32cube.ide.mcu.externaltools.gnu-tools-for-stm32.9-2020-q2-update.win32_2.0.0.202105311346/tools/bin/../lib/gcc/arm-none-eabi/9.3.1/thumb/v7-m/nofp/crtbegin.o
 .text          0x0000000000000000       0x7c e:/programs_installer/stm32cubeide_1.7.0/stm32cubeide/plugins/com.st.stm32cube.ide.mcu.externaltools.gnu-tools-for-stm32.9-2020-q2-update.win32_2.0.0.202105311346/tools/bin/../lib/gcc/arm-none-eabi/9.3.1/../../../../arm-none-eabi/lib/thumb/v7-m/nofp/crt0.o
 .data          0x0000000000000000        0x0 e:/programs_installer/stm32cubeide_1.7.0/stm32cubeide/plugins/com.st.stm32cube.ide.mcu.externaltools.gnu-tools-for-stm32.9-2020-q2-update.win32_2.0.0.202105311346/tools/bin/../lib/gcc/arm-none-eabi/9.3.1/../../../../arm-none-eabi/lib/thumb/v7-m/nofp/crt0.o
[...]
Memory Configuration

Name             Origin             Length             Attributes
RAM              0x0000000020000000 0x0000000000002800 xrw
FLASH            0x0000000008000000 0x0000000000008000 xr
*default*        0x0000000000000000 0xffffffffffffffff

Linker script and memory map

LOAD e:/programs_installer/stm32cubeide_1.7.0/stm32cubeide/plugins/com.st.stm32cube.ide.mcu.externaltools.gnu-tools-for-stm32.9-2020-q2-update.win32_2.0.0.202105311346/tools/bin/../lib/gcc/arm-none-eabi/9.3.1/thumb/v7-m/nofp/crti.o
LOAD e:/programs_installer/stm32cubeide_1.7.0/stm32cubeide/plugins/com.st.stm32cube.ide.mcu.externaltools.gnu-tools-for-stm32.9-2020-q2-update.win32_2.0.0.202105311346/tools/bin/../lib/gcc/arm-none-eabi/9.3.1/thumb/v7-m/nofp/crtbegin.o
LOAD e:/programs_installer/stm32cubeide_1.7.0/stm32cubeide/plugins/com.st.stm32cube.ide.mcu.externaltools.gnu-tools-for-stm32.9-2020-q2-update.win32_2.0.0.202105311346/tools/bin/../lib/gcc/arm-none-eabi/9.3.1/../../../../arm-none-eabi/lib/thumb/v7-m/nofp/crt0.o
LOAD ./Core/Src/led_processing.o
LOAD ./Core/Src/main.o
LOAD ./Core/Src/scheduler.o
LOAD ./Core/Src/stm32f1xx_hal_msp.o
LOAD ./Core/Src/stm32f1xx_it.o
LOAD ./Core/Src/syscalls.o
LOAD ./Core/Src/sysmem.o
LOAD ./Core/Src/system_stm32f1xx.o
LOAD ./Core/Startup/startup_stm32f103c6ux.o
LOAD ./Drivers/STM32F1xx_HAL_Driver/Src/stm32f1xx_hal.o
LOAD ./Drivers/STM32F1xx_HAL_Driver/Src/stm32f1xx_hal_cortex.o
LOAD ./Drivers/STM32F1xx_HAL_Driver/Src/stm32f1xx_hal_dma.o
LOAD ./Drivers/STM32F1xx_HAL_Driver/Src/stm32f1xx_hal_exti.o
LOAD ./Drivers/STM32F1xx_HAL_Driver/Src/stm32f1xx_hal_flash.o
LOAD ./Drivers/STM32F1xx_HAL_Driver/Src/stm32f1xx_hal_flash_ex.o
LOAD ./Drivers/STM32F1xx_HAL_Driver/Src/stm32f1xx_hal_gpio.o
LOAD ./Drivers/STM32F1xx_HAL_Driver/Src/stm32f1xx_hal_gpio_ex.o
LOAD ./Drivers/STM32F1xx_HAL_Driver/Src/stm32f1xx_hal_pwr.o
LOAD ./Drivers/STM32F1xx_HAL_Driver/Src/stm32f1xx_hal_rcc.o
LOAD ./Drivers/STM32F1xx_HAL_Driver/Src/stm32f1xx_hal_rcc_ex.o
LOAD ./Drivers/STM32F1xx_HAL_Driver/Src/stm32f1xx_hal_tim.o
LOAD ./Drivers/STM32F1xx_HAL_Driver/Src/stm32f1xx_hal_tim_ex.o
LOAD ./Drivers/STM32F1xx_HAL_Driver/Src/stm32f1xx_hal_uart.o
START GROUP
LOAD e:/programs_installer/stm32cubeide_1.7.0/stm32cubeide/plugins/com.st.stm32cube.ide.mcu.externaltools.gnu-tools-for-stm32.9-2020-q2-update.win32_2.0.0.202105311346/tools/bin/../lib/gcc/arm-none-eabi/9.3.1/../../../../arm-none-eabi/lib/thumb/v7-m/nofp\libc_nano.a
LOAD e:/programs_installer/stm32cubeide_1.7.0/stm32cubeide/plugins/com.st.stm32cube.ide.mcu.externaltools.gnu-tools-for-stm32.9-2020-q2-update.win32_2.0.0.202105311346/tools/bin/../lib/gcc/arm-none-eabi/9.3.1/../../../../arm-none-eabi/lib/thumb/v7-m/nofp\libm.a
END GROUP
START GROUP
LOAD e:/programs_installer/stm32cubeide_1.7.0/stm32cubeide/plugins/com.st.stm32cube.ide.mcu.externaltools.gnu-tools-for-stm32.9-2020-q2-update.win32_2.0.0.202105311346/tools/bin/../lib/gcc/arm-none-eabi/9.3.1/thumb/v7-m/nofp\libgcc.a
LOAD e:/programs_installer/stm32cubeide_1.7.0/stm32cubeide/plugins/com.st.stm32cube.ide.mcu.externaltools.gnu-tools-for-stm32.9-2020-q2-update.win32_2.0.0.202105311346/tools/bin/../lib/gcc/arm-none-eabi/9.3.1/../../../../arm-none-eabi/lib/thumb/v7-m/nofp\libc_nano.a
END GROUP
START GROUP
LOAD e:/programs_installer/stm32cubeide_1.7.0/stm32cubeide/plugins/com.st.stm32cube.ide.mcu.externaltools.gnu-tools-for-stm32.9-2020-q2-update.win32_2.0.0.202105311346/tools/bin/../lib/gcc/arm-none-eabi/9.3.1/thumb/v7-m/nofp\libgcc.a
LOAD e:/programs_installer/stm32cubeide_1.7.0/stm32cubeide/plugins/com.st.stm32cube.ide.mcu.externaltools.gnu-tools-for-stm32.9-2020-q2-update.win32_2.0.0.202105311346/tools/bin/../lib/gcc/arm-none-eabi/9.3.1/../../../../arm-none-eabi/lib/thumb/v7-m/nofp\libc_nano.a
LOAD e:/programs_installer/stm32cubeide_1.7.0/stm32cubeide/plugins/com.st.stm32cube.ide.mcu.externaltools.gnu-tools-for-stm32.9-2020-q2-update.win32_2.0.0.202105311346/tools/bin/../lib/gcc/arm-none-eabi/9.3.1/../../../../arm-none-eabi/lib/thumb/v7-m/nofp\libnosys.a
END GROUP
START GROUP
LOAD e:/programs_installer/stm32cubeide_1.7.0/stm32cubeide/plugins/com.st.stm32cube.ide.mcu.externaltools.gnu-tools-for-stm32.9-2020-q2-update.win32_2.0.0.202105311346/tools/bin/../lib/gcc/arm-none-eabi/9.3.1/thumb/v7-m/nofp\libgcc.a
LOAD e:/programs_installer/stm32cubeide_1.7.0/stm32cubeide/plugins/com.st.stm32cube.ide.mcu.externaltools.gnu-tools-for-stm32.9-2020-q2-update.win32_2.0.0.202105311346/tools/bin/../lib/gcc/arm-none-eabi/9.3.1/../../../../arm-none-eabi/lib/thumb/v7-m/nofp\libc_nano.a
LOAD e:/programs_installer/stm32cubeide_1.7.0/stm32cubeide/plugins/com.st.stm32cube.ide.mcu.externaltools.gnu-tools-for-stm32.9-2020-q2-update.win32_2.0.0.202105311346/tools/bin/../lib/gcc/arm-none-eabi/9.3.1/../../../../arm-none-eabi/lib/thumb/v7-m/nofp\libnosys.a
END GROUP
LOAD e:/programs_installer/stm32cubeide_1.7.0/stm32cubeide/plugins/com.st.stm32cube.ide.mcu.externaltools.gnu-tools-for-stm32.9-2020-q2-update.win32_2.0.0.202105311346/tools/bin/../lib/gcc/arm-none-eabi/9.3.1/thumb/v7-m/nofp/crtend.o
LOAD e:/programs_installer/stm32cubeide_1.7.0/stm32cubeide/plugins/com.st.stm32cube.ide.mcu.externaltools.gnu-tools-for-stm32.9-2020-q2-update.win32_2.0.0.202105311346/tools/bin/../lib/gcc/arm-none-eabi/9.3.1/thumb/v7-m/nofp/crtn.o
                0x0000000020002800                _estack = (ORIGIN (RAM) + LENGTH (RAM))
                0x0000000000000200                _Min_Heap_Size = 0x200
                0x0000000000000400                _Min_Stack_Size = 0x400

.isr_vector     0x0000000008000000      0x10c
                0x0000000008000000                . = ALIGN (0x4)
 *(.isr_vector)
 .isr_vector    0x0000000008000000      0x10c ./Core/Startup/startup_stm32f103c6ux.o
                0x0000000008000000                g_pfnVectors
                0x000000000800010c                . = ALIGN (0x4)

.text           0x000000000800010c     0x2d3c
                0x000000000800010c                . = ALIGN (0x4)
 *(.text)
 .text          0x000000000800010c       0x40 e:/programs_installer/stm32cubeide_1.7.0/stm32cubeide/plugins/com.st.stm32cube.ide.mcu.externaltools.gnu-tools-for-stm32.9-2020-q2-update.win32_2.0.0.202105311346/tools/bin/../lib/gcc/arm-none-eabi/9.3.1/thumb/v7-m/nofp/crtbegin.o
 *(.text*)
 .text.display7SEG_0
                0x000000000800014c      0x11c ./Core/Src/led_processing.o
                0x000000000800014c                display7SEG_0
 .text.increase7SegLED
                0x0000000008000268       0x2c ./Core/Src/led_processing.o
                0x0000000008000268                increase7SegLED
 .text.toggleLED1
                0x0000000008000294       0x14 ./Core/Src/led_processing.o
                0x0000000008000294                toggleLED1
 .text.toggleLED2
                0x00000000080002a8       0x14 ./Core/Src/led_processing.o
                0x00000000080002a8                toggleLED2
 .text.toggleLED3
                0x00000000080002bc       0x14 ./Core/Src/led_processing.o
                0x00000000080002bc                toggleLED3
 .text.toggleLED4
                0x00000000080002d0       0x14 ./Core/Src/led_processing.o
                0x00000000080002d0                toggleLED4
 .text.toggleLED5
                0x00000000080002e4       0x14 ./Core/Src/led_processing.o
                0x00000000080002e4                toggleLED5
 .text.main     0x00000000080002f8       0xa0 ./Core/Src/main.o
                0x00000000080002f8                main
 .text.SystemClock_Config
                0x0000000008000398       0x76 ./Core/Src/main.o
                0x0000000008000398                SystemClock_Config
 *fill*         0x000000000800040e        0x2 
 .text.MX_TIM2_Init
                0x0000000008000410       0x98 ./Core/Src/main.o
 .text.MX_USART1_UART_Init
                0x00000000080004a8       0x54 ./Core/Src/main.o
 .text.MX_GPIO_Init
                0x00000000080004fc       0xa8 ./Core/Src/main.o
 .text.HAL_TIM_PeriodElapsedCallback
                0x00000000080005a4       0x48 ./Core/Src/main.o
                0x00000000080005a4                HAL_TIM_PeriodElapsedCallback
 .text.Error_Handler
                0x00000000080005ec        0xa ./Core/Src/main.o
                0x00000000080005ec                Error_Handler
 *fill*         0x00000000080005f6        0x2 
 .text.updateBuffer
                0x00000000080005f8       0xb4 ./Core/Src/scheduler.o
                0x00000000080005f8                updateBuffer
 .text.Leds_Init
                0x00000000080006ac       0x40 ./Core/Src/scheduler.o
                0x00000000080006ac                Leds_Init
 .text.SCH_Init
                0x00000000080006ec       0x60 ./Core/Src/scheduler.o
                0x00000000080006ec                SCH_Init
 .text.SCH_Update
                0x000000000800074c       0x1c ./Core/Src/scheduler.o
                0x000000000800074c                SCH_Update
 .text.SCH_Add_Task
                0x0000000008000768      0x154 ./Core/Src/scheduler.o
                0x0000000008000768                SCH_Add_Task
 .text.SCH_Delete_Task
                0x00000000080008bc       0x60 ./Core/Src/scheduler.o
                0x00000000080008bc                SCH_Delete_Task
 .text.SCH_Dispatch_Tasks
                0x000000000800091c      0x154 ./Core/Src/scheduler.o
                0x000000000800091c                SCH_Dispatch_Tasks
 .text.HAL_MspInit
                0x0000000008000a70       0x64 ./Core/Src/stm32f1xx_hal_msp.o
                0x0000000008000a70                HAL_MspInit
 .text.HAL_TIM_Base_MspInit
                0x0000000008000ad4       0x48 ./Core/Src/stm32f1xx_hal_msp.o
                0x0000000008000ad4                HAL_TIM_Base_MspInit
 .text.HAL_UART_MspInit
                0x0000000008000b1c       0xa8 ./Core/Src/stm32f1xx_hal_msp.o
                0x0000000008000b1c                HAL_UART_MspInit
 .text.NMI_Handler
                0x0000000008000bc4        0x6 ./Core/Src/stm32f1xx_it.o
                0x0000000008000bc4                NMI_Handler
 .text.HardFault_Handler
                0x0000000008000bca        0x6 ./Core/Src/stm32f1xx_it.o
                0x0000000008000bca                HardFault_Handler
 .text.MemManage_Handler
                0x0000000008000bd0        0x6 ./Core/Src/stm32f1xx_it.o
                0x0000000008000bd0                MemManage_Handler
 .text.BusFault_Handler
                0x0000000008000bd6        0x6 ./Core/Src/stm32f1xx_it.o
                0x0000000008000bd6                BusFault_Handler
 .text.UsageFault_Handler
                0x0000000008000bdc        0x6 ./Core/Src/stm32f1xx_it.o
                0x0000000008000bdc                UsageFault_Handler
 .text.SVC_Handler
                0x0000000008000be2        0xc ./Core/Src/stm32f1xx_it.o
                0x0000000008000be2                SVC_Handler
 .text.DebugMon_Handler
                0x0000000008000bee        0xc ./Core/Src/stm32f1xx_it.o
                0x0000000008000bee                DebugMon_Handler
 .text.PendSV_Handler
                0x0000000008000bfa        0xc ./Core/Src/stm32f1xx_it.o
                0x0000000008000bfa                PendSV_Handler
 .text.SysTick_Handler
                0x0000000008000c06        0xc ./Core/Src/stm32f1xx_it.o
                0x0000000008000c06                SysTick_Handler
 *fill*         0x0000000008000c12        0x2 
 .text.TIM2_IRQHandler
                0x0000000008000c14       0x14 ./Core/Src/stm32f1xx_it.o
                0x0000000008000c14                TIM2_IRQHandler
 .text.USART1_IRQHandler
                0x0000000008000c28       0x14 ./Core/Src/stm32f1xx_it.o
                0x0000000008000c28                USART1_IRQHandler
 .text.SystemInit
                0x0000000008000c3c        0xc ./Core/Src/system_stm32f1xx.o
                0x0000000008000c3c                SystemInit
 .text.Reset_Handler
                0x0000000008000c48       0x48 ./Core/Startup/startup_stm32f103c6ux.o
                0x0000000008000c48                Reset_Handler
 .text.Default_Handler
                0x0000000008000c90        0x2 ./Core/Startup/startup_stm32f103c6ux.o
                0x0000000008000c90                RTC_Alarm_IRQHandler
                0x0000000008000c90                EXTI2_IRQHandler
                0x0000000008000c90                TIM1_CC_IRQHandler
                0x0000000008000c90                PVD_IRQHandler
                0x0000000008000c90                EXTI3_IRQHandler
                0x0000000008000c90                EXTI0_IRQHandler
                0x0000000008000c90                ADC1_2_IRQHandler
                0x0000000008000c90                SPI1_IRQHandler
                0x0000000008000c90                TAMPER_IRQHandler
                0x0000000008000c90                DMA1_Channel4_IRQHandler
                0x0000000008000c90                RTC_IRQHandler
                0x0000000008000c90                DMA1_Channel7_IRQHandler
                0x0000000008000c90                CAN1_RX1_IRQHandler
                0x0000000008000c90                I2C1_EV_IRQHandler
                0x0000000008000c90                DMA1_Channel6_IRQHandler
                0x0000000008000c90                TIM3_IRQHandler
                0x0000000008000c90                RCC_IRQHandler
                0x0000000008000c90                TIM1_TRG_COM_IRQHandler
                0x0000000008000c90                DMA1_Channel1_IRQHandler
                0x0000000008000c90                Default_Handler
                0x0000000008000c90                EXTI15_10_IRQHandler
                0x0000000008000c90                EXTI9_5_IRQHandler
                0x0000000008000c90                DMA1_Channel5_IRQHandler
                0x0000000008000c90                EXTI4_IRQHandler
                0x0000000008000c90                USB_LP_CAN1_RX0_IRQHandler
                0x0000000008000c90                USB_HP_CAN1_TX_IRQHandler
                0x0000000008000c90                DMA1_Channel3_IRQHandler
                0x0000000008000c90                TIM1_UP_IRQHandler
                0x0000000008000c90                WWDG_IRQHandler
                0x0000000008000c90                TIM1_BRK_IRQHandler
                0x0000000008000c90                EXTI1_IRQHandler
                0x0000000008000c90                USART2_IRQHandler
                0x0000000008000c90                DMA1_Channel2_IRQHandler
                0x0000000008000c90                CAN1_SCE_IRQHandler
                0x0000000008000c90                FLASH_IRQHandler
                0x0000000008000c90                I2C1_ER_IRQHandler
                0x0000000008000c90                USBWakeUp_IRQHandler
 *fill*         0x0000000008000c92        0x2 
 .text.HAL_Init
                0x0000000008000c94       0x2c ./Drivers/STM32F1xx_HAL_Driver/Src/stm32f1xx_hal.o
                0x0000000008000c94                HAL_Init
 .text.HAL_InitTick
                0x0000000008000cc0       0x60 ./Drivers/STM32F1xx_HAL_Driver/Src/stm32f1xx_hal.o
                0x0000000008000cc0                HAL_InitTick
 .text.HAL_IncTick
                0x0000000008000d20       0x24 ./Drivers/STM32F1xx_HAL_Driver/Src/stm32f1xx_hal.o
                0x0000000008000d20                HAL_IncTick
 .text.HAL_GetTick
                0x0000000008000d44       0x14 ./Drivers/STM32F1xx_HAL_Driver/Src/stm32f1xx_hal.o
                0x0000000008000d44                HAL_GetTick
 .text.__NVIC_SetPriorityGrouping
                0x0000000008000d58       0x48 ./Drivers/STM32F1xx_HAL_Driver/Src/stm32f1xx_hal_cortex.o
 .text.__NVIC_GetPriorityGrouping
                0x0000000008000da0       0x1c ./Drivers/STM32F1xx_HAL_Driver/Src/stm32f1xx_hal_cortex.o
 .text.__NVIC_EnableIRQ
                0x0000000008000dbc       0x38 ./Drivers/STM32F1xx_HAL_Driver/Src/stm32f1xx_hal_cortex.o
 .text.__NVIC_SetPriority
                0x0000000008000df4       0x54 ./Drivers/STM32F1xx_HAL_Driver/Src/stm32f1xx_hal_cortex.o
 .text.NVIC_EncodePriority
                0x0000000008000e48       0x64 ./Drivers/STM32F1xx_HAL_Driver/Src/stm32f1xx_hal_cortex.o
 .text.SysTick_Config
                0x0000000008000eac       0x44 ./Drivers/STM32F1xx_HAL_Driver/Src/stm32f1xx_hal_cortex.o
 .text.HAL_NVIC_SetPriorityGrouping
                0x0000000008000ef0       0x16 ./Drivers/STM32F1xx_HAL_Driver/Src/stm32f1xx_hal_cortex.o
                0x0000000008000ef0                HAL_NVIC_SetPriorityGrouping
 .text.HAL_NVIC_SetPriority
                0x0000000008000f06       0x38 ./Drivers/STM32F1xx_HAL_Driver/Src/stm32f1xx_hal_cortex.o
                0x0000000008000f06                HAL_NVIC_SetPriority
 .text.HAL_NVIC_EnableIRQ
                0x0000000008000f3e       0x1c ./Drivers/STM32F1xx_HAL_Driver/Src/stm32f1xx_hal_cortex.o
                0x0000000008000f3e                HAL_NVIC_EnableIRQ
 .text.HAL_SYSTICK_Config
                0x0000000008000f5a       0x18 ./Drivers/STM32F1xx_HAL_Driver/Src/stm32f1xx_hal_cortex.o
                0x0000000008000f5a                HAL_SYSTICK_Config
 .text.HAL_DMA_Abort
                0x0000000008000f72       0x74 ./Drivers/STM32F1xx_HAL_Driver/Src/stm32f1xx_hal_dma.o
                0x0000000008000f72                HAL_DMA_Abort
 *fill*         0x0000000008000fe6        0x2 
 .text.HAL_DMA_Abort_IT
                0x0000000008000fe8       0xec ./Drivers/STM32F1xx_HAL_Driver/Src/stm32f1xx_hal_dma.o
                0x0000000008000fe8                HAL_DMA_Abort_IT
 .text.HAL_GPIO_Init
                0x00000000080010d4      0x2f4 ./Drivers/STM32F1xx_HAL_Driver/Src/stm32f1xx_hal_gpio.o
                0x00000000080010d4                HAL_GPIO_Init
 .text.HAL_GPIO_WritePin
                0x00000000080013c8       0x30 ./Drivers/STM32F1xx_HAL_Driver/Src/stm32f1xx_hal_gpio.o
                0x00000000080013c8                HAL_GPIO_WritePin
 .text.HAL_GPIO_TogglePin
                0x00000000080013f8       0x32 ./Drivers/STM32F1xx_HAL_Driver/Src/stm32f1xx_hal_gpio.o
                0x00000000080013f8                HAL_GPIO_TogglePin
 *fill*         0x000000000800142a        0x2 
 .text.HAL_RCC_OscConfig
                0x000000000800142c      0x500 ./Drivers/STM32F1xx_HAL_Driver/Src/stm32f1xx_hal_rcc.o
                0x000000000800142c                HAL_RCC_OscConfig
 .text.HAL_RCC_ClockConfig
                0x000000000800192c      0x1d4 ./Drivers/STM32F1xx_HAL_Driver/Src/stm32f1xx_hal_rcc.o
                0x000000000800192c                HAL_RCC_ClockConfig
 .text.HAL_RCC_GetSysClockFreq
                0x0000000008001b00       0xc0 ./Drivers/STM32F1xx_HAL_Driver/Src/stm32f1xx_hal_rcc.o
                0x0000000008001b00                HAL_RCC_GetSysClockFreq
 .text.HAL_RCC_GetHCLKFreq
                0x0000000008001bc0       0x14 ./Drivers/STM32F1xx_HAL_Driver/Src/stm32f1xx_hal_rcc.o
                0x0000000008001bc0                HAL_RCC_GetHCLKFreq
 .text.HAL_RCC_GetPCLK1Freq
                0x0000000008001bd4       0x28 ./Drivers/STM32F1xx_HAL_Driver/Src/stm32f1xx_hal_rcc.o
                0x0000000008001bd4                HAL_RCC_GetPCLK1Freq
 .text.HAL_RCC_GetPCLK2Freq
                0x0000000008001bfc       0x28 ./Drivers/STM32F1xx_HAL_Driver/Src/stm32f1xx_hal_rcc.o
                0x0000000008001bfc                HAL_RCC_GetPCLK2Freq
 .text.RCC_Delay
                0x0000000008001c24       0x3c ./Drivers/STM32F1xx_HAL_Driver/Src/stm32f1xx_hal_rcc.o
 .text.HAL_TIM_Base_Init
                0x0000000008001c60       0x9e ./Drivers/STM32F1xx_HAL_Driver/Src/stm32f1xx_hal_tim.o
                0x0000000008001c60                HAL_TIM_Base_Init
 *fill*         0x0000000008001cfe        0x2 
 .text.HAL_TIM_Base_Start_IT
                0x0000000008001d00       0x98 ./Drivers/STM32F1xx_HAL_Driver/Src/stm32f1xx_hal_tim.o
                0x0000000008001d00                HAL_TIM_Base_Start_IT
 .text.HAL_TIM_IRQHandler
                0x0000000008001d98      0x210 ./Drivers/STM32F1xx_HAL_Driver/Src/stm32f1xx_hal_tim.o
                0x0000000008001d98                HAL_TIM_IRQHandler
 .text.HAL_TIM_ConfigClockSource
                0x0000000008001fa8      0x188 ./Drivers/STM32F1xx_HAL_Driver/Src/stm32f1xx_hal_tim.o
                0x0000000008001fa8                HAL_TIM_ConfigClockSource
 .text.HAL_TIM_OC_DelayElapsedCallback
                0x0000000008002130       0x12 ./Drivers/STM32F1xx_HAL_Driver/Src/stm32f1xx_hal_tim.o
                0x0000000008002130                HAL_TIM_OC_DelayElapsedCallback
 .text.HAL_TIM_IC_CaptureCallback
                0x0000000008002142       0x12 ./Drivers/STM32F1xx_HAL_Driver/Src/stm32f1xx_hal_tim.o
                0x0000000008002142                HAL_TIM_IC_CaptureCallback
 .text.HAL_TIM_PWM_PulseFinishedCallback
                0x0000000008002154       0x12 ./Drivers/STM32F1xx_HAL_Driver/Src/stm32f1xx_hal_tim.o
                0x0000000008002154                HAL_TIM_PWM_PulseFinishedCallback
 .text.HAL_TIM_TriggerCallback
                0x0000000008002166       0x12 ./Drivers/STM32F1xx_HAL_Driver/Src/stm32f1xx_hal_tim.o
                0x0000000008002166                HAL_TIM_TriggerCallback
 .text.TIM_Base_SetConfig
                0x0000000008002178       0xb0 ./Drivers/STM32F1xx_HAL_Driver/Src/stm32f1xx_hal_tim.o
                0x0000000008002178                TIM_Base_SetConfig
 .text.TIM_TI1_ConfigInputStage
                0x0000000008002228       0x5c ./Drivers/STM32F1xx_HAL_Driver/Src/stm32f1xx_hal_tim.o
 .text.TIM_TI2_ConfigInputStage
                0x0000000008002284       0x5e ./Drivers/STM32F1xx_HAL_Driver/Src/stm32f1xx_hal_tim.o
 .text.TIM_ITRx_SetConfig
                0x00000000080022e2       0x34 ./Drivers/STM32F1xx_HAL_Driver/Src/stm32f1xx_hal_tim.o
 .text.TIM_ETR_SetConfig
                0x0000000008002316       0x3e ./Drivers/STM32F1xx_HAL_Driver/Src/stm32f1xx_hal_tim.o
                0x0000000008002316                TIM_ETR_SetConfig
 .text.HAL_TIMEx_MasterConfigSynchronization
                0x0000000008002354       0xb0 ./Drivers/STM32F1xx_HAL_Driver/Src/stm32f1xx_hal_tim_ex.o
                0x0000000008002354                HAL_TIMEx_MasterConfigSynchronization
 .text.HAL_TIMEx_CommutCallback
                0x0000000008002404       0x12 ./Drivers/STM32F1xx_HAL_Driver/Src/stm32f1xx_hal_tim_ex.o
                0x0000000008002404                HAL_TIMEx_CommutCallback
 .text.HAL_TIMEx_BreakCallback
                0x0000000008002416       0x12 ./Drivers/STM32F1xx_HAL_Driver/Src/stm32f1xx_hal_tim_ex.o
                0x0000000008002416                HAL_TIMEx_BreakCallback
 .text.HAL_UART_Init
                0x0000000008002428       0x9a ./Drivers/STM32F1xx_HAL_Driver/Src/stm32f1xx_hal_uart.o
                0x0000000008002428                HAL_UART_Init
 .text.HAL_UART_Transmit
                0x00000000080024c2      0x124 ./Drivers/STM32F1xx_HAL_Driver/Src/stm32f1xx_hal_uart.o
                0x00000000080024c2                HAL_UART_Transmit
 *fill*         0x00000000080025e6        0x2 
 .text.HAL_UART_IRQHandler
                0x00000000080025e8      0x354 ./Drivers/STM32F1xx_HAL_Driver/Src/stm32f1xx_hal_uart.o
                0x00000000080025e8                HAL_UART_IRQHandler
 .text.HAL_UART_TxCpltCallback
                0x000000000800293c       0x12 ./Drivers/STM32F1xx_HAL_Driver/Src/stm32f1xx_hal_uart.o
                0x000000000800293c                HAL_UART_TxCpltCallback
 .text.HAL_UART_RxCpltCallback
                0x000000000800294e       0x12 ./Drivers/STM32F1xx_HAL_Driver/Src/stm32f1xx_hal_uart.o
                0x000000000800294e                HAL_UART_RxCpltCallback
 .text.HAL_UART_ErrorCallback
                0x0000000008002960       0x12 ./Drivers/STM32F1xx_HAL_Driver/Src/stm32f1xx_hal_uart.o
                0x0000000008002960                HAL_UART_ErrorCallback
 .text.HAL_UARTEx_RxEventCallback
                0x0000000008002972       0x16 ./Drivers/STM32F1xx_HAL_Driver/Src/stm32f1xx_hal_uart.o
                0x0000000008002972                HAL_UARTEx_RxEventCallback
 .text.UART_WaitOnFlagUntilTimeout
                0x0000000008002988       0x94 ./Drivers/STM32F1xx_HAL_Driver/Src/stm32f1xx_hal_uart.o
 .text.UART_EndRxTransfer
                0x0000000008002a1c       0x58 ./Drivers/STM32F1xx_HAL_Driver/Src/stm32f1xx_hal_uart.o
 .text.UART_DMAAbortOnError
                0x0000000008002a74       0x28 ./Drivers/STM32F1xx_HAL_Driver/Src/stm32f1xx_hal_uart.o
 .text.UART_Transmit_IT
                0x0000000008002a9c       0x9e ./Drivers/STM32F1xx_HAL_Driver/Src/stm32f1xx_hal_uart.o
 .text.UART_EndTransmit_IT
                0x0000000008002b3a       0x30 ./Drivers/STM32F1xx_HAL_Driver/Src/stm32f1xx_hal_uart.o
 .text.UART_Receive_IT
                0x0000000008002b6a      0x152 ./Drivers/STM32F1xx_HAL_Driver/Src/stm32f1xx_hal_uart.o
 .text.UART_SetConfig
                0x0000000008002cbc      0x11c ./Drivers/STM32F1xx_HAL_Driver/Src/stm32f1xx_hal_uart.o
 .text.__libc_init_array
                0x0000000008002dd8       0x48 e:/programs_installer/stm32cubeide_1.7.0/stm32cubeide/plugins/com.st.stm32cube.ide.mcu.externaltools.gnu-tools-for-stm32.9-2020-q2-update.win32_2.0.0.202105311346/tools/bin/../lib/gcc/arm-none-eabi/9.3.1/../../../../arm-none-eabi/lib/thumb/v7-m/nofp\libc_nano.a(lib_a-init.o)
                0x0000000008002dd8                __libc_init_array
 .text.memset   0x0000000008002e20       0x10 e:/programs_installer/stm32cubeide_1.7.0/stm32cubeide/plugins/com.st.stm32cube.ide.mcu.externaltools.gnu-tools-for-stm32.9-2020-q2-update.win32_2.0.0.202105311346/tools/bin/../lib/gcc/arm-none-eabi/9.3.1/../../../../arm-none-eabi/lib/thumb/v7-m/nofp\libc_nano.a(lib_a-memset.o)
                0x0000000008002e20                memset
 *(.glue_7)
 .glue_7        0x0000000008002e30        0x0 linker stubs
 *(.glue_7t)
 .glue_7t       0x0000000008002e30        0x0 linker stubs
 *(.eh_frame)
 .eh_frame      0x0000000008002e30        0x0 e:/programs_installer/stm32cubeide_1.7.0/stm32cubeide/plugins/com.st.stm32cube.ide.mcu.externaltools.gnu-tools-for-stm32.9-2020-q2-update.win32_2.0.0.202105311346/tools/bin/../lib/gcc/arm-none-eabi/9.3.1/thumb/v7-m/nofp/crtbegin.o
 *(.init)
 .init          0x0000000008002e30        0x4 e:/programs_installer/stm32cubeide_1.7.0/stm32cubeide/plugins/com.st.stm32cube.ide.mcu.externaltools.gnu-tools-for-stm32.9-2020-q2-update.win32_2.0.0.202105311346/tools/bin/../lib/gcc/arm-none-eabi/9.3.1/thumb/v7-m/nofp/crti.o
                0x0000000008002e30                _init
 .init          0x0000000008002e34        0x8 e:/programs_installer/stm32cubeide_1.7.0/stm32cubeide/plugins/com.st.stm32cube.ide.mcu.externaltools.gnu-tools-for-stm32.9-2020-q2-update.win32_2.0.0.202105311346/tools/bin/../lib/gcc/arm-none-eabi/9.3.1/thumb/v7-m/nofp/crtn.o
 *(.fini)
 .fini          0x0000000008002e3c        0x4 e:/programs_installer/stm32cubeide_1.7.0/stm32cubeide/plugins/com.st.stm32cube.ide.mcu.externaltools.gnu-tools-for-stm32.9-2020-q2-update.win32_2.0.0.202105311346/tools/bin/../lib/gcc/arm-none-eabi/9.3.1/thumb/v7-m/nofp/crti.o
                0x0000000008002e3c                _fini
 .fini          0x0000000008002e40        0x8 e:/programs_installer/stm32cubeide_1.7.0/stm32cubeide/plugins/com.st.stm32cube.ide.mcu.externaltools.gnu-tools-for-stm32.9-2020-q2-update.win32_2.0.0.202105311346/tools/bin/../lib/gcc/arm-none-eabi/9.3.1/thumb/v7-m/nofp/crtn.o
                0x0000000008002e48                . = ALIGN (0x4)
                0x0000000008002e48                _etext = .

.vfp11_veneer   0x0000000008002e48        0x0
 .vfp11_veneer  0x0000000008002e48        0x0 linker stubs

.v4_bx          0x0000000008002e48        0x0
 .v4_bx         0x0000000008002e48        0x0 linker stubs

.iplt           0x0000000008002e48        0x0
 .iplt          0x0000000008002e48        0x0 e:/programs_installer/stm32cubeide_1.7.0/stm32cubeide/plugins/com.st.stm32cube.ide.mcu.externaltools.gnu-tools-for-stm32.9-2020-q2-update.win32_2.0.0.202105311346/tools/bin/../lib/gcc/arm-none-eabi/9.3.1/thumb/v7-m/nofp/crtbegin.o

.rodata         0x0000000008002e48       0x28
                0x0000000008002e48                . = ALIGN (0x4)
 *(.rodata)
 .rodata        0x0000000008002e48       0x10 ./Drivers/STM32F1xx_HAL_Driver/Src/stm32f1xx_hal_rcc.o
 *(.rodata*)
 .rodata.AHBPrescTable
                0x0000000008002e58       0x10 ./Core/Src/system_stm32f1xx.o
                0x0000000008002e58                AHBPrescTable
 .rodata.APBPrescTable
                0x0000000008002e68        0x8 ./Core/Src/system_stm32f1xx.o
                0x0000000008002e68                APBPrescTable
                0x0000000008002e70                . = ALIGN (0x4)

.rel.dyn        0x0000000008002e70        0x0
 .rel.iplt      0x0000000008002e70        0x0 e:/programs_installer/stm32cubeide_1.7.0/stm32cubeide/plugins/com.st.stm32cube.ide.mcu.externaltools.gnu-tools-for-stm32.9-2020-q2-update.win32_2.0.0.202105311346/tools/bin/../lib/gcc/arm-none-eabi/9.3.1/thumb/v7-m/nofp/crtbegin.o

.ARM.extab      0x0000000008002e70        0x0
                0x0000000008002e70                . = ALIGN (0x4)
 *(.ARM.extab* .gnu.linkonce.armextab.*)
                0x0000000008002e70                . = ALIGN (0x4)

.ARM            0x0000000008002e70        0x0
                0x0000000008002e70                . = ALIGN (0x4)
                0x0000000008002e70                __exidx_start = .
 *(.ARM.exidx*)
                0x0000000008002e70                __exidx_end = .
                0x0000000008002e70                . = ALIGN (0x4)

.preinit_array  0x0000000008002e70        0x0
                0x0000000008002e70                . = ALIGN (0x4)
                0x0000000008002e70                PROVIDE (__preinit_array_start = .)
 *(.preinit_array*)
                0x0000000008002e70                PROVIDE (__preinit_array_end = .)
                0x0000000008002e70                . = ALIGN (0x4)

.init_array     0x0000000008002e70        0x4
                0x0000000008002e70                . = ALIGN (0x4)
                0x0000000008002e70                PROVIDE (__init_array_start = .)
 *(SORT_BY_NAME(.init_array.*))
 *(.init_array*)
 .init_array    0x0000000008002e70        0x4 e:/programs_installer/stm32cubeide_1.7.0/stm32cubeide/plugins/com.st.stm32cube.ide.mcu.externaltools.gnu-tools-for-stm32.9-2020-q2-update.win32_2.0.0.202105311346/tools/bin/../lib/gcc/arm-none-eabi/9.3.1/thumb/v7-m/nofp/crtbegin.o
                0x0000000008002e74                PROVIDE (__init_array_end = .)
                0x0000000008002e74                . = ALIGN (0x4)

.fini_array     0x0000000008002e74        0x4
                0x0000000008002e74                . = ALIGN (0x4)
                [!provide]                        PROVIDE (__fini_array_start = .)
 *(SORT_BY_NAME(.fini_array.*))
 *(.fini_array*)
 .fini_array    0x0000000008002e74        0x4 e:/programs_installer/stm32cubeide_1.7.0/stm32cubeide/plugins/com.st.stm32cube.ide.mcu.externaltools.gnu-tools-for-stm32.9-2020-q2-update.win32_2.0.0.202105311346/tools/bin/../lib/gcc/arm-none-eabi/9.3.1/thumb/v7-m/nofp/crtbegin.o
                [!provide]                        PROVIDE (__fini_array_end = .)
                0x0000000008002e78                . = ALIGN (0x4)
                0x0000000008002e78                _sidata = LOADADDR (.data)

.data           0x0000000020000000       0x4c load address 0x0000000008002e78
                0x0000000020000000                . = ALIGN (0x4)
                0x0000000020000000                _sdata = .
 *(.data)
 *(.data*)
 .data.counter  0x0000000020000000        0x4 ./Core/Src/main.o
                0x0000000020000000                counter
 .data.minDelayCounter
                0x0000000020000004        0x4 ./Core/Src/scheduler.o
 .data.minDelay
                0x0000000020000008        0x4 ./Core/Src/scheduler.o
 .data.tBuffer  0x000000002000000c       0x32 ./Core/Src/scheduler.o
                0x000000002000000c                tBuffer
 *fill*         0x000000002000003e        0x2 
 .data.SystemCoreClock
                0x0000000020000040        0x4 ./Core/Src/system_stm32f1xx.o
                0x0000000020000040                SystemCoreClock
 .data.uwTickPrio
                0x0000000020000044        0x4 ./Drivers/STM32F1xx_HAL_Driver/Src/stm32f1xx_hal.o
                0x0000000020000044                uwTickPrio
 .data.uwTickFreq
                0x0000000020000048        0x1 ./Drivers/STM32F1xx_HAL_Driver/Src/stm32f1xx_hal.o
                0x0000000020000048                uwTickFreq
 *(.RamFunc)
 *(.RamFunc*)
                0x000000002000004c                . = ALIGN (0x4)
 *fill*         0x0000000020000049        0x3 
                0x000000002000004c                _edata = .

.igot.plt       0x000000002000004c        0x0 load address 0x0000000008002ec4
 .igot.plt      0x000000002000004c        0x0 e:/programs_installer/stm32cubeide_1.7.0/stm32cubeide/plugins/com.st.stm32cube.ide.mcu.externaltools.gnu-tools-for-stm32.9-2020-q2-update.win32_2.0.0.202105311346/tools/bin/../lib/gcc/arm-none-eabi/9.3.1/thumb/v7-m/nofp/crtbegin.o
                0x000000002000004c                . = ALIGN (0x4)

.bss            0x000000002000004c      0x330 load address 0x0000000008002ec4
                0x000000002000004c                _sbss = .
                0x000000002000004c                __bss_start__ = _sbss
 *(.bss)
 .bss           0x000000002000004c       0x1c e:/programs_installer/stm32cubeide_1.7.0/stm32cubeide/plugins/com.st.stm32cube.ide.mcu.externaltools.gnu-tools-for-stm32.9-2020-q2-update.win32_2.0.0.202105311346/tools/bin/../lib/gcc/arm-none-eabi/9.3.1/thumb/v7-m/nofp/crtbegin.o
 *(.bss*)
 .bss.value     0x0000000020000068        0x4 ./Core/Src/led_processing.o
 *(COMMON)
 COMMON         0x000000002000006c       0x8c ./Core/Src/main.o
                0x000000002000006c                huart1
                0x00000000200000b0                htim2
 COMMON         0x00000000200000f8      0x280 ./Core/Src/scheduler.o
                0x00000000200000f8                SCH_task_array
 COMMON         0x0000000020000378        0x4 ./Drivers/STM32F1xx_HAL_Driver/Src/stm32f1xx_hal.o
                0x0000000020000378                uwTick
                0x000000002000037c                . = ALIGN (0x4)
                0x000000002000037c                _ebss = .
                0x000000002000037c                __bss_end__ = _ebss

._user_heap_stack
                0x000000002000037c      0x604 load address 0x0000000008002ec4
                0x0000000020000380                . = ALIGN (0x8)
 *fill*         0x000000002000037c        0x4 
                [!provide]                        PROVIDE (end = .)
                0x0000000020000380                PROVIDE (_end = .)
                0x0000000020000580                . = (. + _Min_Heap_Size)
 *fill*         0x0000000020000380      0x200 
                0x0000000020000980                . = (. + _Min_Stack_Size)
 *fill*         0x0000000020000580      0x400 
                0x0000000020000980                . = ALIGN (0x8)

/DISCARD/
 libc.a(*)
 libm.a(*)
 libgcc.a(*)

.ARM.attributes
                0x0000000000000000       0x29
 *(.ARM.attributes)
 .ARM.attributes
                0x0000000000000000       0x1d e:/programs_installer/stm32cubeide_1.7.0/stm32cubeide/plugins/com.st.stm32cube.ide.mcu.externaltools.gnu-tools-for-stm32.9-2020-q2-update.win32_2.0.0.202105311346/tools/bin/../lib/gcc/arm-none-eabi/9.3.1/thumb/v7-m/nofp/crti.o
 .ARM.attributes
                0x000000000000001d       0x2d e:/programs_installer/stm32cubeide_1.7.0/stm32cubeide/plugins/com.st.stm32cube.ide.mcu.externaltools.gnu-tools-for-stm32.9-2020-q2-update.win32_2.0.0.202105311346/tools/bin/../lib/gcc/arm-none-eabi/9.3.1/thumb/v7-m/nofp/crtbegin.o
 .ARM.attributes
                0x000000000000004a       0x2d ./Core/Src/led_processing.o
 .ARM.attributes
                0x0000000000000077       0x2d ./Core/Src/main.o
 .ARM.attributes
                0x00000000000000a4       0x2d ./Core/Src/scheduler.o
 .ARM.attributes
                0x00000000000000d1       0x2d ./Core/Src/stm32f1xx_hal_msp.o
 .ARM.attributes
                0x00000000000000fe       0x2d ./Core/Src/stm32f1xx_it.o
 .ARM.attributes
                0x000000000000012b       0x2d ./Core/Src/system_stm32f1xx.o
 .ARM.attributes
                0x0000000000000158       0x21 ./Core/Startup/startup_stm32f103c6ux.o
 .ARM.attributes
                0x0000000000000179       0x2d ./Drivers/STM32F1xx_HAL_Driver/Src/stm32f1xx_hal.o
 .ARM.attributes
                0x00000000000001a6       0x2d ./Drivers/STM32F1xx_HAL_Driver/Src/stm32f1xx_hal_cortex.o
 .ARM.attributes
                0x00000000000001d3       0x2d ./Drivers/STM32F1xx_HAL_Driver/Src/stm32f1xx_hal_dma.o
 .ARM.attributes
                0x0000000000000200       0x2d ./Drivers/STM32F1xx_HAL_Driver/Src/stm32f1xx_hal_gpio.o
 .ARM.attributes
                0x000000000000022d       0x2d ./Drivers/STM32F1xx_HAL_Driver/Src/stm32f1xx_hal_rcc.o
 .ARM.attributes
                0x000000000000025a       0x2d ./Drivers/STM32F1xx_HAL_Driver/Src/stm32f1xx_hal_tim.o
 .ARM.attributes
                0x0000000000000287       0x2d ./Drivers/STM32F1xx_HAL_Driver/Src/stm32f1xx_hal_tim_ex.o
 .ARM.attributes
                0x00000000000002b4       0x2d ./Drivers/STM32F1xx_HAL_Driver/Src/stm32f1xx_hal_uart.o
 .ARM.attributes
                0x00000000000002e1       0x2d e:/programs_installer/stm32cubeide_1.7.0/stm32cubeide/plugins/com.st.stm32cube.ide.mcu.externaltools.gnu-tools-for-stm32.9-2020-q2-update.win32_2.0.0.202105311346/tools/bin/../lib/gcc/arm-none-eabi/9.3.1/../../../../arm-none-eabi/lib/thumb/v7-m/nofp\libc_nano.a(lib_a-init.o)
 .ARM.attributes
                0x000000000000030e       0x2d e:/programs_installer/stm32cubeide_1.7.0/stm32cubeide/plugins/com.st.stm32cube.ide.mcu.externaltools.gnu-tools-for-stm32.9-2020-q2-update.win32_2.0.0.202105311346/tools/bin/../lib/gcc/arm-none-eabi/9.3.1/../../../../arm-none-eabi/lib/thumb/v7-m/nofp\libc_nano.a(lib_a-memset.o)
 .ARM.attributes
                0x000000000000033b       0x1d e:/programs_installer/stm32cubeide_1.7.0/stm32cubeide/plugins/com.st.stm32cube.ide.mcu.externaltools.gnu-tools-for-stm32.9-2020-q2-update.win32_2.0.0.202105311346/tools/bin/../lib/gcc/arm-none-eabi/9.3.1/thumb/v7-m/nofp/crtn.o
OUTPUT(Lab04.elf elf32-littlearm)
LOAD linker stubs
LOAD e:/programs_installer/stm32cubeide_1.7.0/stm32cubeide/plugins/com.st.stm32cube.ide.mcu.externaltools.gnu-tools-for-stm32.9-2020-q2-update.win32_2.0.0.202105311346/tools/bin/../lib/gcc/arm-none-eabi/9.3.1/../../../../arm-none-eabi/lib/thumb/v7-m/nofp\libc.a
LOAD e:/programs_installer/stm32cubeide_1.7.0/stm32cubeide/plugins/com.st.stm32cube.ide.mcu.externaltools.gnu-tools-for-stm32.9-2020-q2-update.win32_2.0.0.202105311346/tools/bin/../lib/gcc/arm-none-eabi/9.3.1/../../../../arm-none-eabi/lib/thumb/v7-m/nofp\libm.a
LOAD e:/programs_installer/stm32cubeide_1.7.0/stm32cubeide/plugins/com.st.stm32cube.ide.mcu.externaltools.gnu-tools-for-stm32.9-2020-q2-update.win32_2.0.0.202105311346/tools/bin/../lib/gcc/arm-none-eabi/9.3.1/thumb/v7-m/nofp\libgcc.a

.debug_info     0x0000000000000000     0xb4a6
 .debug_info    0x0000000000000000      0x2cd ./Core/Src/led_processing.o
 .debug_info    0x00000000000002cd      0xe13 ./Core/Src/main.o
 .debug_info    0x00000000000010e0      0x92a ./Core/Src/scheduler.o
 .debug_info    0x0000000000001a0a      0xdaf ./Core/Src/stm32f1xx_hal_msp.o
 .debug_info    0x00000000000027b9      0xa22 ./Core/Src/stm32f1xx_it.o
 .debug_info    0x00000000000031db      0x2be ./Core/Src/system_stm32f1xx.o
 .debug_info    0x0000000000003499       0x22 ./Core/Startup/startup_stm32f103c6ux.o
 .debug_info    0x00000000000034bb      0x74c ./Drivers/STM32F1xx_HAL_Driver/Src/stm32f1xx_hal.o
 .debug_info    0x0000000000003c07      0xbbe ./Drivers/STM32F1xx_HAL_Driver/Src/stm32f1xx_hal_cortex.o
 .debug_info    0x00000000000047c5      0x81e ./Drivers/STM32F1xx_HAL_Driver/Src/stm32f1xx_hal_dma.o
 .debug_info    0x0000000000004fe3      0x701 ./Drivers/STM32F1xx_HAL_Driver/Src/stm32f1xx_hal_gpio.o
 .debug_info    0x00000000000056e4      0x88e ./Drivers/STM32F1xx_HAL_Driver/Src/stm32f1xx_hal_rcc.o
 .debug_info    0x0000000000005f72     0x2a45 ./Drivers/STM32F1xx_HAL_Driver/Src/stm32f1xx_hal_tim.o
 .debug_info    0x00000000000089b7     0x14d5 ./Drivers/STM32F1xx_HAL_Driver/Src/stm32f1xx_hal_tim_ex.o
 .debug_info    0x0000000000009e8c     0x161a ./Drivers/STM32F1xx_HAL_Driver/Src/stm32f1xx_hal_uart.o

.debug_abbrev   0x0000000000000000     0x1d90
 .debug_abbrev  0x0000000000000000      0x13d ./Core/Src/led_processing.o
 .debug_abbrev  0x000000000000013d      0x28b ./Core/Src/main.o
 .debug_abbrev  0x00000000000003c8      0x258 ./Core/Src/scheduler.o
 .debug_abbrev  0x0000000000000620      0x1c8 ./Core/Src/stm32f1xx_hal_msp.o
 .debug_abbrev  0x00000000000007e8      0x176 ./Core/Src/stm32f1xx_it.o
 .debug_abbrev  0x000000000000095e      0x14e ./Core/Src/system_stm32f1xx.o
 .debug_abbrev  0x0000000000000aac       0x12 ./Core/Startup/startup_stm32f103c6ux.o
 .debug_abbrev  0x0000000000000abe      0x1ed ./Drivers/STM32F1xx_HAL_Driver/Src/stm32f1xx_hal.o
 .debug_abbrev  0x0000000000000cab      0x313 ./Drivers/STM32F1xx_HAL_Driver/Src/stm32f1xx_hal_cortex.o
 .debug_abbrev  0x0000000000000fbe      0x228 ./Drivers/STM32F1xx_HAL_Driver/Src/stm32f1xx_hal_dma.o
 .debug_abbrev  0x00000000000011e6      0x1e8 ./Drivers/STM32F1xx_HAL_Driver/Src/stm32f1xx_hal_gpio.o
 .debug_abbrev  0x00000000000013ce      0x273 ./Drivers/STM32F1xx_HAL_Driver/Src/stm32f1xx_hal_rcc.o
 .debug_abbrev  0x0000000000001641      0x25e ./Drivers/STM32F1xx_HAL_Driver/Src/stm32f1xx_hal_tim.o
 .debug_abbrev  0x000000000000189f      0x266 ./Drivers/STM32F1xx_HAL_Driver/Src/stm32f1xx_hal_tim_ex.o
 .debug_abbrev  0x0000000000001b05      0x28b ./Drivers/STM32F1xx_HAL_Driver/Src/stm32f1xx_hal_uart.o

.debug_aranges  0x0000000000000000      0xc78
 .debug_aranges
                0x0000000000000000       0x50 ./Core/Src/led_processing.o
 .debug_aranges
                0x0000000000000050       0x58 ./Core/Src/main.o
 .debug_aranges
                0x00000000000000a8       0x50 ./Core/Src/scheduler.o
 .debug_aranges
                0x00000000000000f8       0x40 ./Core/Src/stm32f1xx_hal_msp.o
 .debug_aranges
                0x0000000000000138       0x70 ./Core/Src/stm32f1xx_it.o
 .debug_aranges
                0x00000000000001a8       0x28 ./Core/Src/system_stm32f1xx.o
 .debug_aranges
                0x00000000000001d0       0x28 ./Core/Startup/startup_stm32f103c6ux.o
 .debug_aranges
                0x00000000000001f8       0xe0 ./Drivers/STM32F1xx_HAL_Driver/Src/stm32f1xx_hal.o
 .debug_aranges
                0x00000000000002d8      0x100 ./Drivers/STM32F1xx_HAL_Driver/Src/stm32f1xx_hal_cortex.o
 .debug_aranges
                0x00000000000003d8       0x80 ./Drivers/STM32F1xx_HAL_Driver/Src/stm32f1xx_hal_dma.o
 .debug_aranges
                0x0000000000000458       0x58 ./Drivers/STM32F1xx_HAL_Driver/Src/stm32f1xx_hal_gpio.o
 .debug_aranges
                0x00000000000004b0       0x90 ./Drivers/STM32F1xx_HAL_Driver/Src/stm32f1xx_hal_rcc.o
 .debug_aranges
                0x0000000000000540      0x3d0 ./Drivers/STM32F1xx_HAL_Driver/Src/stm32f1xx_hal_tim.o
 .debug_aranges
                0x0000000000000910      0x168 ./Drivers/STM32F1xx_HAL_Driver/Src/stm32f1xx_hal_tim_ex.o
 .debug_aranges
                0x0000000000000a78      0x200 ./Drivers/STM32F1xx_HAL_Driver/Src/stm32f1xx_hal_uart.o

.debug_ranges   0x0000000000000000      0xbc0
 .debug_ranges  0x0000000000000000       0x40 ./Core/Src/led_processing.o
 .debug_ranges  0x0000000000000040       0x48 ./Core/Src/main.o
 .debug_ranges  0x0000000000000088       0x40 ./Core/Src/scheduler.o
 .debug_ranges  0x00000000000000c8       0x30 ./Core/Src/stm32f1xx_hal_msp.o
 .debug_ranges  0x00000000000000f8       0x60 ./Core/Src/stm32f1xx_it.o
 .debug_ranges  0x0000000000000158       0x18 ./Core/Src/system_stm32f1xx.o
 .debug_ranges  0x0000000000000170       0x20 ./Core/Startup/startup_stm32f103c6ux.o
 .debug_ranges  0x0000000000000190       0xd0 ./Drivers/STM32F1xx_HAL_Driver/Src/stm32f1xx_hal.o
 .debug_ranges  0x0000000000000260       0xf0 ./Drivers/STM32F1xx_HAL_Driver/Src/stm32f1xx_hal_cortex.o
 .debug_ranges  0x0000000000000350       0x70 ./Drivers/STM32F1xx_HAL_Driver/Src/stm32f1xx_hal_dma.o
 .debug_ranges  0x00000000000003c0       0x48 ./Drivers/STM32F1xx_HAL_Driver/Src/stm32f1xx_hal_gpio.o
 .debug_ranges  0x0000000000000408       0x80 ./Drivers/STM32F1xx_HAL_Driver/Src/stm32f1xx_hal_rcc.o
 .debug_ranges  0x0000000000000488      0x3c0 ./Drivers/STM32F1xx_HAL_Driver/Src/stm32f1xx_hal_tim.o
 .debug_ranges  0x0000000000000848      0x158 ./Drivers/STM32F1xx_HAL_Driver/Src/stm32f1xx_hal_tim_ex.o
 .debug_ranges  0x00000000000009a0      0x220 ./Drivers/STM32F1xx_HAL_Driver/Src/stm32f1xx_hal_uart.o

.debug_macro    0x0000000000000000    0x16c4e
 .debug_macro   0x0000000000000000      0x1bb ./Core/Src/led_processing.o
 .debug_macro   0x00000000000001bb      0xa9c ./Core/Src/led_processing.o
 .debug_macro   0x0000000000000c57      0x21b ./Core/Src/led_processing.o
 .debug_macro   0x0000000000000e72       0x2e ./Core/Src/led_processing.o
 .debug_macro   0x0000000000000ea0       0x22 ./Core/Src/led_processing.o
 .debug_macro   0x0000000000000ec2       0x22 ./Core/Src/led_processing.o
 .debug_macro   0x0000000000000ee4       0x8e ./Core/Src/led_processing.o
 .debug_macro   0x0000000000000f72       0x51 ./Core/Src/led_processing.o
 .debug_macro   0x0000000000000fc3      0x103 ./Core/Src/led_processing.o
 .debug_macro   0x00000000000010c6       0x6a ./Core/Src/led_processing.o
 .debug_macro   0x0000000000001130      0x1df ./Core/Src/led_processing.o
 .debug_macro   0x000000000000130f       0x1c ./Core/Src/led_processing.o
 .debug_macro   0x000000000000132b       0x22 ./Core/Src/led_processing.o
 .debug_macro   0x000000000000134d       0xc3 ./Core/Src/led_processing.o
 .debug_macro   0x0000000000001410      0xd23 ./Core/Src/led_processing.o
 .debug_macro   0x0000000000002133     0xde75 ./Core/Src/led_processing.o
 .debug_macro   0x000000000000ffa8       0x6d ./Core/Src/led_processing.o
 .debug_macro   0x0000000000010015     0x3468 ./Core/Src/led_processing.o
 .debug_macro   0x000000000001347d      0x174 ./Core/Src/led_processing.o
 .debug_macro   0x00000000000135f1       0x5c ./Core/Src/led_processing.o
 .debug_macro   0x000000000001364d      0x5be ./Core/Src/led_processing.o
 .debug_macro   0x0000000000013c0b      0x1b7 ./Core/Src/led_processing.o
 .debug_macro   0x0000000000013dc2      0x1cb ./Core/Src/led_processing.o
 .debug_macro   0x0000000000013f8d      0x114 ./Core/Src/led_processing.o
 .debug_macro   0x00000000000140a1      0x1b2 ./Core/Src/led_processing.o
 .debug_macro   0x0000000000014253       0x27 ./Core/Src/led_processing.o
 .debug_macro   0x000000000001427a      0x12f ./Core/Src/led_processing.o
 .debug_macro   0x00000000000143a9      0x1bc ./Core/Src/led_processing.o
 .debug_macro   0x0000000000014565       0x34 ./Core/Src/led_processing.o
 .debug_macro   0x0000000000014599       0x3c ./Core/Src/led_processing.o
 .debug_macro   0x00000000000145d5       0x57 ./Core/Src/led_processing.o
 .debug_macro   0x000000000001462c       0x88 ./Core/Src/led_processing.o
 .debug_macro   0x00000000000146b4      0x183 ./Core/Src/led_processing.o
 .debug_macro   0x0000000000014837      0x141 ./Core/Src/led_processing.o
 .debug_macro   0x0000000000014978      0x8d1 ./Core/Src/led_processing.o
 .debug_macro   0x0000000000015249      0x279 ./Core/Src/led_processing.o
 .debug_macro   0x00000000000154c2       0x69 ./Core/Src/led_processing.o
 .debug_macro   0x000000000001552b       0xa0 ./Core/Src/led_processing.o
 .debug_macro   0x00000000000155cb      0x1cf ./Core/Src/main.o
 .debug_macro   0x000000000001579a      0x1f3 ./Core/Src/scheduler.o
 .debug_macro   0x000000000001598d      0x1b1 ./Core/Src/stm32f1xx_hal_msp.o
 .debug_macro   0x0000000000015b3e      0x1bb ./Core/Src/stm32f1xx_it.o
 .debug_macro   0x0000000000015cf9      0x1a2 ./Core/Src/system_stm32f1xx.o
 .debug_macro   0x0000000000015e9b      0x1c6 ./Drivers/STM32F1xx_HAL_Driver/Src/stm32f1xx_hal.o
 .debug_macro   0x0000000000016061      0x1a2 ./Drivers/STM32F1xx_HAL_Driver/Src/stm32f1xx_hal_cortex.o
 .debug_macro   0x0000000000016203      0x1a2 ./Drivers/STM32F1xx_HAL_Driver/Src/stm32f1xx_hal_dma.o
 .debug_macro   0x00000000000163a5      0x20d ./Drivers/STM32F1xx_HAL_Driver/Src/stm32f1xx_hal_gpio.o
 .debug_macro   0x00000000000165b2      0x1b4 ./Drivers/STM32F1xx_HAL_Driver/Src/stm32f1xx_hal_rcc.o
 .debug_macro   0x0000000000016766      0x1a3 ./Drivers/STM32F1xx_HAL_Driver/Src/stm32f1xx_hal_tim.o
 .debug_macro   0x0000000000016909      0x1a2 ./Drivers/STM32F1xx_HAL_Driver/Src/stm32f1xx_hal_tim_ex.o
 .debug_macro   0x0000000000016aab      0x1a3 ./Drivers/STM32F1xx_HAL_Driver/Src/stm32f1xx_hal_uart.o

.debug_line     0x0000000000000000     0xd185
 .debug_line    0x0000000000000000      0x7b9 ./Core/Src/led_processing.o
 .debug_line    0x00000000000007b9      0x88c ./Core/Src/main.o
 .debug_line    0x0000000000001045      0x93d ./Core/Src/scheduler.o
 .debug_line    0x0000000000001982      0x77e ./Core/Src/stm32f1xx_hal_msp.o
 .debug_line    0x0000000000002100      0x7de ./Core/Src/stm32f1xx_it.o
 .debug_line    0x00000000000028de      0x76a ./Core/Src/system_stm32f1xx.o
 .debug_line    0x0000000000003048       0x87 ./Core/Startup/startup_stm32f103c6ux.o
 .debug_line    0x00000000000030cf      0x997 ./Drivers/STM32F1xx_HAL_Driver/Src/stm32f1xx_hal.o
 .debug_line    0x0000000000003a66      0xb7f ./Drivers/STM32F1xx_HAL_Driver/Src/stm32f1xx_hal_cortex.o
 .debug_line    0x00000000000045e5      0xdef ./Drivers/STM32F1xx_HAL_Driver/Src/stm32f1xx_hal_dma.o
 .debug_line    0x00000000000053d4      0xa18 ./Drivers/STM32F1xx_HAL_Driver/Src/stm32f1xx_hal_gpio.o
 .debug_line    0x0000000000005dec      0xda5 ./Drivers/STM32F1xx_HAL_Driver/Src/stm32f1xx_hal_rcc.o
 .debug_line    0x0000000000006b91     0x32f5 ./Drivers/STM32F1xx_HAL_Driver/Src/stm32f1xx_hal_tim.o
 .debug_line    0x0000000000009e86     0x188d ./Drivers/STM32F1xx_HAL_Driver/Src/stm32f1xx_hal_tim_ex.o
 .debug_line    0x000000000000b713     0x1a72 ./Drivers/STM32F1xx_HAL_Driver/Src/stm32f1xx_hal_uart.o

.debug_str      0x0000000000000000    0x84525
 .debug_str     0x0000000000000000    0x81034 ./Core/Src/led_processing.o
                                      0x81377 (size before relaxing)
 .debug_str     0x0000000000081034      0x911 ./Core/Src/main.o
                                      0x81ccd (size before relaxing)
 .debug_str     0x0000000000081945      0x150 ./Core/Src/scheduler.o
                                      0x8182f (size before relaxing)
 .debug_str     0x0000000000081a95      0x2e4 ./Core/Src/stm32f1xx_hal_msp.o
                                      0x81d32 (size before relaxing)
 .debug_str     0x0000000000081d79       0xdf ./Core/Src/stm32f1xx_it.o
                                      0x81a40 (size before relaxing)
 .debug_str     0x0000000000081e58       0x52 ./Core/Src/system_stm32f1xx.o
                                      0x810dc (size before relaxing)
 .debug_str     0x0000000000081eaa       0x36 ./Core/Startup/startup_stm32f103c6ux.o
                                         0x83 (size before relaxing)
 .debug_str     0x0000000000081ee0      0x304 ./Drivers/STM32F1xx_HAL_Driver/Src/stm32f1xx_hal.o
                                      0x81733 (size before relaxing)
 .debug_str     0x00000000000821e4      0x300 ./Drivers/STM32F1xx_HAL_Driver/Src/stm32f1xx_hal_cortex.o
                                      0x8173b (size before relaxing)
 .debug_str     0x00000000000824e4      0x235 ./Drivers/STM32F1xx_HAL_Driver/Src/stm32f1xx_hal_dma.o
                                      0x814b7 (size before relaxing)
 .debug_str     0x0000000000082719      0x31f ./Drivers/STM32F1xx_HAL_Driver/Src/stm32f1xx_hal_gpio.o
                                      0x814a0 (size before relaxing)
 .debug_str     0x0000000000082a38      0x24f ./Drivers/STM32F1xx_HAL_Driver/Src/stm32f1xx_hal_rcc.o
                                      0x814d9 (size before relaxing)
 .debug_str     0x0000000000082c87      0xdc3 ./Drivers/STM32F1xx_HAL_Driver/Src/stm32f1xx_hal_tim.o
                                      0x824ab (size before relaxing)
 .debug_str     0x0000000000083a4a      0x4ee ./Drivers/STM32F1xx_HAL_Driver/Src/stm32f1xx_hal_tim_ex.o
                                      0x81c5c (size before relaxing)
 .debug_str     0x0000000000083f38      0x5ed ./Drivers/STM32F1xx_HAL_Driver/Src/stm32f1xx_hal_uart.o
                                      0x81acb (size before relaxing)

.comment        0x0000000000000000       0x53
 .comment       0x0000000000000000       0x53 ./Core/Src/led_processing.o
                                         0x54 (size before relaxing)
 .comment       0x0000000000000053       0x54 ./Core/Src/main.o
 .comment       0x0000000000000053       0x54 ./Core/Src/scheduler.o
 .comment       0x0000000000000053       0x54 ./Core/Src/stm32f1xx_hal_msp.o
 .comment       0x0000000000000053       0x54 ./Core/Src/stm32f1xx_it.o
 .comment       0x0000000000000053       0x54 ./Core/Src/system_stm32f1xx.o
 .comment       0x0000000000000053       0x54 ./Drivers/STM32F1xx_HAL_Driver/Src/stm32f1xx_hal.o
 .comment       0x0000000000000053       0x54 ./Drivers/STM32F1xx_HAL_Driver/Src/stm32f1xx_hal_cortex.o
 .comment       0x0000000000000053       0x54 ./Drivers/STM32F1xx_HAL_Driver/Src/stm32f1xx_hal_dma.o
 .comment       0x0000000000000053       0x54 ./Drivers/STM32F1xx_HAL_Driver/Src/stm32f1xx_hal_gpio.o
 .comment       0x0000000000000053       0x54 ./Drivers/STM32F1xx_HAL_Driver/Src/stm32f1xx_hal_rcc.o
 .comment       0x0000000000000053       0x54 ./Drivers/STM32F1xx_HAL_Driver/Src/stm32f1xx_hal_tim.o
 .comment       0x0000000000000053       0x54 ./Drivers/STM32F1xx_HAL_Driver/Src/stm32f1xx_hal_tim_ex.o
 .comment       0x0000000000000053       0x54 ./Drivers/STM32F1xx_HAL_Driver/Src/stm32f1xx_hal_uart.o

.debug_frame    0x0000000000000000     0x3374
 .debug_frame   0x0000000000000000       0xdc ./Core/Src/led_processing.o
 .debug_frame   0x00000000000000dc      0x10c ./Core/Src/main.o
 .debug_frame   0x00000000000001e8      0x114 ./Core/Src/scheduler.o
 .debug_frame   0x00000000000002fc       0xc8 ./Core/Src/stm32f1xx_hal_msp.o
 .debug_frame   0x00000000000003c4      0x13c ./Core/Src/stm32f1xx_it.o
 .debug_frame   0x0000000000000500       0x58 ./Core/Src/system_stm32f1xx.o
 .debug_frame   0x0000000000000558      0x334 ./Drivers/STM32F1xx_HAL_Driver/Src/stm32f1xx_hal.o
 .debug_frame   0x000000000000088c      0x428 ./Drivers/STM32F1xx_HAL_Driver/Src/stm32f1xx_hal_cortex.o
 .debug_frame   0x0000000000000cb4      0x208 ./Drivers/STM32F1xx_HAL_Driver/Src/stm32f1xx_hal_dma.o
 .debug_frame   0x0000000000000ebc      0x14c ./Drivers/STM32F1xx_HAL_Driver/Src/stm32f1xx_hal_gpio.o
 .debug_frame   0x0000000000001008      0x21c ./Drivers/STM32F1xx_HAL_Driver/Src/stm32f1xx_hal_rcc.o
 .debug_frame   0x0000000000001224     0x11b8 ./Drivers/STM32F1xx_HAL_Driver/Src/stm32f1xx_hal_tim.o
 .debug_frame   0x00000000000023dc      0x638 ./Drivers/STM32F1xx_HAL_Driver/Src/stm32f1xx_hal_tim_ex.o
 .debug_frame   0x0000000000002a14      0x914 ./Drivers/STM32F1xx_HAL_Driver/Src/stm32f1xx_hal_uart.o
 .debug_frame   0x0000000000003328       0x2c e:/programs_installer/stm32cubeide_1.7.0/stm32cubeide/plugins/com.st.stm32cube.ide.mcu.externaltools.gnu-tools-for-stm32.9-2020-q2-update.win32_2.0.0.202105311346/tools/bin/../lib/gcc/arm-none-eabi/9.3.1/../../../../arm-none-eabi/lib/thumb/v7-m/nofp\libc_nano.a(lib_a-init.o)
 .debug_frame   0x0000000000003354       0x20 e:/programs_installer/stm32cubeide_1.7.0/stm32cubeide/plugins/com.st.stm32cube.ide.mcu.externaltools.gnu-tools-for-stm32.9-2020-q2-update.win32_2.0.0.202105311346/tools/bin/../lib/gcc/arm-none-eabi/9.3.1/../../../../arm-none-eabi/lib/thumb/v7-m/nofp\libc_nano.a(lib_a-memset.o)
